Component: ARM Compiler 5.06 update 6 (build 750) Tool: armlink [4d35ed]

==============================================================================

Section Cross References

    sl_main.o(i.main) refers to devinit.o(i.INIT_DeviceInit) for INIT_DeviceInit
    sl_main.o(i.main) refers to sample-cli-commands.o(i.vRegisterSampleCLICommands) for vRegisterSampleCLICommands
    sl_main.o(i.main) refers to tasks.o(i.xTaskCreate) for xTaskCreate
    sl_main.o(i.main) refers to tasks.o(i.vTaskStartScheduler) for vTaskStartScheduler
    sl_main.o(i.main) refers to sl_main.o(.data) for AppTask_Handle
    sl_main.o(i.main) refers to uarttomotor.o(i.AppUart_Motor) for AppUart_Motor
    sl_niv.o(i.SSP23_IIC_IRQHandler) refers to dbgtool.o(i.__ARM_common_switch8) for __ARM_common_switch8
    sl_niv.o(i.SSP23_IIC_IRQHandler) refers to sc32f58128_iic.o(i.I2C_deal) for I2C_deal
    sl_niv.o(i.SSP23_IIC_IRQHandler) refers to bsp_iic.o(.bss) for IICInfo
    sl_niv.o(i.SysTick_Handler_notuse) refers to timer4tick.o(.data) for g_u32SysTickNumb
    sl_niv.o(i.TIMER0_IRQHandler) refers to sl_niv.o(.data) for ulHighFrequencyTimerTicks
    sl_niv.o(i.TIMER0_IRQHandler) refers to sc32f58128_timer.o(.data) for TIMER
    mowerfsm.o(i.vMowerFSMCtrl) refers to sc32f58128_gpio.o(i.GPIO_SetLow) for GPIO_SetLow
    mowerfsm.o(i.vMowerFSMCtrl) refers to sc32f58128_gpio.o(i.GPIO_SetHigh) for GPIO_SetHigh
    mowerfsm.o(i.vMowerFSMCtrl) refers to aeabi_sdiv.o(.text) for __aeabi_idivmod
    mowerfsm.o(i.vMowerFSMCtrl) refers to sc32f58128_gpio.o(i.GPIO_Toggle) for GPIO_Toggle
    mowerfsm.o(i.vMowerFSMCtrl) refers to dflti.o(.text) for __aeabi_i2d
    mowerfsm.o(i.vMowerFSMCtrl) refers to drlef.o(x$fpl$drleqf) for __aeabi_cdrcmple
    mowerfsm.o(i.vMowerFSMCtrl) refers to mowerfsm.o(i.vServoPowenOnOff) for vServoPowenOnOff
    mowerfsm.o(i.vMowerFSMCtrl) refers to mowerfsm.o(i.vServoCtrlSeq) for vServoCtrlSeq
    mowerfsm.o(i.vMowerFSMCtrl) refers to dbgtool.o(i.__ARM_common_switch8) for __ARM_common_switch8
    mowerfsm.o(i.vMowerFSMCtrl) refers to mowerfsm.o(i.vStatusLowPower) for vStatusLowPower
    mowerfsm.o(i.vMowerFSMCtrl) refers to mowerfsm.o(i.vStatusCheckCurOffset) for vStatusCheckCurOffset
    mowerfsm.o(i.vMowerFSMCtrl) refers to mowerfsm.o(i.vStatusCheckBoundary) for vStatusCheckBoundary
    mowerfsm.o(i.vMowerFSMCtrl) refers to mowerfsm.o(i.vServoFaultClr) for vServoFaultClr
    mowerfsm.o(i.vMowerFSMCtrl) refers to motorspeedcalc.o(i.vWalkMotorLoad) for vWalkMotorLoad
    mowerfsm.o(i.vMowerFSMCtrl) refers to motorspeedcalc.o(i.vCutMotorLoad) for vCutMotorLoad
    mowerfsm.o(i.vMowerFSMCtrl) refers to rt_memclr.o(.text) for __aeabi_memclr4
    mowerfsm.o(i.vMowerFSMCtrl) refers to mowerfsm.o(i.vWalkMotorCtrl) for vWalkMotorCtrl
    mowerfsm.o(i.vMowerFSMCtrl) refers to sampleinfo.o(.bss) for strSampleInfo
    mowerfsm.o(i.vMowerFSMCtrl) refers to mowerfsm.o(.data) for u16OffTimeCount
    mowerfsm.o(i.vMowerFSMCtrl) refers to uarttopanel .o(.bss) for UartPanel
    mowerfsm.o(i.vMowerFSMCtrl) refers to fault.o(.bss) for strFault
    mowerfsm.o(i.vMowerFSMCtrl) refers to fault.o(.data) for strFaultFun
    mowerfsm.o(i.vMowerFSMCtrl) refers to qmi8658c_iic.o(.bss) for qmi_get_date
    mowerfsm.o(i.vMowerFSMCtrl) refers to boundary.o(.bss) for Boundary
    mowerfsm.o(i.vMowerFSMCtrl) refers to uarttomotor.o(.bss) for UartMotor
    mowerfsm.o(i.vMowerFSMInit) refers to rt_memclr.o(.text) for __aeabi_memclr4
    mowerfsm.o(i.vMowerFSMInit) refers to motorspeedcalc.o(i.vMotorSpeedCalcInit) for vMotorSpeedCalcInit
    mowerfsm.o(i.vMowerFSMInit) refers to mowerfsm.o(.bss) for MowerFSM
    mowerfsm.o(i.vMowerFSMInit) refers to motorspeedcalc.o(.bss) for MotorSpeedCalc
    mowerfsm.o(i.vMowerFSMInit) refers to uarttopanel .o(.bss) for UartPanel
    mowerfsm.o(i.vMowerFSMInit) refers to fault.o(.bss) for strFault
    mowerfsm.o(i.vMowerFSMInit) refers to uarttomotor.o(.bss) for UartMotor
    mowerfsm.o(i.vServoCtrlSeq) refers to mowerfsm.o(.data) for u8ServoEnableBak
    mowerfsm.o(i.vServoFaultClr) refers to mowerfsm.o(.data) for u8FaultRstBak
    mowerfsm.o(i.vServoFaultClr) refers to fault.o(.data) for strFaultFun
    mowerfsm.o(i.vStatusCheckBoundary) refers to mowerfsm.o(.data) for lu8Time
    mowerfsm.o(i.vStatusCheckBoundary) refers to fault.o(.data) for strFaultFun
    mowerfsm.o(i.vStatusCheckCurOffset) refers to sc32f58128_gpio.o(i.GPIO_SetHigh) for GPIO_SetHigh
    mowerfsm.o(i.vStatusCheckCurOffset) refers to fault.o(.data) for strFaultFun
    mowerfsm.o(i.vStatusLowPower) refers to sc32f58128_gpio.o(i.GPIO_SetHigh) for GPIO_SetHigh
    mowerfsm.o(i.vStatusLowPower) refers to mowerfsm.o(.data) for u16CountPowerOn
    mowerfsm.o(i.vStatusLowPower) refers to fault.o(.data) for strFaultFun
    mowerfsm.o(i.vWalkMotorCtrl) refers to motorspeedcalc.o(i.vStallCheck) for vStallCheck
    mowerfsm.o(i.vWalkMotorCtrl) refers to motorspeedcalc.o(i.vWalkMotorLoad) for vWalkMotorLoad
[...]
    prvQueryHeapCommand                      0x00003539   Thumb Code    44  sample-cli-commands.o(i.prvQueryHeapCommand)
    i.prvResetNextTaskUnblockTime            0x000035a4   Section        0  tasks.o(i.prvResetNextTaskUnblockTime)
    prvResetNextTaskUnblockTime              0x000035a5   Thumb Code    44  tasks.o(i.prvResetNextTaskUnblockTime)
    i.prvRunTimeStatsCommand                 0x000035d8   Section        0  sample-cli-commands.o(i.prvRunTimeStatsCommand)
    prvRunTimeStatsCommand                   0x000035d9   Thumb Code    78  sample-cli-commands.o(i.prvRunTimeStatsCommand)
    i.prvSampleTimeNow                       0x00003634   Section        0  timers.o(i.prvSampleTimeNow)
    prvSampleTimeNow                         0x00003635   Thumb Code    40  timers.o(i.prvSampleTimeNow)
    i.prvSwitchTimerLists                    0x00003660   Section        0  timers.o(i.prvSwitchTimerLists)
    prvSwitchTimerLists                      0x00003661   Thumb Code   140  timers.o(i.prvSwitchTimerLists)
    i.prvTaskCheckFreeStackSpace             0x000036f4   Section        0  tasks.o(i.prvTaskCheckFreeStackSpace)
    prvTaskCheckFreeStackSpace               0x000036f5   Thumb Code    22  tasks.o(i.prvTaskCheckFreeStackSpace)
    i.prvTaskExitError                       0x0000370c   Section        0  port.o(i.prvTaskExitError)
    prvTaskExitError                         0x0000370d   Thumb Code    32  port.o(i.prvTaskExitError)
    i.prvTaskStatsCommand                    0x00003730   Section        0  sample-cli-commands.o(i.prvTaskStatsCommand)
    prvTaskStatsCommand                      0x00003731   Thumb Code    78  sample-cli-commands.o(i.prvTaskStatsCommand)
    i.prvThreeParameterEchoCommand           0x0000378c   Section        0  sample-cli-commands.o(i.prvThreeParameterEchoCommand)
    prvThreeParameterEchoCommand             0x0000378d   Thumb Code   144  sample-cli-commands.o(i.prvThreeParameterEchoCommand)
    i.prvTimerTask                           0x0000384c   Section        0  timers.o(i.prvTimerTask)
    prvTimerTask                             0x0000384d   Thumb Code    26  timers.o(i.prvTimerTask)
    i.prvUnlockQueue                         0x00003866   Section        0  queue.o(i.prvUnlockQueue)
    prvUnlockQueue                           0x00003867   Thumb Code   164  queue.o(i.prvUnlockQueue)
    i.prvWriteNameToBuffer                   0x0000390a   Section        0  tasks.o(i.prvWriteNameToBuffer)
    prvWriteNameToBuffer                     0x0000390b   Thumb Code    42  tasks.o(i.prvWriteNameToBuffer)
    i.pvPortMalloc                           0x00003934   Section        0  heap_4.o(i.pvPortMalloc)
    i.pxPortInitialiseStack                  0x00003a78   Section        0  port.o(i.pxPortInitialiseStack)
    i.rsv1_IRQHandler                        0x00003a98   Section        0  sl_niv.o(i.rsv1_IRQHandler)
    i.u16Average                             0x00003a9a   Section        0  qmi8658c_iic.o(i.u16Average)
    u16Average                               0x00003a9b   Thumb Code   210  qmi8658c_iic.o(i.u16Average)
    i.u16RwI2cBus                            0x00003b6c   Section        0  bsp_iic.o(i.u16RwI2cBus)
    i.u16zero_check                          0x00003c04   Section        0  qmi8658c_iic.o(i.u16zero_check)
    u16zero_check                            0x00003c05   Thumb Code    24  qmi8658c_iic.o(i.u16zero_check)
    i.uxListRemove                           0x00003c1c   Section        0  list.o(i.uxListRemove)
    i.uxTaskGetSystemState                   0x00003c44   Section        0  tasks.o(i.uxTaskGetSystemState)
    i.vACKLoad                               0x00003cec   Section        0  uarttomotor.o(i.vACKLoad)
    i.vI2CQMI6858C_Init                      0x00003cf0   Section        0  qmi8658c_iic.o(i.vI2CQMI6858C_Init)
    i.vI2CQMI_GetData                        0x00003da4   Section        0  qmi8658c_iic.o(i.vI2CQMI_GetData)
    i.vListInitialise                        0x00003ea8   Section        0  list.o(i.vListInitialise)
    i.vListInitialiseItem                    0x00003ec2   Section        0  list.o(i.vListInitialiseItem)
    i.vListInsert                            0x00003ec8   Section        0  list.o(i.vListInsert)
    i.vListInsertEnd                         0x00003efe   Section        0  list.o(i.vListInsertEnd)
    i.vPortEnterCritical                     0x00003f18   Section        0  port.o(i.vPortEnterCritical)
    i.vPortExitCritical                      0x00003f34   Section        0  port.o(i.vPortExitCritical)
    i.vPortFree                              0x00003f5c   Section        0  heap_4.o(i.vPortFree)
    i.vPortSetupTimerInterrupt               0x00003fec   Section        0  port.o(i.vPortSetupTimerInterrupt)
    i.vPortYield                             0x00004018   Section        0  port.o(i.vPortYield)
    i.vQMI_GetnData                          0x00004030   Section        0  qmi8658c_iic.o(i.vQMI_GetnData)
    vQMI_GetnData                            0x00004031   Thumb Code   348  qmi8658c_iic.o(i.vQMI_GetnData)
    i.vQueueAddToRegistry                    0x000041a8   Section        0  queue.o(i.vQueueAddToRegistry)
    i.vQueueWaitForMessageRestricted         0x000041d4   Section        0  queue.o(i.vQueueWaitForMessageRestricted)
    i.vRegisterSampleCLICommands             0x00004220   Section        0  sample-cli-commands.o(i.vRegisterSampleCLICommands)
    i.vRw_IIC                                0x00004258   Section        0  bsp_iic.o(i.vRw_IIC)
    i.vTaskGetInfo                           0x000042b0   Section        0  tasks.o(i.vTaskGetInfo)
    i.vTaskGetRunTimeStats                   0x00004334   Section        0  tasks.o(i.vTaskGetRunTimeStats)
    i.vTaskInternalSetTimeOutState           0x000043f4   Section        0  tasks.o(i.vTaskInternalSetTimeOutState)
    i.vTaskList                              0x0000440c   Section        0  tasks.o(i.vTaskList)
    i.vTaskMissedYield                       0x000044dc   Section        0  tasks.o(i.vTaskMissedYield)
    i.vTaskPlaceOnEventList                  0x000044e8   Section        0  tasks.o(i.vTaskPlaceOnEventList)
    i.vTaskPlaceOnEventListRestricted        0x00004514   Section        0  tasks.o(i.vTaskPlaceOnEventListRestricted)
    i.vTaskStartScheduler                    0x00004548   Section        0  tasks.o(i.vTaskStartScheduler)
    i.vTaskSuspendAll                        0x000045d0   Section        0  tasks.o(i.vTaskSuspendAll)
    i.vTaskSwitchContext                     0x000045e0   Section        0  tasks.o(i.vTaskSwitchContext)
    i.vUartClearFault                        0x000046a0   Section        0  uarttomotor.o(i.vUartClearFault)
    i.vUartMotorDeal                         0x000046a2   Section        0  uarttomotor.o(i.vUartMotorDeal)
    i.vUartMotorInit                         0x000046a4   Section        0  uarttomotor.o(i.vUartMotorInit)
    i.vUartMotorLoad                         0x000046a6   Section        0  uarttomotor.o(i.vUartMotorLoad)
    i.vUartReceive                           0x000046a8   Section        0  uarttomotor.o(i.vUartReceive)
    i.vUartSend                              0x000046aa   Section        0  uarttomotor.o(i.vUartSend)
    i.xPortGetFreeHeapSize                   0x000046ac   Section        0  heap_4.o(i.xPortGetFreeHeapSize)
    i.xPortGetMinimumEverFreeHeapSize        0x000046b8   Section        0  heap_4.o(i.xPortGetMinimumEverFreeHeapSize)
    i.xPortStartScheduler                    0x000046c4   Section        0  port.o(i.xPortStartScheduler)
    i.xQueueGenericCreate                    0x000046fc   Section        0  queue.o(i.xQueueGenericCreate)
    i.xQueueGenericReset                     0x00004780   Section        0  queue.o(i.xQueueGenericReset)
    i.xQueueGenericSend                      0x00004802   Section        0  queue.o(i.xQueueGenericSend)
    i.xQueueGenericSendFromISR               0x00004980   Section        0  queue.o(i.xQueueGenericSendFromISR)
    i.xQueueReceive                          0x00004a74   Section        0  queue.o(i.xQueueReceive)
    i.xTaskCheckForTimeOut                   0x00004bac   Section        0  tasks.o(i.xTaskCheckForTimeOut)
    i.xTaskCreate                            0x00004c24   Section        0  tasks.o(i.xTaskCreate)
    i.xTaskGetSchedulerState                 0x00004c80   Section        0  tasks.o(i.xTaskGetSchedulerState)
    i.xTaskGetTickCount                      0x00004ca4   Section        0  tasks.o(i.xTaskGetTickCount)
    i.xTaskIncrementTick                     0x00004cb0   Section        0  tasks.o(i.xTaskIncrementTick)
    i.xTaskPriorityDisinherit                0x00004dec   Section        0  tasks.o(i.xTaskPriorityDisinherit)
    i.xTaskRemoveFromEventList               0x00004e74   Section        0  tasks.o(i.xTaskRemoveFromEventList)
    i.xTaskResumeAll                         0x00004efc   Section        0  tasks.o(i.xTaskResumeAll)
    i.xTimerCreateTimerTask                  0x00004fec   Section        0  timers.o(i.xTimerCreateTimerTask)
    i.xTimerGenericCommand                   0x00005034   Section        0  timers.o(i.xTimerGenericCommand)
    .constdata                               0x000050a8   Section       16  freertos_cli.o(.constdata)
    xHelpCommand                             0x000050a8   Data          16  freertos_cli.o(.constdata)
    .constdata                               0x000050b8   Section       80  sample-cli-commands.o(.constdata)
    xTaskStats                               0x000050b8   Data          16  sample-cli-commands.o(.constdata)
    xThreeParameterEcho                      0x000050c8   Data          16  sample-cli-commands.o(.constdata)
    xParameterEcho                           0x000050d8   Data          16  sample-cli-commands.o(.constdata)
    xRunTimeStats                            0x000050e8   Data          16  sample-cli-commands.o(.constdata)
    xQueryHeap                               0x000050f8   Data          16  sample-cli-commands.o(.constdata)
    .conststring                             0x00005108   Section       53  freertos_cli.o(.conststring)
    .conststring                             0x00005140   Section      675  sample-cli-commands.o(.conststring)
    .data                                    0x20000000   Section        4  sl_main.o(.data)
    AppTask_Handle                           0x20000000   Data           4  sl_main.o(.data)
    .data                                    0x20000004   Section        5  sl_niv.o(.data)
    NackNum                                  0x20000008   Data           1  sl_niv.o(.data)
    .data                                    0x2000000c   Section       50  uarttomotor.o(.data)
    u8UartSendCnt                            0x2000003c   Data           2  uarttomotor.o(.data)
    .data                                    0x20000040   Section       14  qmi8658c_iic.o(.data)
    i                                        0x20000048   Data           1  qmi8658c_iic.o(.data)
    j                                        0x20000049   Data           1  qmi8658c_iic.o(.data)
    get_flag                                 0x2000004a   Data           1  qmi8658c_iic.o(.data)
    i                                        0x2000004b   Data           1  qmi8658c_iic.o(.data)
    j                                        0x2000004c   Data           1  qmi8658c_iic.o(.data)
    zerodata_flag                            0x2000004d   Data           1  qmi8658c_iic.o(.data)
    .data                                    0x2000004e   Section        1  f_uart0.o(.data)
    .data                                    0x20000050   Section       72  tasks.o(.data)
    pxDelayedTaskList                        0x20000054   Data           4  tasks.o(.data)
    pxOverflowDelayedTaskList                0x20000058   Data           4  tasks.o(.data)
    uxDeletedTasksWaitingCleanUp             0x2000005c   Data           4  tasks.o(.data)
    uxCurrentNumberOfTasks                   0x20000060   Data           4  tasks.o(.data)
    xTickCount                               0x20000064   Data           4  tasks.o(.data)
    uxTopReadyPriority                       0x20000068   Data           4  tasks.o(.data)
    xSchedulerRunning                        0x2000006c   Data           4  tasks.o(.data)
    xPendedTicks                             0x20000070   Data           4  tasks.o(.data)
    xYieldPending                            0x20000074   Data           4  tasks.o(.data)
    xNumOfOverflows                          0x20000078   Data           4  tasks.o(.data)
    uxTaskNumber                             0x2000007c   Data           4  tasks.o(.data)
    xNextTaskUnblockTime                     0x20000080   Data           4  tasks.o(.data)
    xIdleTaskHandle                          0x20000084   Data           4  tasks.o(.data)
    uxSchedulerSuspended                     0x2000008c   Data           4  tasks.o(.data)
    ulTaskSwitchedInTime                     0x20000090   Data           4  tasks.o(.data)
    ulTotalRunTime                           0x20000094   Data           4  tasks.o(.data)
    .data                                    0x20000098   Section       20  timers.o(.data)
    pxCurrentTimerList                       0x20000098   Data           4  timers.o(.data)
    pxOverflowTimerList                      0x2000009c   Data           4  timers.o(.data)
    xTimerQueue                              0x200000a0   Data           4  timers.o(.data)
    xTimerTaskHandle                         0x200000a4   Data           4  timers.o(.data)
    xLastTime                                0x200000a8   Data           4  timers.o(.data)
    .data                                    0x200000ac   Section        4  port.o(.data)
    uxCriticalNesting                        0x200000ac   Data           4  port.o(.data)
    .data                                    0x200000b0   Section       32  heap_4.o(.data)
    xStart                                   0x200000b0   Data           8  heap_4.o(.data)
    pxEnd                                    0x200000b8   Data           4  heap_4.o(.data)
    xFreeBytesRemaining                      0x200000bc   Data           4  heap_4.o(.data)
    xMinimumEverFreeBytesRemaining           0x200000c0   Data           4  heap_4.o(.data)
    xNumberOfSuccessfulAllocations           0x200000c4   Data           4  heap_4.o(.data)
    xNumberOfSuccessfulFrees                 0x200000c8   Data           4  heap_4.o(.data)
    xBlockAllocatedBit                       0x200000cc   Data           4  heap_4.o(.data)
    .data                                    0x200000d0   Section       20  freertos_cli.o(.data)
    xRegisteredCommands                      0x200000d0   Data           8  freertos_cli.o(.data)
    pxLastCommandInList                      0x200000d8   Data           4  freertos_cli.o(.data)
    pxCommand                                0x200000dc   Data           4  freertos_cli.o(.data)
    pxCommand                                0x200000e0   Data           4  freertos_cli.o(.data)
    .data                                    0x200000e4   Section        8  sample-cli-commands.o(.data)
    uxParameterNumber                        0x200000e4   Data           4  sample-cli-commands.o(.data)
    uxParameterNumber                        0x200000e8   Data           4  sample-cli-commands.o(.data)
    .data                                    0x200000ec   Section       28  system_sc32f58128.o(.data)
    .data                                    0x20000108   Section       52  sc32f58128_pwm.o(.data)
    .data                                    0x2000013c   Section       12  sc32f58128_timer.o(.data)
    .data                                    0x20000148   Section       12  sc32f58128_uart.o(.data)
    .bss                                     0x20000154   Section      156  qmi8658c_iic.o(.bss)
    mqi_buff                                 0x200001d8   Data          24  qmi8658c_iic.o(.bss)
    .bss                                     0x200001f0   Section      488  f_uart0.o(.bss)
    .bss                                     0x200003d8   Section      172  bsp_iic.o(.bss)
    .bss                                     0x20000484   Section       64  queue.o(.bss)
    .bss                                     0x200004c4   Section      200  tasks.o(.bss)
    pxReadyTasksLists                        0x200004c4   Data         100  tasks.o(.bss)
    xDelayedTaskList1                        0x20000528   Data          20  tasks.o(.bss)
    xDelayedTaskList2                        0x2000053c   Data          20  tasks.o(.bss)
    xPendingReadyList                        0x20000550   Data          20  tasks.o(.bss)
    xTasksWaitingTermination                 0x20000564   Data          20  tasks.o(.bss)
    xSuspendedTaskList                       0x20000578   Data          20  tasks.o(.bss)
    .bss                                     0x2000058c   Section       40  timers.o(.bss)
    xActiveTimerList1                        0x2000058c   Data          20  timers.o(.bss)
    xActiveTimerList2                        0x200005a0   Data          20  timers.o(.bss)
    .bss                                     0x200005b4   Section    25600  heap_4.o(.bss)
    ucHeap                                   0x200005b4   Data       25600  heap_4.o(.bss)
    .bss                                     0x200069b4   Section       96  libspace.o(.bss)
    HEAP                                     0x20006a18   Section      256  startup_sc32f58128.o(HEAP)
    Heap_Mem                                 0x20006a18   Data         256  startup_sc32f58128.o(HEAP)
    STACK                                    0x20006b18   Section      768  startup_sc32f58128.o(STACK)
    Stack_Mem                                0x20006b18   Data         768  startup_sc32f58128.o(STACK)
    __initial_sp                             0x20006e18   Data           0  startup_sc32f58128.o(STACK)

    Global Symbols

    Symbol Name                              Value     Ov Type        Size  Object(Section)

    BuildAttributes$$THM_ISAv3M$S$PE$A:L22$X:L11$S22$IEEE1$IW$USESV6$~STKCKD$USESV7$~SHL$OSPACE$ROPI$EBA8$UX$STANDARDLIB$REQ8$PRES8$EABIv2 0x00000000   Number         0  anon$$obj.o ABSOLUTE
    __ARM_use_no_argv                        0x00000000   Number         0  sl_main.o ABSOLUTE
    __Vectors                                0x00000000   Data           4  startup_sc32f58128.o(RESET)
    __ARM_exceptions_init                     - Undefined Weak Reference
    __alloca_initialize                       - Undefined Weak Reference
    __arm_preinit_                            - Undefined Weak Reference
    __cpp_initialize__aeabi_                  - Undefined Weak Reference
    __cxa_finalize                            - Undefined Weak Reference
    __rt_locale                               - Undefined Weak Reference
    __sigvec_lookup                           - Undefined Weak Reference
    _atexit_init                              - Undefined Weak Reference
    _call_atexit_fns                          - Undefined Weak Reference
    _clock_init                               - Undefined Weak Reference
    _fp_trap_init                             - Undefined Weak Reference
    _fp_trap_shutdown                         - Undefined Weak Reference
    _get_lc_collate                           - Undefined Weak Reference
    _get_lc_ctype                             - Undefined Weak Reference
    _get_lc_monetary                          - Undefined Weak Reference
    _get_lc_numeric                           - Undefined Weak Reference
    _get_lc_time                              - Undefined Weak Reference
    _getenv_init                              - Undefined Weak Reference
    _handle_redirection                       - Undefined Weak Reference
    _init_alloc                               - Undefined Weak Reference
    _init_user_alloc                          - Undefined Weak Reference
    _initio                                   - Undefined Weak Reference
    _printf_mbtowc                            - Undefined Weak Reference
    _printf_post_padding                      - Undefined Weak Reference
    _printf_pre_padding                       - Undefined Weak Reference
    _printf_truncate_signed                   - Undefined Weak Reference
    _printf_truncate_unsigned                 - Undefined Weak Reference
    _rand_init                                - Undefined Weak Reference
    _signal_finish                            - Undefined Weak Reference
    _signal_init                              - Undefined Weak Reference
    _terminate_alloc                          - Undefined Weak Reference
    _terminate_user_alloc                     - Undefined Weak Reference
    _terminateio                              - Undefined Weak Reference
    __Vectors_End                            0x000000c0   Data           0  startup_sc32f58128.o(RESET)
    __Vectors_Size                           0x000000c0   Number         0  startup_sc32f58128.o ABSOLUTE
    __main                                   0x000000c1   Thumb Code     8  __main.o(!!!main)
    __scatterload                            0x000000c9   Thumb Code     0  __scatter.o(!!!scatter)
    __scatterload_rt2                        0x000000c9   Thumb Code    52  __scatter.o(!!!scatter)
    __scatterload_rt2_thumb_only             0x000000c9   Thumb Code     0  __scatter.o(!!!scatter)
    __scatterload_null                       0x000000d9   Thumb Code     0  __scatter.o(!!!scatter)
    __scatterload_zeroinit                   0x00000105   Thumb Code    28  __scatter_zi.o(!!handler_zi)
    _printf_percent                          0x00000121   Thumb Code     0  _printf_percent.o(.ARM.Collect$$_printf_percent$$00000000)
    _printf_d                                0x00000123   Thumb Code     0  _printf_d.o(.ARM.Collect$$_printf_percent$$00000009)
    _printf_u                                0x0000012d   Thumb Code     0  _printf_u.o(.ARM.Collect$$_printf_percent$$0000000A)
    _printf_c                                0x00000137   Thumb Code     0  _printf_c.o(.ARM.Collect$$_printf_percent$$00000013)
    _printf_percent_end                      0x00000141   Thumb Code     0  _printf_percent_end.o(.ARM.Collect$$_printf_percent$$00000017)
    __rt_lib_init                            0x00000145   Thumb Code     0  libinit.o(.ARM.Collect$$libinit$$00000000)
    __rt_lib_init_alloca_1                   0x00000147   Thumb Code     0  libinit2.o(.ARM.Collect$$libinit$$0000002E)
    __rt_lib_init_argv_1                     0x00000147   Thumb Code     0  libinit2.o(.ARM.Collect$$libinit$$0000002C)
    __rt_lib_init_atexit_1                   0x00000147   Thumb Code     0  libinit2.o(.ARM.Collect$$libinit$$0000001B)
    __rt_lib_init_clock_1                    0x00000147   Thumb Code     0  libinit2.o(.ARM.Collect$$libinit$$00000021)
    __rt_lib_init_cpp_1                      0x00000147   Thumb Code     0  libinit2.o(.ARM.Collect$$libinit$$00000032)
    __rt_lib_init_exceptions_1               0x00000147   Thumb Code     0  libinit2.o(.ARM.Collect$$libinit$$00000030)
    __rt_lib_init_fp_1                       0x00000147   Thumb Code     0  libinit2.o(.ARM.Collect$$libinit$$00000002)
    __rt_lib_init_fp_trap_1                  0x00000147   Thumb Code     0  libinit2.o(.ARM.Collect$$libinit$$0000001F)
    __rt_lib_init_getenv_1                   0x00000147   Thumb Code     0  libinit2.o(.ARM.Collect$$libinit$$00000023)
    __rt_lib_init_heap_1                     0x00000147   Thumb Code     0  libinit2.o(.ARM.Collect$$libinit$$0000000A)
    __rt_lib_init_lc_collate_1               0x00000147   Thumb Code     0  libinit2.o(.ARM.Collect$$libinit$$00000011)
    __rt_lib_init_lc_ctype_1                 0x00000147   Thumb Code     0  libinit2.o(.ARM.Collect$$libinit$$00000013)
    __rt_lib_init_lc_monetary_1              0x00000147   Thumb Code     0  libinit2.o(.ARM.Collect$$libinit$$00000015)
    __rt_lib_init_lc_numeric_1               0x00000147   Thumb Code     0  libinit2.o(.ARM.Collect$$libinit$$00000017)
    __rt_lib_init_lc_time_1                  0x00000147   Thumb Code     0  libinit2.o(.ARM.Collect$$libinit$$00000019)
    __rt_lib_init_preinit_1                  0x00000147   Thumb Code     0  libinit2.o(.ARM.Collect$$libinit$$00000004)
    __rt_lib_init_rand_1                     0x00000147   Thumb Code     0  libinit2.o(.ARM.Collect$$libinit$$0000000E)
    __rt_lib_init_return                     0x00000147   Thumb Code     0  libinit2.o(.ARM.Collect$$libinit$$00000033)
    __rt_lib_init_signal_1                   0x00000147   Thumb Code     0  libinit2.o(.ARM.Collect$$libinit$$0000001D)
    __rt_lib_init_stdio_1                    0x00000147   Thumb Code     0  libinit2.o(.ARM.Collect$$libinit$$00000025)
    __rt_lib_init_user_alloc_1               0x00000147   Thumb Code     0  libinit2.o(.ARM.Collect$$libinit$$0000000C)
    __rt_lib_shutdown                        0x00000149   Thumb Code     0  libshutdown.o(.ARM.Collect$$libshutdown$$00000000)
    __rt_lib_shutdown_cpp_1                  0x0000014b   Thumb Code     0  libshutdown2.o(.ARM.Collect$$libshutdown$$00000002)
    __rt_lib_shutdown_fp_trap_1              0x0000014b   Thumb Code     0  libshutdown2.o(.ARM.Collect$$libshutdown$$00000007)
    __rt_lib_shutdown_heap_1                 0x0000014b   Thumb Code     0  libshutdown2.o(.ARM.Collect$$libshutdown$$0000000F)
    __rt_lib_shutdown_return                 0x0000014b   Thumb Code     0  libshutdown2.o(.ARM.Collect$$libshutdown$$00000010)
    __rt_lib_shutdown_signal_1               0x0000014b   Thumb Code     0  libshutdown2.o(.ARM.Collect$$libshutdown$$0000000A)
    __rt_lib_shutdown_stdio_1                0x0000014b   Thumb Code     0  libshutdown2.o(.ARM.Collect$$libshutdown$$00000004)
    __rt_lib_shutdown_user_alloc_1           0x0000014b   Thumb Code     0  libshutdown2.o(.ARM.Collect$$libshutdown$$0000000C)
    __rt_entry                               0x0000014d   Thumb Code     0  __rtentry.o(.ARM.Collect$$rtentry$$00000000)
    __rt_entry_presh_1                       0x0000014d   Thumb Code     0  __rtentry2.o(.ARM.Collect$$rtentry$$00000002)
    __rt_entry_sh                            0x0000014d   Thumb Code     0  __rtentry4.o(.ARM.Collect$$rtentry$$00000004)
    __rt_entry_li                            0x00000153   Thumb Code     0  __rtentry2.o(.ARM.Collect$$rtentry$$0000000A)
    __rt_entry_postsh_1                      0x00000153   Thumb Code     0  __rtentry2.o(.ARM.Collect$$rtentry$$00000009)
    __rt_entry_main                          0x00000157   Thumb Code     0  __rtentry2.o(.ARM.Collect$$rtentry$$0000000D)
    __rt_entry_postli_1                      0x00000157   Thumb Code     0  __rtentry2.o(.ARM.Collect$$rtentry$$0000000C)
    __rt_exit                                0x0000015f   Thumb Code     0  rtexit.o(.ARM.Collect$$rtexit$$00000000)
    __rt_exit_ls                             0x00000161   Thumb Code     0  rtexit2.o(.ARM.Collect$$rtexit$$00000003)
    __rt_exit_prels_1                        0x00000161   Thumb Code     0  rtexit2.o(.ARM.Collect$$rtexit$$00000002)
    __rt_exit_exit                           0x00000165   Thumb Code     0  rtexit2.o(.ARM.Collect$$rtexit$$00000004)
    __asm___6_port_c_39a90d8d__prvPortStartFirstTask 0x0000016d   Thumb Code    36  port.o(.emb_text)
    ulSetInterruptMaskFromISR                0x00000195   Thumb Code     8  port.o(.emb_text)
    vClearInterruptMaskFromISR               0x0000019d   Thumb Code     6  port.o(.emb_text)
    PendSV_Handler                           0x000001a3   Thumb Code    62  port.o(.emb_text)
    __aeabi_memcpy4                          0x000001e5   Thumb Code    56  rt_memcpy.o(.emb_text)
    __aeabi_memcpy8                          0x000001e5   Thumb Code     0  rt_memcpy.o(.emb_text)
    Reset_Handler                            0x0000021d   Thumb Code    62  startup_sc32f58128.o(.text)
    __user_initial_stackheap                 0x00000269   Thumb Code    10  startup_sc32f58128.o(.text)
    __aeabi_uldivmod                         0x000002b9   Thumb Code   258  lludiv.o(.text)
    _ll_udiv                                 0x000002b9   Thumb Code     0  lludiv.o(.text)
    __2sprintf                               0x000003bd   Thumb Code    36  noretval__2sprintf.o(.text)
    __printf                                 0x000003e5   Thumb Code   108  __printf.o(.text)
    _printf_str                              0x00000451   Thumb Code    82  _printf_str.o(.text)
    _printf_int_dec                          0x000004a5   Thumb Code    90  _printf_dec.o(.text)
    strncat                                  0x00000511   Thumb Code    36  strncat.o(.text)
    strcpy                                   0x00000535   Thumb Code    70  strcpy.o(.text)
    strlen                                   0x00000581   Thumb Code    62  strlen.o(.text)
    __aeabi_memcpy                           0x000005c5   Thumb Code   130  rt_memcpy.o(.text)
    __rt_memcpy                              0x000005c5   Thumb Code     0  rt_memcpy.o(.text)
    __aeabi_memset                           0x00000647   Thumb Code    18  aeabi_memset.o(.text)
    _memset_w                                0x00000659   Thumb Code    26  rt_memclr.o(.text)
    _memset                                  0x00000673   Thumb Code    30  rt_memclr.o(.text)
    __aeabi_memclr                           0x00000691   Thumb Code     4  rt_memclr.o(.text)
    __rt_memclr                              0x00000691   Thumb Code     0  rt_memclr.o(.text)
    __aeabi_memclr4                          0x00000695   Thumb Code     0  rt_memclr.o(.text)
    __aeabi_memclr8                          0x00000695   Thumb Code     0  rt_memclr.o(.text)
    __rt_memclr_w                            0x00000695   Thumb Code     4  rt_memclr.o(.text)
    strncpy                                  0x00000699   Thumb Code   104  strncpy.o(.text)
    __aeabi_uidiv                            0x00000705   Thumb Code     0  aeabi_sdiv.o(.text)
    __aeabi_uidivmod                         0x00000705   Thumb Code    20  aeabi_sdiv.o(.text)
    __aeabi_idiv                             0x00000719   Thumb Code     0  aeabi_sdiv.o(.text)
    __aeabi_idivmod                          0x00000719   Thumb Code   326  aeabi_sdiv.o(.text)
    __use_two_region_memory                  0x0000085f   Thumb Code     2  heapauxi.o(.text)
    __rt_heap_escrow$2region                 0x00000861   Thumb Code     2  heapauxi.o(.text)
    __rt_heap_expand$2region                 0x00000863   Thumb Code     2  heapauxi.o(.text)
    _printf_int_common                       0x00000865   Thumb Code   176  _printf_intcommon.o(.text)
    _printf_char_common                      0x0000091f   Thumb Code    32  _printf_char_common.o(.text)
    _sputc                                   0x00000945   Thumb Code    10  _sputc.o(.text)
    _printf_cs_common                        0x0000094f   Thumb Code    22  _printf_char.o(.text)
    _printf_char                             0x00000965   Thumb Code    16  _printf_char.o(.text)
    _printf_string                           0x00000975   Thumb Code     8  _printf_char.o(.text)
    __rt_udiv10                              0x0000097d   Thumb Code    40  rtudiv10.o(.text)
    __user_setup_stackheap                   0x000009a5   Thumb Code    62  sys_stackheap_outer.o(.text)
    exit                                     0x000009e3   Thumb Code    16  exit.o(.text)
    __user_libspace                          0x000009f5   Thumb Code     8  libspace.o(.text)
    __user_perproc_libspace                  0x000009f5   Thumb Code     0  libspace.o(.text)
    __user_perthread_libspace                0x000009f5   Thumb Code     0  libspace.o(.text)
    _sys_exit                                0x000009fd   Thumb Code     8  sys_exit.o(.text)
    __I$use$semihosting                      0x00000a09   Thumb Code     0  use_no_semi.o(.text)
    __use_no_semihosting_swi                 0x00000a09   Thumb Code     2  use_no_semi.o(.text)
    __decompress                             0x00000a0b   Thumb Code     0  __dczerorl2.o(.text)
    __decompress1                            0x00000a0b   Thumb Code    86  __dczerorl2.o(.text)
    __semihosting_library_function           0x00000a0b   Thumb Code     0  indicate_semi.o(.text)
    ADC1_IRQHandler                          0x00000a61   Thumb Code    28  sl_niv.o(i.ADC1_IRQHandler)
    ADC2_IRQHandler                          0x00000a81   Thumb Code     2  sl_niv.o(i.ADC2_IRQHandler)
    ADC3_IRQHandler                          0x00000a83   Thumb Code     2  sl_niv.o(i.ADC3_IRQHandler)
    ADC_IRQHandler                           0x00000a85   Thumb Code     2  sl_niv.o(i.ADC_IRQHandler)
    AD_PIN_SEL                               0x00000a87   Thumb Code    84  bsp_adc.o(i.AD_PIN_SEL)
    AdcInit                                  0x00000add   Thumb Code   414  sc32f58128_adc.o(i.AdcInit)
    AppUart_Motor                            0x00000ca1   Thumb Code   212  uarttomotor.o(i.AppUart_Motor)
    BSP_AdcInit                              0x00000d8d   Thumb Code   284  bsp_adc.o(i.BSP_AdcInit)
    BSP_GpioInit                             0x00000ed1   Thumb Code    58  bsp_gpio.o(i.BSP_GpioInit)
    BSP_I2cInit                              0x00000f0d   Thumb Code    98  bsp_iic.o(i.BSP_I2cInit)
    BSP_I2cStart                             0x00000f7d   Thumb Code    16  bsp_iic.o(i.BSP_I2cStart)
    BSP_IsI2cReady                           0x00000f91   Thumb Code    18  bsp_iic.o(i.BSP_IsI2cReady)
    BSP_PwmInit                              0x00000fa9   Thumb Code    52  bsp_pwm.o(i.BSP_PwmInit)
    BSP_UartInit                             0x00000fdd   Thumb Code   128  bsp_uart.o(i.BSP_UartInit)
    CAN_IRQHandler                           0x00001065   Thumb Code     2  sl_niv.o(i.CAN_IRQHandler)
    COPROC_IRQHandler                        0x00001067   Thumb Code     2  sl_niv.o(i.COPROC_IRQHandler)
    ClearUartSendData                        0x00001069   Thumb Code    20  f_uart0.o(i.ClearUartSendData)
    DMA_IRQHandler                           0x00001081   Thumb Code     2  sl_niv.o(i.DMA_IRQHandler)
    ECAP0_IRQHandler                         0x00001083   Thumb Code     2  sl_niv.o(i.ECAP0_IRQHandler)
    ECAP1_IRQHandler                         0x00001085   Thumb Code     2  sl_niv.o(i.ECAP1_IRQHandler)
    ECAP2_IRQHandler                         0x00001087   Thumb Code     2  sl_niv.o(i.ECAP2_IRQHandler)
    EQEP0_IRQHandler                         0x00001089   Thumb Code     2  sl_niv.o(i.EQEP0_IRQHandler)
    EQEP1_IRQHandler                         0x0000108b   Thumb Code     2  sl_niv.o(i.EQEP1_IRQHandler)
    ERU0_IRQHandler                          0x0000108d   Thumb Code     2  sl_niv.o(i.ERU0_IRQHandler)
    ERU1_IRQHandler                          0x0000108f   Thumb Code     2  sl_niv.o(i.ERU1_IRQHandler)
    ERU2_IRQHandler                          0x00001091   Thumb Code     2  sl_niv.o(i.ERU2_IRQHandler)
    ERU3_IRQHandler                          0x00001093   Thumb Code     2  sl_niv.o(i.ERU3_IRQHandler)
    FreeRTOS_CLIGetParameter                 0x00001095   Thumb Code   102  freertos_cli.o(i.FreeRTOS_CLIGetParameter)
    FreeRTOS_CLIRegisterCommand              0x000010fd   Thumb Code    68  freertos_cli.o(i.FreeRTOS_CLIRegisterCommand)
    GPIO_IRQHandler                          0x00001145   Thumb Code     2  sl_niv.o(i.GPIO_IRQHandler)
    GPIO_ModeSel                             0x00001149   Thumb Code    96  sc32f58128_gpio.o(i.GPIO_ModeSel)
    GPIO_MuxSel                              0x000011c1   Thumb Code    98  sc32f58128_gpio.o(i.GPIO_MuxSel)
    GPIO_OutputEnable                        0x00001239   Thumb Code    38  sc32f58128_gpio.o(i.GPIO_OutputEnable)
    GPIO_PullUpDownSel                       0x00001261   Thumb Code   100  sc32f58128_gpio.o(i.GPIO_PullUpDownSel)
    GPIO_SetHigh                             0x000012d9   Thumb Code    32  sc32f58128_gpio.o(i.GPIO_SetHigh)
    GPIO_SetLow                              0x000012f9   Thumb Code    32  sc32f58128_gpio.o(i.GPIO_SetLow)
    HardFault_Handler                        0x00001319   Thumb Code     4  sl_niv.o(i.HardFault_Handler)
    I2C_Init                                 0x0000131d   Thumb Code    26  sc32f58128_iic.o(i.I2C_Init)
    I2C_SetCR                                0x0000133d   Thumb Code    12  sc32f58128_iic.o(i.I2C_SetCR)
    I2C_deal                                 0x00001351   Thumb Code   154  sc32f58128_iic.o(i.I2C_deal)
    INIT_DeviceInit                          0x000013f1   Thumb Code    16  devinit.o(i.INIT_DeviceInit)
    McuUart0Read                             0x00001401   Thumb Code   238  f_uart0.o(i.McuUart0Read)
    McuUart0deal                             0x000014f9   Thumb Code   112  f_uart0.o(i.McuUart0deal)
    NMI_Handler                              0x0000156d   Thumb Code     2  sl_niv.o(i.NMI_Handler)
    NVR_ReadPage                             0x00001571   Thumb Code   296  sc32f58128_iap.o(i.NVR_ReadPage)
    PWM0_IRQHandler                          0x000016a9   Thumb Code     2  sl_niv.o(i.PWM0_IRQHandler)
    PWM1256_IRQHandler                       0x000016ab   Thumb Code     2  sl_niv.o(i.PWM1256_IRQHandler)
    PWM3_IRQHandler                          0x000016ad   Thumb Code     2  sl_niv.o(i.PWM3_IRQHandler)
    PWM4_IRQHandler                          0x000016af   Thumb Code     2  sl_niv.o(i.PWM4_IRQHandler)
    PWM7_IRQHandler                          0x000016b1   Thumb Code     2  sl_niv.o(i.PWM7_IRQHandler)
    PWM_CFG                                  0x000016b5   Thumb Code   436  bsp_pwm.o(i.PWM_CFG)
    PWM_Duty_CFG                             0x0000186d   Thumb Code    14  bsp_pwm.o(i.PWM_Duty_CFG)
    PWM_INT_CFG                              0x00001889   Thumb Code    82  bsp_pwm.o(i.PWM_INT_CFG)
    PWM_PIN_SEL                              0x000018e1   Thumb Code     2  bsp_pwm.o(i.PWM_PIN_SEL)
    PWM_START                                0x000018e5   Thumb Code    70  bsp_pwm.o(i.PWM_START)
    SSP01_IRQHandler                         0x00001945   Thumb Code     2  sl_niv.o(i.SSP01_IRQHandler)
    SSP23_IIC_IRQHandler                     0x00001949   Thumb Code   694  sl_niv.o(i.SSP23_IIC_IRQHandler)
    SVC_Handler                              0x00001c0d   Thumb Code     2  port.o(i.SVC_Handler)
    SYS_IRQHandler                           0x00001c0f   Thumb Code     2  sl_niv.o(i.SYS_IRQHandler)
    SummationCheck                           0x00001c11   Thumb Code    34  f_uart0.o(i.SummationCheck)
    SysClkDivSel                             0x00001c35   Thumb Code    58  sc32f58128_sysclkcfg.o(i.SysClkDivSel)
    SysClockConfig                           0x00001c79   Thumb Code   518  sc32f58128_sysclkcfg.o(i.SysClockConfig)
    SysTick_Handler                          0x00001ea1   Thumb Code    32  port.o(i.SysTick_Handler)
    SystemCoreClockUpdate                    0x00001ec5   Thumb Code   256  system_sc32f58128.o(i.SystemCoreClockUpdate)
    SystemInit                               0x00001fed   Thumb Code   150  system_sc32f58128.o(i.SystemInit)
    TIMER0_IRQHandler                        0x000020ad   Thumb Code    28  sl_niv.o(i.TIMER0_IRQHandler)
    TIMER1_IRQHandler                        0x000020d1   Thumb Code     2  sl_niv.o(i.TIMER1_IRQHandler)
    TIMER234_IRQHandler                      0x000020d3   Thumb Code     2  sl_niv.o(i.TIMER234_IRQHandler)
    TIMER_TmrConfig                          0x000020d5   Thumb Code   242  sc32f58128_timer.o(i.TIMER_TmrConfig)
    UART0_IRQHandler                         0x000021d5   Thumb Code    92  sl_niv.o(i.UART0_IRQHandler)
    UART0_RX_IRQHandler                      0x00002239   Thumb Code     2  sl_niv.o(i.UART0_RX_IRQHandler)
    UART12_IRQHandler                        0x0000223b   Thumb Code     2  sl_niv.o(i.UART12_IRQHandler)
    UartInit                                 0x0000223d   Thumb Code   470  sc32f58128_uart.o(i.UartInit)
    UartRevMessageDeal                       0x00002421   Thumb Code    28  f_uart0.o(i.UartRevMessageDeal)
    UartSendDataDeal                         0x00002441   Thumb Code   118  f_uart0.o(i.UartSendDataDeal)
    UartSendDataToBuf                        0x000024b9   Thumb Code    48  f_uart0.o(i.UartSendDataToBuf)
    UartSlaveResponseToMaster                0x000024ed   Thumb Code   356  f_uart0.o(i.UartSlaveResponseToMaster)
    __ARM_common_ll_muluu                    0x00002659   Thumb Code    48  sc32f58128_qep.o(i.__ARM_common_ll_muluu)
    __ARM_common_switch8                     0x00002689   Thumb Code    26  dbgtool.o(i.__ARM_common_switch8)
    eTaskGetState                            0x000027f1   Thumb Code   132  tasks.o(i.eTaskGetState)
    main                                     0x00002889   Thumb Code    40  sl_main.o(i.main)
    main_c1                                  0x000028c9   Thumb Code     4  sl_main.o(i.main_c1)
    mg_CacheInit                             0x000028cd   Thumb Code   184  devinit.o(i.mg_CacheInit)
    mg_DevicePeripheralInit                  0x000029a1   Thumb Code    24  devinit.o(i.mg_DevicePeripheralInit)
    mg_DeviceSystemInit                      0x000029b9   Thumb Code   110  devinit.o(i.mg_DeviceSystemInit)
    mg_DisableOSC                            0x00002a2d   Thumb Code    22  sc32f58128_sysclkcfg.o(i.mg_DisableOSC)
    mg_DisablePLL                            0x00002a4d   Thumb Code    26  sc32f58128_sysclkcfg.o(i.mg_DisablePLL)
    mg_EnableOSC                             0x00002a71   Thumb Code    36  sc32f58128_sysclkcfg.o(i.mg_EnableOSC)
    mg_EnablePLL                             0x00002a9d   Thumb Code    36  sc32f58128_sysclkcfg.o(i.mg_EnablePLL)
    mg_EnableRCH                             0x00002ac9   Thumb Code    42  sc32f58128_sysclkcfg.o(i.mg_EnableRCH)
    mg_PortSelect                            0x00002b01   Thumb Code    52  sc32f58128_gpio.o(i.mg_PortSelect)
    mg_SetIRQ                                0x00002b49   Thumb Code    88  devinit.o(i.mg_SetIRQ)
    mg_TimerInit                             0x00002ba1   Thumb Code    14  devinit.o(i.mg_TimerInit)
    pvPortMalloc                             0x00003935   Thumb Code   300  heap_4.o(i.pvPortMalloc)
    pxPortInitialiseStack                    0x00003a79   Thumb Code    26  port.o(i.pxPortInitialiseStack)
    rsv1_IRQHandler                          0x00003a99   Thumb Code     2  sl_niv.o(i.rsv1_IRQHandler)
    u16RwI2cBus                              0x00003b6d   Thumb Code   142  bsp_iic.o(i.u16RwI2cBus)
    uxListRemove                             0x00003c1d   Thumb Code    40  list.o(i.uxListRemove)
    uxTaskGetSystemState                     0x00003c45   Thumb Code   140  tasks.o(i.uxTaskGetSystemState)
    vACKLoad                                 0x00003ced   Thumb Code     2  uarttomotor.o(i.vACKLoad)
    vI2CQMI6858C_Init                        0x00003cf1   Thumb Code   176  qmi8658c_iic.o(i.vI2CQMI6858C_Init)
    vI2CQMI_GetData                          0x00003da5   Thumb Code   248  qmi8658c_iic.o(i.vI2CQMI_GetData)
    vListInitialise                          0x00003ea9   Thumb Code    26  list.o(i.vListInitialise)
    vListInitialiseItem                      0x00003ec3   Thumb Code     6  list.o(i.vListInitialiseItem)
    vListInsert                              0x00003ec9   Thumb Code    54  list.o(i.vListInsert)
    vListInsertEnd                           0x00003eff   Thumb Code    24  list.o(i.vListInsertEnd)
    vPortEnterCritical                       0x00003f19   Thumb Code    22  port.o(i.vPortEnterCritical)
    vPortExitCritical                        0x00003f35   Thumb Code    36  port.o(i.vPortExitCritical)
    vPortFree                                0x00003f5d   Thumb Code   130  heap_4.o(i.vPortFree)
    vPortSetupTimerInterrupt                 0x00003fed   Thumb Code    34  port.o(i.vPortSetupTimerInterrupt)
    vPortYield                               0x00004019   Thumb Code    18  port.o(i.vPortYield)
    vQueueAddToRegistry                      0x000041a9   Thumb Code    40  queue.o(i.vQueueAddToRegistry)
    vQueueWaitForMessageRestricted           0x000041d5   Thumb Code    76  queue.o(i.vQueueWaitForMessageRestricted)
    vRegisterSampleCLICommands               0x00004221   Thumb Code    34  sample-cli-commands.o(i.vRegisterSampleCLICommands)
    vRw_IIC                                  0x00004259   Thumb Code    82  bsp_iic.o(i.vRw_IIC)
    vTaskGetInfo                             0x000042b1   Thumb Code   128  tasks.o(i.vTaskGetInfo)
    vTaskGetRunTimeStats                     0x00004335   Thumb Code   162  tasks.o(i.vTaskGetRunTimeStats)
    vTaskInternalSetTimeOutState             0x000043f5   Thumb Code    14  tasks.o(i.vTaskInternalSetTimeOutState)
    vTaskList                                0x0000440d   Thumb Code   186  tasks.o(i.vTaskList)
    vTaskMissedYield                         0x000044dd   Thumb Code     8  tasks.o(i.vTaskMissedYield)
    vTaskPlaceOnEventList                    0x000044e9   Thumb Code    38  tasks.o(i.vTaskPlaceOnEventList)
    vTaskPlaceOnEventListRestricted          0x00004515   Thumb Code    48  tasks.o(i.vTaskPlaceOnEventListRestricted)
    vTaskStartScheduler                      0x00004549   Thumb Code    98  tasks.o(i.vTaskStartScheduler)
    vTaskSuspendAll                          0x000045d1   Thumb Code    12  tasks.o(i.vTaskSuspendAll)
    vTaskSwitchContext                       0x000045e1   Thumb Code   160  tasks.o(i.vTaskSwitchContext)
    vUartClearFault                          0x000046a1   Thumb Code     2  uarttomotor.o(i.vUartClearFault)
    vUartMotorDeal                           0x000046a3   Thumb Code     2  uarttomotor.o(i.vUartMotorDeal)
    vUartMotorInit                           0x000046a5   Thumb Code     2  uarttomotor.o(i.vUartMotorInit)
    vUartMotorLoad                           0x000046a7   Thumb Code     2  uarttomotor.o(i.vUartMotorLoad)
    vUartReceive                             0x000046a9   Thumb Code     2  uarttomotor.o(i.vUartReceive)
    vUartSend                                0x000046ab   Thumb Code     2  uarttomotor.o(i.vUartSend)
    xPortGetFreeHeapSize                     0x000046ad   Thumb Code     6  heap_4.o(i.xPortGetFreeHeapSize)
    xPortGetMinimumEverFreeHeapSize          0x000046b9   Thumb Code     6  heap_4.o(i.xPortGetMinimumEverFreeHeapSize)
    xPortStartScheduler                      0x000046c5   Thumb Code    48  port.o(i.xPortStartScheduler)
    xQueueGenericCreate                      0x000046fd   Thumb Code   132  queue.o(i.xQueueGenericCreate)
    xQueueGenericReset                       0x00004781   Thumb Code   130  queue.o(i.xQueueGenericReset)
    xQueueGenericSend                        0x00004803   Thumb Code   382  queue.o(i.xQueueGenericSend)
    xQueueGenericSendFromISR                 0x00004981   Thumb Code   244  queue.o(i.xQueueGenericSendFromISR)
    xQueueReceive                            0x00004a75   Thumb Code   312  queue.o(i.xQueueReceive)
    xTaskCheckForTimeOut                     0x00004bad   Thumb Code   110  tasks.o(i.xTaskCheckForTimeOut)
    xTaskCreate                              0x00004c25   Thumb Code    92  tasks.o(i.xTaskCreate)
    xTaskGetSchedulerState                   0x00004c81   Thumb Code    28  tasks.o(i.xTaskGetSchedulerState)
    xTaskGetTickCount                        0x00004ca5   Thumb Code     6  tasks.o(i.xTaskGetTickCount)
    xTaskIncrementTick                       0x00004cb1   Thumb Code   270  tasks.o(i.xTaskIncrementTick)
    xTaskPriorityDisinherit                  0x00004ded   Thumb Code   124  tasks.o(i.xTaskPriorityDisinherit)
    xTaskRemoveFromEventList                 0x00004e75   Thumb Code   112  tasks.o(i.xTaskRemoveFromEventList)
    xTaskResumeAll                           0x00004efd   Thumb Code   206  tasks.o(i.xTaskResumeAll)
    xTimerCreateTimerTask                    0x00004fed   Thumb Code    52  timers.o(i.xTimerCreateTimerTask)
    xTimerGenericCommand                     0x00005035   Thumb Code   110  timers.o(i.xTimerGenericCommand)
    Region$$Table$$Base                      0x000053e4   Number         0  anon$$obj.o(Region$$Table)
    Region$$Table$$Limit                     0x00005404   Number         0  anon$$obj.o(Region$$Table)
    ulHighFrequencyTimerTicks                0x20000004   Data           4  sl_niv.o(.data)
    accel_data                               0x2000000c   Data           6  uarttomotor.o(.data)
    gyro_data                                0x20000012   Data           6  uarttomotor.o(.data)
    raw                                      0x20000018   Data           2  uarttomotor.o(.data)
    temperature                              0x2000001c   Data           4  uarttomotor.o(.data)
    strUartMotorFun                          0x20000020   Data          20  uarttomotor.o(.data)
    strUartBasicFun                          0x20000034   Data           8  uarttomotor.o(.data)
    strI2cQMIFun                             0x20000040   Data           8  qmi8658c_iic.o(.data)
    Look_test                                0x2000004e   Data           1  f_uart0.o(.data)
    pxCurrentTCB                             0x20000050   Data           4  tasks.o(.data)
    uxTopUsedPriority                        0x20000088   Data           4  tasks.o(.data)
    ExternalOscClock                         0x200000ec   Data           4  system_sc32f58128.o(.data)
    SystemCoreClock                          0x200000f0   Data           4  system_sc32f58128.o(.data)
    SystemAhbClock                           0x200000f4   Data           4  system_sc32f58128.o(.data)
    SystemApb01Clock                         0x200000f8   Data           4  system_sc32f58128.o(.data)
    SystemApb23Clock                         0x200000fc   Data           4  system_sc32f58128.o(.data)
    SystemMtClock                            0x20000100   Data           4  system_sc32f58128.o(.data)
    PrimaskState                             0x20000104   Data           4  system_sc32f58128.o(.data)
    PWM                                      0x20000108   Data          32  sc32f58128_pwm.o(.data)
    mg_sPwmTest                              0x20000128   Data          20  sc32f58128_pwm.o(.data)
    TIMER                                    0x2000013c   Data          12  sc32f58128_timer.o(.data)
    UART                                     0x20000148   Data          12  sc32f58128_uart.o(.data)
    qmi_get_date                             0x20000154   Data          12  qmi8658c_iic.o(.bss)
    quaternion                               0x20000160   Data          12  qmi8658c_iic.o(.bss)
    mqi_date_zerocheck                       0x2000016c   Data         108  qmi8658c_iic.o(.bss)
    Uart                                     0x200001f0   Data         258  f_uart0.o(.bss)
    UartData                                 0x200002f4   Data         168  f_uart0.o(.bss)
    UartSlaveToMasterData                    0x2000039c   Data          30  f_uart0.o(.bss)
    ReadMessage                              0x200003ba   Data          30  f_uart0.o(.bss)
    IICInfo                                  0x200003d8   Data          45  bsp_iic.o(.bss)
    strI2cMsg                                0x20000406   Data         126  bsp_iic.o(.bss)
    xQueueRegistry                           0x20000484   Data          64  queue.o(.bss)
    __libspace_start                         0x200069b4   Data          96  libspace.o(.bss)
    __temporary_stack_top$libspace           0x20006a14   Data           0  libspace.o(.bss)



==============================================================================

Memory Map of the image

  Image Entry point : 0x000000c1

  Load Region LR_IROM1 (Base: 0x00000000, Size: 0x00005558, Max: 0x00020000, ABSOLUTE, COMPRESSED[0x00005474])

    Execution Region ER_IROM1 (Exec base: 0x00000000, Load base: 0x00000000, Size: 0x00005404, Max: 0x00020000, ABSOLUTE)

    Exec Addr    Load Addr    Size         Type   Attr      Idx    E Section Name        Object

    0x00000000   0x00000000   0x000000c0   Data   RO         3015    RESET               startup_sc32f58128.o
    0x000000c0   0x000000c0   0x00000008   Code   RO         4497  * !!!main             c_p.l(__main.o)
    0x000000c8   0x000000c8   0x0000003c   Code   RO         4712    !!!scatter          c_p.l(__scatter.o)
    0x00000104   0x00000104   0x0000001c   Code   RO         4714    !!handler_zi        c_p.l(__scatter_zi.o)
    0x00000120   0x00000120   0x00000002   Code   RO         4470    .ARM.Collect$$_printf_percent$$00000000  c_p.l(_printf_percent.o)
    0x00000122   0x00000122   0x0000000a   Code   RO         4468    .ARM.Collect$$_printf_percent$$00000009  c_p.l(_printf_d.o)
    0x0000012c   0x0000012c   0x0000000a   Code   RO         4469    .ARM.Collect$$_printf_percent$$0000000A  c_p.l(_printf_u.o)
    0x00000136   0x00000136   0x0000000a   Code   RO         4467    .ARM.Collect$$_printf_percent$$00000013  c_p.l(_printf_c.o)
    0x00000140   0x00000140   0x00000004   Code   RO         4535    .ARM.Collect$$_printf_percent$$00000017  c_p.l(_printf_percent_end.o)
    0x00000144   0x00000144   0x00000002   Code   RO         4578    .ARM.Collect$$libinit$$00000000  c_p.l(libinit.o)
    0x00000146   0x00000146   0x00000000   Code   RO         4594    .ARM.Collect$$libinit$$00000002  c_p.l(libinit2.o)
    0x00000146   0x00000146   0x00000000   Code   RO         4596    .ARM.Collect$$libinit$$00000004  c_p.l(libinit2.o)
    0x00000146   0x00000146   0x00000000   Code   RO         4599    .ARM.Collect$$libinit$$0000000A  c_p.l(libinit2.o)
    0x00000146   0x00000146   0x00000000   Code   RO         4601    .ARM.Collect$$libinit$$0000000C  c_p.l(libinit2.o)
    0x00000146   0x00000146   0x00000000   Code   RO         4603    .ARM.Collect$$libinit$$0000000E  c_p.l(libinit2.o)
    0x00000146   0x00000146   0x00000000   Code   RO         4606    .ARM.Collect$$libinit$$00000011  c_p.l(libinit2.o)
    0x00000146   0x00000146   0x00000000   Code   RO         4608    .ARM.Collect$$libinit$$00000013  c_p.l(libinit2.o)
    0x00000146   0x00000146   0x00000000   Code   RO         4610    .ARM.Collect$$libinit$$00000015  c_p.l(libinit2.o)
    0x00000146   0x00000146   0x00000000   Code   RO         4612    .ARM.Collect$$libinit$$00000017  c_p.l(libinit2.o)
    0x00000146   0x00000146   0x00000000   Code   RO         4614    .ARM.Collect$$libinit$$00000019  c_p.l(libinit2.o)
    0x00000146   0x00000146   0x00000000   Code   RO         4616    .ARM.Collect$$libinit$$0000001B  c_p.l(libinit2.o)
    0x00000146   0x00000146   0x00000000   Code   RO         4618    .ARM.Collect$$libinit$$0000001D  c_p.l(libinit2.o)
    0x00000146   0x00000146   0x00000000   Code   RO         4620    .ARM.Collect$$libinit$$0000001F  c_p.l(libinit2.o)
    0x00000146   0x00000146   0x00000000   Code   RO         4622    .ARM.Collect$$libinit$$00000021  c_p.l(libinit2.o)
    0x00000146   0x00000146   0x00000000   Code   RO         4624    .ARM.Collect$$libinit$$00000023  c_p.l(libinit2.o)
    0x00000146   0x00000146   0x00000000   Code   RO         4626    .ARM.Collect$$libinit$$00000025  c_p.l(libinit2.o)
    0x00000146   0x00000146   0x00000000   Code   RO         4630    .ARM.Collect$$libinit$$0000002C  c_p.l(libinit2.o)
    0x00000146   0x00000146   0x00000000   Code   RO         4632    .ARM.Collect$$libinit$$0000002E  c_p.l(libinit2.o)
    0x00000146   0x00000146   0x00000000   Code   RO         4634    .ARM.Collect$$libinit$$00000030  c_p.l(libinit2.o)
    0x00000146   0x00000146   0x00000000   Code   RO         4636    .ARM.Collect$$libinit$$00000032  c_p.l(libinit2.o)
    0x00000146   0x00000146   0x00000002   Code   RO         4637    .ARM.Collect$$libinit$$00000033  c_p.l(libinit2.o)
    0x00000148   0x00000148   0x00000002   Code   RO         4668    .ARM.Collect$$libshutdown$$00000000  c_p.l(libshutdown.o)
    0x0000014a   0x0000014a   0x00000000   Code   RO         4694    .ARM.Collect$$libshutdown$$00000002  c_p.l(libshutdown2.o)
    0x0000014a   0x0000014a   0x00000000   Code   RO         4696    .ARM.Collect$$libshutdown$$00000004  c_p.l(libshutdown2.o)
    0x0000014a   0x0000014a   0x00000000   Code   RO         4699    .ARM.Collect$$libshutdown$$00000007  c_p.l(libshutdown2.o)
    0x0000014a   0x0000014a   0x00000000   Code   RO         4702    .ARM.Collect$$libshutdown$$0000000A  c_p.l(libshutdown2.o)
    0x0000014a   0x0000014a   0x00000000   Code   RO         4704    .ARM.Collect$$libshutdown$$0000000C  c_p.l(libshutdown2.o)
    0x0000014a   0x0000014a   0x00000000   Code   RO         4707    .ARM.Collect$$libshutdown$$0000000F  c_p.l(libshutdown2.o)
    0x0000014a   0x0000014a   0x00000002   Code   RO         4708    .ARM.Collect$$libshutdown$$00000010  c_p.l(libshutdown2.o)
    0x0000014c   0x0000014c   0x00000000   Code   RO         4518    .ARM.Collect$$rtentry$$00000000  c_p.l(__rtentry.o)
    0x0000014c   0x0000014c   0x00000000   Code   RO         4542    .ARM.Collect$$rtentry$$00000002  c_p.l(__rtentry2.o)
    0x0000014c   0x0000014c   0x00000006   Code   RO         4554    .ARM.Collect$$rtentry$$00000004  c_p.l(__rtentry4.o)
    0x00000152   0x00000152   0x00000000   Code   RO         4544    .ARM.Collect$$rtentry$$00000009  c_p.l(__rtentry2.o)
    0x00000152   0x00000152   0x00000004   Code   RO         4545    .ARM.Collect$$rtentry$$0000000A  c_p.l(__rtentry2.o)
    0x00000156   0x00000156   0x00000000   Code   RO         4547    .ARM.Collect$$rtentry$$0000000C  c_p.l(__rtentry2.o)
    0x00000156   0x00000156   0x00000008   Code   RO         4548    .ARM.Collect$$rtentry$$0000000D  c_p.l(__rtentry2.o)
    0x0000015e   0x0000015e   0x00000002   Code   RO         4585    .ARM.Collect$$rtexit$$00000000  c_p.l(rtexit.o)
    0x00000160   0x00000160   0x00000000   Code   RO         4641    .ARM.Collect$$rtexit$$00000002  c_p.l(rtexit2.o)
    0x00000160   0x00000160   0x00000004   Code   RO         4642    .ARM.Collect$$rtexit$$00000003  c_p.l(rtexit2.o)
    0x00000164   0x00000164   0x00000006   Code   RO         4643    .ARM.Collect$$rtexit$$00000004  c_p.l(rtexit2.o)
    0x0000016a   0x0000016a   0x00000002   PAD
    0x0000016c   0x0000016c   0x00000078   Code   RO         2688    .emb_text           port.o
    0x000001e4   0x000001e4   0x00000038   Code   RO         4479    .emb_text           c_p.l(rt_memcpy.o)
    0x0000021c   0x0000021c   0x0000009c   Code   RO         3016    .text               startup_sc32f58128.o
    0x000002b8   0x000002b8   0x00000102   Code   RO         4435    .text               c_p.l(lludiv.o)
    0x000003ba   0x000003ba   0x00000002   PAD
    0x000003bc   0x000003bc   0x00000028   Code   RO         4439    .text               c_p.l(noretval__2sprintf.o)
    0x000003e4   0x000003e4   0x0000006c   Code   RO         4441    .text               c_p.l(__printf.o)
    0x00000450   0x00000450   0x00000052   Code   RO         4443    .text               c_p.l(_printf_str.o)
    0x000004a2   0x000004a2   0x00000002   PAD
    0x000004a4   0x000004a4   0x0000006c   Code   RO         4445    .text               c_p.l(_printf_dec.o)
    0x00000510   0x00000510   0x00000024   Code   RO         4471    .text               c_p.l(strncat.o)
    0x00000534   0x00000534   0x0000004c   Code   RO         4473    .text               c_p.l(strcpy.o)
    0x00000580   0x00000580   0x00000044   Code   RO         4475    .text               c_p.l(strlen.o)
    0x000005c4   0x000005c4   0x00000082   Code   RO         4480    .text               c_p.l(rt_memcpy.o)
    0x00000646   0x00000646   0x00000012   Code   RO         4485    .text               c_p.l(aeabi_memset.o)
    0x00000658   0x00000658   0x00000040   Code   RO         4487    .text               c_p.l(rt_memclr.o)
    0x00000698   0x00000698   0x0000006c   Code   RO         4489    .text               c_p.l(strncpy.o)
    0x00000704   0x00000704   0x0000015a   Code   RO         4491    .text               c_p.l(aeabi_sdiv.o)
    0x0000085e   0x0000085e   0x00000006   Code   RO         4495    .text               c_p.l(heapauxi.o)
    0x00000864   0x00000864   0x000000b0   Code   RO         4527    .text               c_p.l(_printf_intcommon.o)
    0x00000914   0x00000914   0x00000030   Code   RO         4529    .text               c_p.l(_printf_char_common.o)
    0x00000944   0x00000944   0x0000000a   Code   RO         4531    .text               c_p.l(_sputc.o)
    0x0000094e   0x0000094e   0x0000002e   Code   RO         4533    .text               c_p.l(_printf_char.o)
    0x0000097c   0x0000097c   0x00000028   Code   RO         4536    .text               c_p.l(rtudiv10.o)
    0x000009a4   0x000009a4   0x0000003e   Code   RO         4564    .text               c_p.l(sys_stackheap_outer.o)
    0x000009e2   0x000009e2   0x00000010   Code   RO         4567    .text               c_p.l(exit.o)
    0x000009f2   0x000009f2   0x00000002   PAD
    0x000009f4   0x000009f4   0x00000008   Code   RO         4581    .text               c_p.l(libspace.o)
    0x000009fc   0x000009fc   0x0000000c   Code   RO         4638    .text               c_p.l(sys_exit.o)
    0x00000a08   0x00000a08   0x00000002   Code   RO         4657    .text               c_p.l(use_no_semi.o)
    0x00000a0a   0x00000a0a   0x00000000   Code   RO         4659    .text               c_p.l(indicate_semi.o)
    0x00000a0a   0x00000a0a   0x00000056   Code   RO         4710    .text               c_p.l(__dczerorl2.o)
    0x00000a60   0x00000a60   0x00000020   Code   RO          153    i.ADC1_IRQHandler   sl_niv.o
    0x00000a80   0x00000a80   0x00000002   Code   RO          154    i.ADC2_IRQHandler   sl_niv.o
    0x00000a82   0x00000a82   0x00000002   Code   RO          155    i.ADC3_IRQHandler   sl_niv.o
    0x00000a84   0x00000a84   0x00000002   Code   RO          156    i.ADC_IRQHandler    sl_niv.o
    0x00000a86   0x00000a86   0x00000054   Code   RO         1378    i.AD_PIN_SEL        bsp_adc.o
    0x00000ada   0x00000ada   0x00000002   PAD
    0x00000adc   0x00000adc   0x000001c4   Code   RO         3129    i.AdcInit           sc32f58128_adc.o
    0x00000ca0   0x00000ca0   0x000000ec   Code   RO          619    i.AppUart_Motor     uarttomotor.o
    0x00000d8c   0x00000d8c   0x00000144   Code   RO         1379    i.BSP_AdcInit       bsp_adc.o
    0x00000ed0   0x00000ed0   0x0000003a   Code   RO         1303    i.BSP_GpioInit      bsp_gpio.o
    0x00000f0a   0x00000f0a   0x00000002   PAD
    0x00000f0c   0x00000f0c   0x00000070   Code   RO         1487    i.BSP_I2cInit       bsp_iic.o
    0x00000f7c   0x00000f7c   0x00000014   Code   RO         1488    i.BSP_I2cStart      bsp_iic.o
    0x00000f90   0x00000f90   0x00000018   Code   RO         1489    i.BSP_IsI2cReady    bsp_iic.o
    0x00000fa8   0x00000fa8   0x00000034   Code   RO         1407    i.BSP_PwmInit       bsp_pwm.o
    0x00000fdc   0x00000fdc   0x00000088   Code   RO         1358    i.BSP_UartInit      bsp_uart.o
    0x00001064   0x00001064   0x00000002   Code   RO          157    i.CAN_IRQHandler    sl_niv.o
    0x00001066   0x00001066   0x00000002   Code   RO          158    i.COPROC_IRQHandler  sl_niv.o
    0x00001068   0x00001068   0x00000018   Code   RO         1105    i.ClearUartSendData  f_uart0.o
    0x00001080   0x00001080   0x00000002   Code   RO          159    i.DMA_IRQHandler    sl_niv.o
    0x00001082   0x00001082   0x00000002   Code   RO          160    i.ECAP0_IRQHandler  sl_niv.o
    0x00001084   0x00001084   0x00000002   Code   RO          161    i.ECAP1_IRQHandler  sl_niv.o
    0x00001086   0x00001086   0x00000002   Code   RO          162    i.ECAP2_IRQHandler  sl_niv.o
    0x00001088   0x00001088   0x00000002   Code   RO          163    i.EQEP0_IRQHandler  sl_niv.o
    0x0000108a   0x0000108a   0x00000002   Code   RO          164    i.EQEP1_IRQHandler  sl_niv.o
    0x0000108c   0x0000108c   0x00000002   Code   RO          165    i.ERU0_IRQHandler   sl_niv.o
    0x0000108e   0x0000108e   0x00000002   Code   RO          166    i.ERU1_IRQHandler   sl_niv.o
    0x00001090   0x00001090   0x00000002   Code   RO          167    i.ERU2_IRQHandler   sl_niv.o
    0x00001092   0x00001092   0x00000002   Code   RO          168    i.ERU3_IRQHandler   sl_niv.o
    0x00001094   0x00001094   0x00000066   Code   RO         2815    i.FreeRTOS_CLIGetParameter  freertos_cli.o
    0x000010fa   0x000010fa   0x00000002   PAD
    0x000010fc   0x000010fc   0x00000048   Code   RO         2817    i.FreeRTOS_CLIRegisterCommand  freertos_cli.o
    0x00001144   0x00001144   0x00000002   Code   RO          169    i.GPIO_IRQHandler   sl_niv.o
    0x00001146   0x00001146   0x00000002   PAD
    0x00001148   0x00001148   0x00000078   Code   RO         3484    i.GPIO_ModeSel      sc32f58128_gpio.o
    0x000011c0   0x000011c0   0x00000078   Code   RO         3485    i.GPIO_MuxSel       sc32f58128_gpio.o
    0x00001238   0x00001238   0x00000026   Code   RO         3489    i.GPIO_OutputEnable  sc32f58128_gpio.o
    0x0000125e   0x0000125e   0x00000002   PAD
    0x00001260   0x00001260   0x00000078   Code   RO         3492    i.GPIO_PullUpDownSel  sc32f58128_gpio.o
    0x000012d8   0x000012d8   0x00000020   Code   RO         3493    i.GPIO_SetHigh      sc32f58128_gpio.o
    0x000012f8   0x000012f8   0x00000020   Code   RO         3494    i.GPIO_SetLow       sc32f58128_gpio.o
    0x00001318   0x00001318   0x00000004   Code   RO          170    i.HardFault_Handler  sl_niv.o
    0x0000131c   0x0000131c   0x00000020   Code   RO         3733    i.I2C_Init          sc32f58128_iic.o
    0x0000133c   0x0000133c   0x00000014   Code   RO         3734    i.I2C_SetCR         sc32f58128_iic.o
    0x00001350   0x00001350   0x000000a0   Code   RO         3735    i.I2C_deal          sc32f58128_iic.o
    0x000013f0   0x000013f0   0x00000010   Code   RO         1187    i.INIT_DeviceInit   devinit.o
    0x00001400   0x00001400   0x000000f8   Code   RO         1107    i.McuUart0Read      f_uart0.o
    0x000014f8   0x000014f8   0x00000074   Code   RO         1108    i.McuUart0deal      f_uart0.o
    0x0000156c   0x0000156c   0x00000002   Code   RO          171    i.NMI_Handler       sl_niv.o
    0x0000156e   0x0000156e   0x00000002   PAD
    0x00001570   0x00001570   0x00000138   Code   RO         3614    i.NVR_ReadPage      sc32f58128_iap.o
    0x000016a8   0x000016a8   0x00000002   Code   RO          172    i.PWM0_IRQHandler   sl_niv.o
    0x000016aa   0x000016aa   0x00000002   Code   RO          173    i.PWM1256_IRQHandler  sl_niv.o
    0x000016ac   0x000016ac   0x00000002   Code   RO          174    i.PWM3_IRQHandler   sl_niv.o
    0x000016ae   0x000016ae   0x00000002   Code   RO          175    i.PWM4_IRQHandler   sl_niv.o
    0x000016b0   0x000016b0   0x00000002   Code   RO          176    i.PWM7_IRQHandler   sl_niv.o
    0x000016b2   0x000016b2   0x00000002   PAD
    0x000016b4   0x000016b4   0x000001b8   Code   RO         1408    i.PWM_CFG           bsp_pwm.o
    0x0000186c   0x0000186c   0x0000001c   Code   RO         1409    i.PWM_Duty_CFG      bsp_pwm.o
    0x00001888   0x00001888   0x00000058   Code   RO         1410    i.PWM_INT_CFG       bsp_pwm.o
    0x000018e0   0x000018e0   0x00000002   Code   RO         1411    i.PWM_PIN_SEL       bsp_pwm.o
    0x000018e2   0x000018e2   0x00000002   PAD
    0x000018e4   0x000018e4   0x00000060   Code   RO         1414    i.PWM_START         bsp_pwm.o
    0x00001944   0x00001944   0x00000002   Code   RO          178    i.SSP01_IRQHandler  sl_niv.o
    0x00001946   0x00001946   0x00000002   PAD
    0x00001948   0x00001948   0x000002c4   Code   RO          179    i.SSP23_IIC_IRQHandler  sl_niv.o
    0x00001c0c   0x00001c0c   0x00000002   Code   RO         2689    i.SVC_Handler       port.o
    0x00001c0e   0x00001c0e   0x00000002   Code   RO          181    i.SYS_IRQHandler    sl_niv.o
    0x00001c10   0x00001c10   0x00000022   Code   RO         1109    i.SummationCheck    f_uart0.o
    0x00001c32   0x00001c32   0x00000002   PAD
    0x00001c34   0x00001c34   0x00000044   Code   RO         3066    i.SysClkDivSel      sc32f58128_sysclkcfg.o
    0x00001c78   0x00001c78   0x00000228   Code   RO         3067    i.SysClockConfig    sc32f58128_sysclkcfg.o
    0x00001ea0   0x00001ea0   0x00000024   Code   RO         2690    i.SysTick_Handler   port.o
    0x00001ec4   0x00001ec4   0x00000128   Code   RO         3024    i.SystemCoreClockUpdate  system_sc32f58128.o
    0x00001fec   0x00001fec   0x000000c0   Code   RO         3025    i.SystemInit        system_sc32f58128.o
    0x000020ac   0x000020ac   0x00000024   Code   RO          183    i.TIMER0_IRQHandler  sl_niv.o
    0x000020d0   0x000020d0   0x00000002   Code   RO          184    i.TIMER1_IRQHandler  sl_niv.o
    0x000020d2   0x000020d2   0x00000002   Code   RO          185    i.TIMER234_IRQHandler  sl_niv.o
    0x000020d4   0x000020d4   0x00000100   Code   RO         3973    i.TIMER_TmrConfig   sc32f58128_timer.o
    0x000021d4   0x000021d4   0x00000064   Code   RO          186    i.UART0_IRQHandler  sl_niv.o
    0x00002238   0x00002238   0x00000002   Code   RO          187    i.UART0_RX_IRQHandler  sl_niv.o
    0x0000223a   0x0000223a   0x00000002   Code   RO          188    i.UART12_IRQHandler  sl_niv.o
    0x0000223c   0x0000223c   0x000001e4   Code   RO         3999    i.UartInit          sc32f58128_uart.o
    0x00002420   0x00002420   0x00000020   Code   RO         1111    i.UartRevMessageDeal  f_uart0.o
    0x00002440   0x00002440   0x00000076   Code   RO         1112    i.UartSendDataDeal  f_uart0.o
    0x000024b6   0x000024b6   0x00000002   PAD
    0x000024b8   0x000024b8   0x00000034   Code   RO         1113    i.UartSendDataToBuf  f_uart0.o
    0x000024ec   0x000024ec   0x0000016c   Code   RO         1114    i.UartSlaveResponseToMaster  f_uart0.o
    0x00002658   0x00002658   0x00000030   Code   RO         3856    i.__ARM_common_ll_muluu  sc32f58128_qep.o
    0x00002688   0x00002688   0x0000001a   Code   RO         4245    i.__ARM_common_switch8  OSC.lib(dbgtool.o)
    0x000026a2   0x000026a2   0x00000002   PAD
    0x000026a4   0x000026a4   0x00000018   Code   RO         1189    i.__NVIC_ClearPendingIRQ  devinit.o
    0x000026bc   0x000026bc   0x00000020   Code   RO         1190    i.__NVIC_EnableIRQ  devinit.o
    0x000026dc   0x000026dc   0x00000078   Code   RO         1191    i.__NVIC_SetPriority  devinit.o
    0x00002754   0x00002754   0x00000078   Code   RO         1490    i.__NVIC_SetPriority  bsp_iic.o
    0x000027cc   0x000027cc   0x00000006   Code   RO         3133    i.__get_PRIMASK     sc32f58128_adc.o
    0x000027d2   0x000027d2   0x00000006   Code   RO         3496    i.__get_PRIMASK     sc32f58128_gpio.o
    0x000027d8   0x000027d8   0x00000006   Code   RO         3621    i.__get_PRIMASK     sc32f58128_iap.o
    0x000027de   0x000027de   0x00000006   Code   RO         3134    i.__set_PRIMASK     sc32f58128_adc.o
    0x000027e4   0x000027e4   0x00000006   Code   RO         3497    i.__set_PRIMASK     sc32f58128_gpio.o
    0x000027ea   0x000027ea   0x00000006   Code   RO         3622    i.__set_PRIMASK     sc32f58128_iap.o
    0x000027f0   0x000027f0   0x00000098   Code   RO         2153    i.eTaskGetState     tasks.o
    0x00002888   0x00002888   0x00000040   Code   RO            3    i.main              sl_main.o
    0x000028c8   0x000028c8   0x00000004   Code   RO            4    i.main_c1           sl_main.o
    0x000028cc   0x000028cc   0x000000d4   Code   RO         1192    i.mg_CacheInit      devinit.o
    0x000029a0   0x000029a0   0x00000018   Code   RO         1193    i.mg_DevicePeripheralInit  devinit.o
    0x000029b8   0x000029b8   0x00000074   Code   RO         1194    i.mg_DeviceSystemInit  devinit.o
    0x00002a2c   0x00002a2c   0x00000020   Code   RO         3068    i.mg_DisableOSC     sc32f58128_sysclkcfg.o
    0x00002a4c   0x00002a4c   0x00000024   Code   RO         3069    i.mg_DisablePLL     sc32f58128_sysclkcfg.o
    0x00002a70   0x00002a70   0x0000002c   Code   RO         3071    i.mg_EnableOSC      sc32f58128_sysclkcfg.o
    0x00002a9c   0x00002a9c   0x0000002c   Code   RO         3072    i.mg_EnablePLL      sc32f58128_sysclkcfg.o
    0x00002ac8   0x00002ac8   0x00000038   Code   RO         3073    i.mg_EnableRCH      sc32f58128_sysclkcfg.o
    0x00002b00   0x00002b00   0x00000048   Code   RO         3498    i.mg_PortSelect     sc32f58128_gpio.o
    0x00002b48   0x00002b48   0x00000058   Code   RO         1195    i.mg_SetIRQ         devinit.o
    0x00002ba0   0x00002ba0   0x0000000e   Code   RO         1197    i.mg_TimerInit      devinit.o
    0x00002bae   0x00002bae   0x00000002   PAD
    0x00002bb0   0x00002bb0   0x0000007c   Code   RO         2155    i.prvAddCurrentTaskToDelayedList  tasks.o
    0x00002c2c   0x00002c2c   0x000000ac   Code   RO         2156    i.prvAddNewTaskToReadyList  tasks.o
    0x00002cd8   0x00002cd8   0x00000068   Code   RO         2540    i.prvCheckForValidListAndQueue  timers.o
    0x00002d40   0x00002d40   0x00000048   Code   RO         2157    i.prvCheckTasksWaitingTermination  tasks.o
    0x00002d88   0x00002d88   0x0000002c   Code   RO         1755    i.prvCopyDataFromQueue  queue.o
    0x00002db4   0x00002db4   0x00000080   Code   RO         1756    i.prvCopyDataToQueue  queue.o
    0x00002e34   0x00002e34   0x00000012   Code   RO         2158    i.prvDeleteTCB      tasks.o
    0x00002e46   0x00002e46   0x00000002   PAD
    0x00002e48   0x00002e48   0x0000002c   Code   RO         2541    i.prvGetNextExpireTime  timers.o
    0x00002e74   0x00002e74   0x0000007c   Code   RO         2759    i.prvHeapInit       heap_4.o
    0x00002ef0   0x00002ef0   0x0000004c   Code   RO         2819    i.prvHelpCommand    freertos_cli.o
    0x00002f3c   0x00002f3c   0x00000018   Code   RO         2159    i.prvIdleTask       tasks.o
    0x00002f54   0x00002f54   0x00000030   Code   RO         1759    i.prvInitialiseNewQueue  queue.o
    0x00002f84   0x00002f84   0x000000be   Code   RO         2160    i.prvInitialiseNewTask  tasks.o
    0x00003042   0x00003042   0x00000002   PAD
    0x00003044   0x00003044   0x00000064   Code   RO         2161    i.prvInitialiseTaskLists  tasks.o
    0x000030a8   0x000030a8   0x00000068   Code   RO         2760    i.prvInsertBlockIntoFreeList  heap_4.o
    0x00003110   0x00003110   0x00000054   Code   RO         2543    i.prvInsertTimerInActiveList  timers.o
    0x00003164   0x00003164   0x0000001c   Code   RO         1760    i.prvIsQueueEmpty   queue.o
    0x00003180   0x00003180   0x0000001e   Code   RO         1761    i.prvIsQueueFull    queue.o
    0x0000319e   0x0000319e   0x0000006a   Code   RO         2162    i.prvListTasksWithinSingleList  tasks.o
    0x00003208   0x00003208   0x0000008a   Code   RO         1762    i.prvNotifyQueueSetContainer  queue.o
    0x00003292   0x00003292   0x00000002   PAD
    0x00003294   0x00003294   0x000000a8   Code   RO         2862    i.prvParameterEchoCommand  sample-cli-commands.o
    0x0000333c   0x0000333c   0x00000068   Code   RO         2544    i.prvProcessExpiredTimer  timers.o
    0x000033a4   0x000033a4   0x00000128   Code   RO         2545    i.prvProcessReceivedCommands  timers.o
    0x000034cc   0x000034cc   0x0000006c   Code   RO         2546    i.prvProcessTimerOrBlockTask  timers.o
    0x00003538   0x00003538   0x0000006c   Code   RO         2863    i.prvQueryHeapCommand  sample-cli-commands.o
    0x000035a4   0x000035a4   0x00000034   Code   RO         2163    i.prvResetNextTaskUnblockTime  tasks.o
    0x000035d8   0x000035d8   0x0000005c   Code   RO         2864    i.prvRunTimeStatsCommand  sample-cli-commands.o
    0x00003634   0x00003634   0x0000002c   Code   RO         2547    i.prvSampleTimeNow  timers.o
    0x00003660   0x00003660   0x00000094   Code   RO         2548    i.prvSwitchTimerLists  timers.o
    0x000036f4   0x000036f4   0x00000016   Code   RO         2164    i.prvTaskCheckFreeStackSpace  tasks.o
    0x0000370a   0x0000370a   0x00000002   PAD
    0x0000370c   0x0000370c   0x00000024   Code   RO         2691    i.prvTaskExitError  port.o
    0x00003730   0x00003730   0x0000005c   Code   RO         2865    i.prvTaskStatsCommand  sample-cli-commands.o
    0x0000378c   0x0000378c   0x000000c0   Code   RO         2866    i.prvThreeParameterEchoCommand  sample-cli-commands.o
    0x0000384c   0x0000384c   0x0000001a   Code   RO         2549    i.prvTimerTask      timers.o
    0x00003866   0x00003866   0x000000a4   Code   RO         1763    i.prvUnlockQueue    queue.o
    0x0000390a   0x0000390a   0x0000002a   Code   RO         2166    i.prvWriteNameToBuffer  tasks.o
    0x00003934   0x00003934   0x00000144   Code   RO         2761    i.pvPortMalloc      heap_4.o
    0x00003a78   0x00003a78   0x00000020   Code   RO         2692    i.pxPortInitialiseStack  port.o
    0x00003a98   0x00003a98   0x00000002   Code   RO          189    i.rsv1_IRQHandler   sl_niv.o
    0x00003a9a   0x00003a9a   0x000000d2   Code   RO         1057    i.u16Average        qmi8658c_iic.o
    0x00003b6c   0x00003b6c   0x00000098   Code   RO         1491    i.u16RwI2cBus       bsp_iic.o
    0x00003c04   0x00003c04   0x00000018   Code   RO         1058    i.u16zero_check     qmi8658c_iic.o
    0x00003c1c   0x00003c1c   0x00000028   Code   RO         1718    i.uxListRemove      list.o
    0x00003c44   0x00003c44   0x000000a8   Code   RO         2171    i.uxTaskGetSystemState  tasks.o
    0x00003cec   0x00003cec   0x00000002   Code   RO          620    i.vACKLoad          uarttomotor.o
    0x00003cee   0x00003cee   0x00000002   PAD
    0x00003cf0   0x00003cf0   0x000000b4   Code   RO         1059    i.vI2CQMI6858C_Init  qmi8658c_iic.o
    0x00003da4   0x00003da4   0x00000104   Code   RO         1060    i.vI2CQMI_GetData   qmi8658c_iic.o
    0x00003ea8   0x00003ea8   0x0000001a   Code   RO         1719    i.vListInitialise   list.o
    0x00003ec2   0x00003ec2   0x00000006   Code   RO         1720    i.vListInitialiseItem  list.o
    0x00003ec8   0x00003ec8   0x00000036   Code   RO         1721    i.vListInsert       list.o
    0x00003efe   0x00003efe   0x00000018   Code   RO         1722    i.vListInsertEnd    list.o
    0x00003f16   0x00003f16   0x00000002   PAD
    0x00003f18   0x00003f18   0x0000001c   Code   RO         2694    i.vPortEnterCritical  port.o
    0x00003f34   0x00003f34   0x00000028   Code   RO         2695    i.vPortExitCritical  port.o
    0x00003f5c   0x00003f5c   0x00000090   Code   RO         2762    i.vPortFree         heap_4.o
    0x00003fec   0x00003fec   0x0000002c   Code   RO         2696    i.vPortSetupTimerInterrupt  port.o
    0x00004018   0x00004018   0x00000018   Code   RO         2697    i.vPortYield        port.o
    0x00004030   0x00004030   0x00000178   Code   RO         1061    i.vQMI_GetnData     qmi8658c_iic.o
    0x000041a8   0x000041a8   0x0000002c   Code   RO         1769    i.vQueueAddToRegistry  queue.o
    0x000041d4   0x000041d4   0x0000004c   Code   RO         1773    i.vQueueWaitForMessageRestricted  queue.o
    0x00004220   0x00004220   0x00000038   Code   RO         2867    i.vRegisterSampleCLICommands  sample-cli-commands.o
    0x00004258   0x00004258   0x00000058   Code   RO         1492    i.vRw_IIC           bsp_iic.o
    0x000042b0   0x000042b0   0x00000084   Code   RO         2180    i.vTaskGetInfo      tasks.o
    0x00004334   0x00004334   0x000000c0   Code   RO         2181    i.vTaskGetRunTimeStats  tasks.o
    0x000043f4   0x000043f4   0x00000018   Code   RO         2182    i.vTaskInternalSetTimeOutState  tasks.o
    0x0000440c   0x0000440c   0x000000d0   Code   RO         2183    i.vTaskList         tasks.o
    0x000044dc   0x000044dc   0x0000000c   Code   RO         2184    i.vTaskMissedYield  tasks.o
    0x000044e8   0x000044e8   0x0000002c   Code   RO         2185    i.vTaskPlaceOnEventList  tasks.o
    0x00004514   0x00004514   0x00000034   Code   RO         2186    i.vTaskPlaceOnEventListRestricted  tasks.o
    0x00004548   0x00004548   0x00000088   Code   RO         2194    i.vTaskStartScheduler  tasks.o
    0x000045d0   0x000045d0   0x00000010   Code   RO         2196    i.vTaskSuspendAll   tasks.o
    0x000045e0   0x000045e0   0x000000c0   Code   RO         2197    i.vTaskSwitchContext  tasks.o
    0x000046a0   0x000046a0   0x00000002   Code   RO          621    i.vUartClearFault   uarttomotor.o
    0x000046a2   0x000046a2   0x00000002   Code   RO          622    i.vUartMotorDeal    uarttomotor.o
    0x000046a4   0x000046a4   0x00000002   Code   RO          623    i.vUartMotorInit    uarttomotor.o
    0x000046a6   0x000046a6   0x00000002   Code   RO          624    i.vUartMotorLoad    uarttomotor.o
    0x000046a8   0x000046a8   0x00000002   Code   RO          625    i.vUartReceive      uarttomotor.o
    0x000046aa   0x000046aa   0x00000002   Code   RO          626    i.vUartSend         uarttomotor.o
    0x000046ac   0x000046ac   0x0000000c   Code   RO         2765    i.xPortGetFreeHeapSize  heap_4.o
    0x000046b8   0x000046b8   0x0000000c   Code   RO         2766    i.xPortGetMinimumEverFreeHeapSize  heap_4.o
    0x000046c4   0x000046c4   0x00000038   Code   RO         2698    i.xPortStartScheduler  port.o
    0x000046fc   0x000046fc   0x00000084   Code   RO         1778    i.xQueueGenericCreate  queue.o
    0x00004780   0x00004780   0x00000082   Code   RO         1779    i.xQueueGenericReset  queue.o
    0x00004802   0x00004802   0x0000017e   Code   RO         1780    i.xQueueGenericSend  queue.o
    0x00004980   0x00004980   0x000000f4   Code   RO         1781    i.xQueueGenericSendFromISR  queue.o
    0x00004a74   0x00004a74   0x00000138   Code   RO         1788    i.xQueueReceive     queue.o
    0x00004bac   0x00004bac   0x00000078   Code   RO         2199    i.xTaskCheckForTimeOut  tasks.o
    0x00004c24   0x00004c24   0x0000005c   Code   RO         2200    i.xTaskCreate       tasks.o
    0x00004c80   0x00004c80   0x00000024   Code   RO         2207    i.xTaskGetSchedulerState  tasks.o
    0x00004ca4   0x00004ca4   0x0000000c   Code   RO         2208    i.xTaskGetTickCount  tasks.o
    0x00004cb0   0x00004cb0   0x0000013c   Code   RO         2210    i.xTaskIncrementTick  tasks.o
    0x00004dec   0x00004dec   0x00000088   Code   RO         2211    i.xTaskPriorityDisinherit  tasks.o
    0x00004e74   0x00004e74   0x00000088   Code   RO         2213    i.xTaskRemoveFromEventList  tasks.o
    0x00004efc   0x00004efc   0x000000f0   Code   RO         2214    i.xTaskResumeAll    tasks.o
    0x00004fec   0x00004fec   0x00000048   Code   RO         2557    i.xTimerCreateTimerTask  timers.o
    0x00005034   0x00005034   0x00000074   Code   RO         2558    i.xTimerGenericCommand  timers.o
    0x000050a8   0x000050a8   0x00000010   Data   RO         2821    .constdata          freertos_cli.o
    0x000050b8   0x000050b8   0x00000050   Data   RO         2868    .constdata          sample-cli-commands.o
    0x00005108   0x00005108   0x00000035   Data   RO         2822    .conststring        freertos_cli.o
    0x0000513d   0x0000513d   0x00000003   PAD
    0x00005140   0x00005140   0x000002a3   Data   RO         2869    .conststring        sample-cli-commands.o
    0x000053e3   0x000053e3   0x00000001   PAD
    0x000053e4   0x000053e4   0x00000020   Data   RO         4709    Region$$Table       anon$$obj.o


    Execution Region RW_IRAM1 (Exec base: 0x20000000, Load base: 0x00005404, Size: 0x00006e18, Max: 0x00008000, ABSOLUTE, COMPRESSED[0x00000070])

    Exec Addr    Load Addr    Size         Type   Attr      Idx    E Section Name        Object

    0x20000000   COMPRESSED   0x00000004   Data   RW            5    .data               sl_main.o
    0x20000004   COMPRESSED   0x00000005   Data   RW          190    .data               sl_niv.o
    0x20000009   COMPRESSED   0x00000003   PAD
    0x2000000c   COMPRESSED   0x00000032   Data   RW          628    .data               uarttomotor.o
    0x2000003e   COMPRESSED   0x00000002   PAD
    0x20000040   COMPRESSED   0x0000000e   Data   RW         1063    .data               qmi8658c_iic.o
    0x2000004e   COMPRESSED   0x00000001   Data   RW         1116    .data               f_uart0.o
    0x2000004f   COMPRESSED   0x00000001   PAD
    0x20000050   COMPRESSED   0x00000048   Data   RW         2217    .data               tasks.o
    0x20000098   COMPRESSED   0x00000014   Data   RW         2564    .data               timers.o
    0x200000ac   COMPRESSED   0x00000004   Data   RW         2699    .data               port.o
    0x200000b0   COMPRESSED   0x00000020   Data   RW         2768    .data               heap_4.o
    0x200000d0   COMPRESSED   0x00000014   Data   RW         2823    .data               freertos_cli.o
    0x200000e4   COMPRESSED   0x00000008   Data   RW         2870    .data               sample-cli-commands.o
    0x200000ec   COMPRESSED   0x0000001c   Data   RW         3026    .data               system_sc32f58128.o
    0x20000108   COMPRESSED   0x00000034   Data   RW         3786    .data               sc32f58128_pwm.o
    0x2000013c   COMPRESSED   0x0000000c   Data   RW         3974    .data               sc32f58128_timer.o
    0x20000148   COMPRESSED   0x0000000c   Data   RW         4000    .data               sc32f58128_uart.o
    0x20000154        -       0x0000009c   Zero   RW         1062    .bss                qmi8658c_iic.o
    0x200001f0        -       0x000001e8   Zero   RW         1115    .bss                f_uart0.o
    0x200003d8        -       0x000000ac   Zero   RW         1493    .bss                bsp_iic.o
    0x20000484        -       0x00000040   Zero   RW         1795    .bss                queue.o
    0x200004c4        -       0x000000c8   Zero   RW         2216    .bss                tasks.o
    0x2000058c        -       0x00000028   Zero   RW         2563    .bss                timers.o
    0x200005b4        -       0x00006400   Zero   RW         2767    .bss                heap_4.o
    0x200069b4        -       0x00000060   Zero   RW         4582    .bss                c_p.l(libspace.o)
    0x20006a14   COMPRESSED   0x00000004   PAD
    0x20006a18        -       0x00000100   Zero   RW         3014    HEAP                startup_sc32f58128.o
    0x20006b18        -       0x00000300   Zero   RW         3013    STACK               startup_sc32f58128.o


==============================================================================

Image component sizes


      Code (inc. data)   RO Data    RW Data    ZI Data      Debug   Object Name

       408         40          0          0          0       1387   bsp_adc.o
        58          0          0          0          0        447   bsp_gpio.o
       516         50          0          0        172      12250   bsp_iic.o
       706         50          0          0          0       3087   bsp_pwm.o
       136          8          0          0          0        451   bsp_uart.o
       646         56          0          0          0      19288   devinit.o
         0          0          0          0          0       2376   event_groups.o
       988         34          0          1        488       7042   f_uart0.o
       250         14         69         20          0       4622   freertos_cli.o
       720         82          0         32      25600       5120   heap_4.o
       150          0          0          0          0       2994   list.o
         0          0          0          0          0       2716   mowerfsm.o
       418         58          0          4          0       6455   port.o
      1050         44          0         14        156       4952   qmi8658c_iic.o
      1900          4          0          0         64      15714   queue.o
       708        198        755          8          0       6093   sample-cli-commands.o
       464         38          0          0          0       5330   sc32f58128_adc.o
       546         86          0          0          0      11647   sc32f58128_gpio.o
       324         16          0          0          0       1807   sc32f58128_iap.o
       212         20          0          0          0       1686   sc32f58128_iic.o
         0          0          0         52          0       3430   sc32f58128_pwm.o
        48          0          0          0          0         76   sc32f58128_qep.o
       832         94          0          0          0       4581   sc32f58128_sysclkcfg.o
       256         14          0         12          0       1630   sc32f58128_timer.o
       484         14          0         12          0       6798   sc32f58128_uart.o
        68         24          0          4          0      90171   sl_main.o
       938         48          0          5          0      16637   sl_niv.o
       156         72        192          0       1024        784   startup_sc32f58128.o
       488         82          0         28          0       1996   system_sc32f58128.o
      3338        456          0         72        200      30312   tasks.o
      1146        108          0         20         40      13355   timers.o
       250         24          0         50          0       6632   uarttomotor.o

    ----------------------------------------------------------------------
     18240       1734       1052        340      27744     291866   Object Totals
         0          0         32          0          0          0   (incl. Generated)
        36          0          4          6          0          0   (incl. Padding)

    ----------------------------------------------------------------------

      Code (inc. data)   RO Data    RW Data    ZI Data      Debug   Library Member Name

        26          0          0          0          0         72   dbgtool.o
        86          0          0          0          0          0   __dczerorl2.o
         8          0          0          0          0         68   __main.o
       108          0          0          0          0         76   __printf.o
         0          0          0          0          0          0   __rtentry.o
        12          0          0          0          0          0   __rtentry2.o
         6          0          0          0          0          0   __rtentry4.o
        60          8          0          0          0          0   __scatter.o
        28          0          0          0          0          0   __scatter_zi.o
        10          0          0          0          0          0   _printf_c.o
        46          0          0          0          0        100   _printf_char.o
        48          6          0          0          0         88   _printf_char_common.o
        10          0          0          0          0          0   _printf_d.o
       108         18          0          0          0         76   _printf_dec.o
       176          0          0          0          0         84   _printf_intcommon.o
         2          0          0          0          0          0   _printf_percent.o
         4          0          0          0          0          0   _printf_percent_end.o
        82          0          0          0          0         72   _printf_str.o
        10          0          0          0          0          0   _printf_u.o
        10          0          0          0          0         60   _sputc.o
        18          0          0          0          0         68   aeabi_memset.o
       346          0          0          0          0         92   aeabi_sdiv.o
        16          0          0          0          0         68   exit.o
         6          0          0          0          0        136   heapauxi.o
         0          0          0          0          0          0   indicate_semi.o
         2          0          0          0          0          0   libinit.o
         2          0          0          0          0          0   libinit2.o
         2          0          0          0          0          0   libshutdown.o
         2          0          0          0          0          0   libshutdown2.o
         8          4          0          0         96         68   libspace.o
       258          0          0          0          0         88   lludiv.o
        40          4          0          0          0         84   noretval__2sprintf.o
        64          0          0          0          0        108   rt_memclr.o
       186          0          0          0          0        144   rt_memcpy.o
         2          0          0          0          0          0   rtexit.o
        10          0          0          0          0          0   rtexit2.o
        40          0          0          0          0         60   rtudiv10.o
        76          6          0          0          0         72   strcpy.o
        68          6          0          0          0         72   strlen.o
        36          0          0          0          0         68   strncat.o
       108          4          0          0          0         76   strncpy.o
        12          4          0          0          0         60   sys_exit.o
        62          0          0          0          0         80   sys_stackheap_outer.o
         2          0          0          0          0         68   use_no_semi.o

    ----------------------------------------------------------------------
      2216         60          0          0        100       2108   Library Totals
        10          0          0          0          4          0   (incl. Padding)

    ----------------------------------------------------------------------

      Code (inc. data)   RO Data    RW Data    ZI Data      Debug   Library Name

        26          0          0          0          0         72   OSC.lib
      2180         60          0          0         96       2036   c_p.l

    ----------------------------------------------------------------------
      2216         60          0          0        100       2108   Library Totals

    ----------------------------------------------------------------------

==============================================================================


      Code (inc. data)   RO Data    RW Data    ZI Data      Debug   

     20456       1794       1052        340      27844     284490   Grand Totals
     20456       1794       1052        112      27844     284490   ELF Image Totals (compressed)
     20456       1794       1052        112          0          0   ROM Totals

==============================================================================

    Total RO  Size (Code + RO Data)                21508 (  21.00kB)
    Total RW  Size (RW Data + ZI Data)             28184 (  27.52kB)
    Total ROM Size (Code + RO Data + RW Data)      21620 (  21.11kB)

==============================================================================

