Component: ARM Compiler 5.06 update 6 (build 750) Tool: armlink [4d35ed]

==============================================================================

Section Cross References

    sl_main.o(i.main) refers to devinit.o(i.INIT_DeviceInit) for INIT_DeviceInit
    sl_main.o(i.main) refers to sample-cli-commands.o(i.vRegisterSampleCLICommands) for vRegisterSampleCLICommands
    sl_main.o(i.main) refers to tasks.o(i.xTaskCreate) for xTaskCreate
    sl_main.o(i.main) refers to tasks.o(i.vTaskStartScheduler) for vTaskStartScheduler
    sl_main.o(i.main) refers to sl_main.o(.data) for AppTask_Handle
    sl_main.o(i.main) refers to usertask.o(i.AppUart_Motor) for AppUart_Motor
    sl_niv.o(i.SSP23_IIC_IRQHandler) refers to dbgtool.o(i.__ARM_common_switch8) for __ARM_common_switch8
    sl_niv.o(i.SSP23_IIC_IRQHandler) refers to sc32f58128_iic.o(i.I2C_deal) for I2C_deal
    sl_niv.o(i.SSP23_IIC_IRQHandler) refers to bsp_iic.o(.bss) for IICInfo
    sl_niv.o(i.SysTick_Handler_notuse) refers to timer4tick.o(.data) for g_u32SysTickNumb
    sl_niv.o(i.TIMER0_IRQHandler) refers to sl_niv.o(.data) for ulHighFrequencyTimerTicks
    sl_niv.o(i.TIMER0_IRQHandler) refers to sc32f58128_timer.o(.data) for TIMER
    usertask.o(i.AppUart_Motor) refers to tasks.o(i.vTaskDelay) for vTaskDelay
    devinit.o(i.INIT_DeviceInit) refers to devinit.o(i.mg_DeviceSystemInit) for mg_DeviceSystemInit
    devinit.o(i.INIT_DeviceInit) refers to devinit.o(i.mg_DevicePeripheralInit) for mg_DevicePeripheralInit
    devinit.o(i.INIT_DeviceInit) refers to devinit.o(i.mg_SetIRQ) for mg_SetIRQ
    devinit.o(i.INIT_DeviceInit_c1) refers to devinit.o(i.mg_SetIRQ_c1) for mg_SetIRQ_c1
    devinit.o(i.mg_DevicePeripheralInit) refers to bsp_gpio.o(i.BSP_GpioInit) for BSP_GpioInit
    devinit.o(i.mg_DevicePeripheralInit) refers to devinit.o(i.mg_TimerInit) for mg_TimerInit
    devinit.o(i.mg_DevicePeripheralInit) refers to bsp_uart.o(i.BSP_UartInit) for BSP_UartInit
    devinit.o(i.mg_DevicePeripheralInit) refers to bsp_pwm.o(i.BSP_PwmInit) for BSP_PwmInit
    devinit.o(i.mg_DevicePeripheralInit) refers to bsp_adc.o(i.BSP_AdcInit) for BSP_AdcInit
    devinit.o(i.mg_DeviceSystemInit) refers to sc32f58128_sysclkcfg.o(i.SysClockConfig) for SysClockConfig
    devinit.o(i.mg_DeviceSystemInit) refers to sc32f58128_sysclkcfg.o(i.SysClkDivSel) for SysClkDivSel
    devinit.o(i.mg_DeviceSystemInit) refers to system_sc32f58128.o(i.SystemCoreClockUpdate) for SystemCoreClockUpdate
    devinit.o(i.mg_DeviceSystemInit) refers to devinit.o(i.mg_CacheInit) for mg_CacheInit
    devinit.o(i.mg_SetIRQ) refers to devinit.o(i.__NVIC_ClearPendingIRQ) for __NVIC_ClearPendingIRQ
    devinit.o(i.mg_SetIRQ) refers to devinit.o(i.__NVIC_SetPriority) for __NVIC_SetPriority
    devinit.o(i.mg_SetIRQ) refers to devinit.o(i.__NVIC_EnableIRQ) for __NVIC_EnableIRQ
    devinit.o(i.mg_TimerInit) refers to sc32f58128_timer.o(i.TIMER_TmrConfig) for TIMER_TmrConfig
    devinit.o(i.mg_WdtInit) refers to aeabi_sdiv.o(.text) for __aeabi_uidivmod
    devinit.o(i.mg_WdtInit) refers to system_sc32f58128.o(.data) for SystemCoreClock
    bsp_gpio.o(i.BSP_GpioInit) refers to sc32f58128_gpio.o(i.GPIO_OutputEnable) for GPIO_OutputEnable
    bsp_gpio.o(i.BSP_GpioInit) refers to sc32f58128_gpio.o(i.GPIO_SetHigh) for GPIO_SetHigh
    bsp_gpio.o(i.BSP_GpioInit) refers to sc32f58128_gpio.o(i.GPIO_SetLow) for GPIO_SetLow
    bsp_dma.o(i.DMA_Init) refers to sc32f58128_dma.o(.bss) for DmaDataStr
    bsp_dma.o(i.DMA_TranferData2UartTx) refers to bsp_dma.o(.data) for mg_u16SendingDatCnt
    bsp_dma.o(i.DMA_TranferData2UartTx) refers to sc32f58128_dma.o(.bss) for DmaDataStr
    bsp_dma.o(i.SendNotSendData2UartTx) refers to bsp_dma.o(.data) for mg_u16SendingDatCnt
    bsp_dma.o(i.SendNotSendData2UartTx) refers to dbgtool.o(.data) for g_u8TxBuffState
    bsp_dma.o(i.SendNotSendData2UartTx) refers to sc32f58128_dma.o(.bss) for DmaDataStr
    bsp_uart.o(i.BSP_UartInit) refers to sc32f58128_gpio.o(i.GPIO_MuxSel) for GPIO_MuxSel
    bsp_uart.o(i.BSP_UartInit) refers to sc32f58128_gpio.o(i.GPIO_PullUpDownSel) for GPIO_PullUpDownSel
    bsp_uart.o(i.BSP_UartInit) refers to sc32f58128_uart.o(i.UartInit) for UartInit
    bsp_adc.o(i.AD_PIN_SEL) refers to sc32f58128_gpio.o(i.GPIO_ModeSel) for GPIO_ModeSel
    bsp_adc.o(i.BSP_AdcInit) refers to bsp_adc.o(i.AD_PIN_SEL) for AD_PIN_SEL
    bsp_adc.o(i.BSP_AdcInit) refers to sc32f58128_adc.o(i.AdcInit) for AdcInit
    bsp_pwm.o(i.BSP_PwmInit) refers to bsp_pwm.o(i.PWM_PIN_SEL) for PWM_PIN_SEL
    bsp_pwm.o(i.BSP_PwmInit) refers to bsp_pwm.o(i.PWM_CFG) for PWM_CFG
    bsp_pwm.o(i.BSP_PwmInit) refers to bsp_pwm.o(i.PWM_Duty_CFG) for PWM_Duty_CFG
    bsp_pwm.o(i.BSP_PwmInit) refers to bsp_pwm.o(i.PWM_INT_CFG) for PWM_INT_CFG
    bsp_pwm.o(i.BSP_PwmInit) refers to bsp_pwm.o(i.PWM_START) for PWM_START
    bsp_pwm.o(i.PWM_CFG) refers to sc32f58128_pwm.o(.data) for PWM
    bsp_pwm.o(i.PWM_ResolveIncentiveInit) refers to sc32f58128_pwm.o(.data) for PWM
[...]
    i.SysClockConfig                         0x000018e8   Section        0  sc32f58128_sysclkcfg.o(i.SysClockConfig)
    i.SysTick_Handler                        0x00001b10   Section        0  port.o(i.SysTick_Handler)
    i.SystemCoreClockUpdate                  0x00001b34   Section        0  system_sc32f58128.o(i.SystemCoreClockUpdate)
    i.SystemInit                             0x00001c5c   Section        0  system_sc32f58128.o(i.SystemInit)
    i.TIMER0_IRQHandler                      0x00001d1c   Section        0  sl_niv.o(i.TIMER0_IRQHandler)
    i.TIMER1_IRQHandler                      0x00001d40   Section        0  sl_niv.o(i.TIMER1_IRQHandler)
    i.TIMER234_IRQHandler                    0x00001d42   Section        0  sl_niv.o(i.TIMER234_IRQHandler)
    i.TIMER_TmrConfig                        0x00001d44   Section        0  sc32f58128_timer.o(i.TIMER_TmrConfig)
    i.UART0_IRQHandler                       0x00001e44   Section        0  sl_niv.o(i.UART0_IRQHandler)
    i.UART0_RX_IRQHandler                    0x00001ea8   Section        0  sl_niv.o(i.UART0_RX_IRQHandler)
    i.UART12_IRQHandler                      0x00001eaa   Section        0  sl_niv.o(i.UART12_IRQHandler)
    i.UartInit                               0x00001eac   Section        0  sc32f58128_uart.o(i.UartInit)
    i.__ARM_common_ll_muluu                  0x00002090   Section        0  sc32f58128_qep.o(i.__ARM_common_ll_muluu)
    i.__ARM_common_switch8                   0x000020c0   Section        0  dbgtool.o(i.__ARM_common_switch8)
    i.__NVIC_ClearPendingIRQ                 0x000020dc   Section        0  devinit.o(i.__NVIC_ClearPendingIRQ)
    __NVIC_ClearPendingIRQ                   0x000020dd   Thumb Code    18  devinit.o(i.__NVIC_ClearPendingIRQ)
    i.__NVIC_EnableIRQ                       0x000020f4   Section        0  devinit.o(i.__NVIC_EnableIRQ)
    __NVIC_EnableIRQ                         0x000020f5   Thumb Code    26  devinit.o(i.__NVIC_EnableIRQ)
    i.__NVIC_SetPriority                     0x00002114   Section        0  devinit.o(i.__NVIC_SetPriority)
    __NVIC_SetPriority                       0x00002115   Thumb Code   110  devinit.o(i.__NVIC_SetPriority)
    i.__get_PRIMASK                          0x0000218c   Section        0  sc32f58128_adc.o(i.__get_PRIMASK)
    __get_PRIMASK                            0x0000218d   Thumb Code     6  sc32f58128_adc.o(i.__get_PRIMASK)
    i.__get_PRIMASK                          0x00002192   Section        0  sc32f58128_gpio.o(i.__get_PRIMASK)
    __get_PRIMASK                            0x00002193   Thumb Code     6  sc32f58128_gpio.o(i.__get_PRIMASK)
    i.__get_PRIMASK                          0x00002198   Section        0  sc32f58128_iap.o(i.__get_PRIMASK)
    __get_PRIMASK                            0x00002199   Thumb Code     6  sc32f58128_iap.o(i.__get_PRIMASK)
    i.__set_PRIMASK                          0x0000219e   Section        0  sc32f58128_adc.o(i.__set_PRIMASK)
    __set_PRIMASK                            0x0000219f   Thumb Code     6  sc32f58128_adc.o(i.__set_PRIMASK)
    i.__set_PRIMASK                          0x000021a4   Section        0  sc32f58128_gpio.o(i.__set_PRIMASK)
    __set_PRIMASK                            0x000021a5   Thumb Code     6  sc32f58128_gpio.o(i.__set_PRIMASK)
    i.__set_PRIMASK                          0x000021aa   Section        0  sc32f58128_iap.o(i.__set_PRIMASK)
    __set_PRIMASK                            0x000021ab   Thumb Code     6  sc32f58128_iap.o(i.__set_PRIMASK)
    i.eTaskGetState                          0x000021b0   Section        0  tasks.o(i.eTaskGetState)
    i.main                                   0x00002248   Section        0  sl_main.o(i.main)
    i.main_c1                                0x00002288   Section        0  sl_main.o(i.main_c1)
    i.mg_CacheInit                           0x0000228c   Section        0  devinit.o(i.mg_CacheInit)
    i.mg_DevicePeripheralInit                0x00002360   Section        0  devinit.o(i.mg_DevicePeripheralInit)
    i.mg_DeviceSystemInit                    0x00002378   Section        0  devinit.o(i.mg_DeviceSystemInit)
    i.mg_DisableOSC                          0x000023ec   Section        0  sc32f58128_sysclkcfg.o(i.mg_DisableOSC)
    i.mg_DisablePLL                          0x0000240c   Section        0  sc32f58128_sysclkcfg.o(i.mg_DisablePLL)
    i.mg_EnableOSC                           0x00002430   Section        0  sc32f58128_sysclkcfg.o(i.mg_EnableOSC)
    i.mg_EnablePLL                           0x0000245c   Section        0  sc32f58128_sysclkcfg.o(i.mg_EnablePLL)
    i.mg_EnableRCH                           0x00002488   Section        0  sc32f58128_sysclkcfg.o(i.mg_EnableRCH)
    i.mg_PortSelect                          0x000024c0   Section        0  sc32f58128_gpio.o(i.mg_PortSelect)
    i.mg_SetIRQ                              0x00002508   Section        0  devinit.o(i.mg_SetIRQ)
    i.mg_TimerInit                           0x00002560   Section        0  devinit.o(i.mg_TimerInit)
    i.prvAddCurrentTaskToDelayedList         0x00002570   Section        0  tasks.o(i.prvAddCurrentTaskToDelayedList)
    prvAddCurrentTaskToDelayedList           0x00002571   Thumb Code   100  tasks.o(i.prvAddCurrentTaskToDelayedList)
    i.prvAddNewTaskToReadyList               0x000025ec   Section        0  tasks.o(i.prvAddNewTaskToReadyList)
    prvAddNewTaskToReadyList                 0x000025ed   Thumb Code   146  tasks.o(i.prvAddNewTaskToReadyList)
    i.prvCheckForValidListAndQueue           0x00002698   Section        0  timers.o(i.prvCheckForValidListAndQueue)
    prvCheckForValidListAndQueue             0x00002699   Thumb Code    76  timers.o(i.prvCheckForValidListAndQueue)
    i.prvCheckTasksWaitingTermination        0x00002700   Section        0  tasks.o(i.prvCheckTasksWaitingTermination)
    prvCheckTasksWaitingTermination          0x00002701   Thumb Code    60  tasks.o(i.prvCheckTasksWaitingTermination)
    i.prvCopyDataFromQueue                   0x00002748   Section        0  queue.o(i.prvCopyDataFromQueue)
    prvCopyDataFromQueue                     0x00002749   Thumb Code    44  queue.o(i.prvCopyDataFromQueue)
    i.prvCopyDataToQueue                     0x00002774   Section        0  queue.o(i.prvCopyDataToQueue)
    prvCopyDataToQueue                       0x00002775   Thumb Code   128  queue.o(i.prvCopyDataToQueue)
    i.prvDeleteTCB                           0x000027f4   Section        0  tasks.o(i.prvDeleteTCB)
    prvDeleteTCB                             0x000027f5   Thumb Code    18  tasks.o(i.prvDeleteTCB)
    i.prvGetNextExpireTime                   0x00002808   Section        0  timers.o(i.prvGetNextExpireTime)
    prvGetNextExpireTime                     0x00002809   Thumb Code    40  timers.o(i.prvGetNextExpireTime)
    i.prvHeapInit                            0x00002834   Section        0  heap_4.o(i.prvHeapInit)
    prvHeapInit                              0x00002835   Thumb Code   100  heap_4.o(i.prvHeapInit)
    i.prvHelpCommand                         0x000028b0   Section        0  freertos_cli.o(i.prvHelpCommand)
    prvHelpCommand                           0x000028b1   Thumb Code    66  freertos_cli.o(i.prvHelpCommand)
    i.prvIdleTask                            0x000028fc   Section        0  tasks.o(i.prvIdleTask)
    prvIdleTask                              0x000028fd   Thumb Code    20  tasks.o(i.prvIdleTask)
    i.prvInitialiseNewQueue                  0x00002914   Section        0  queue.o(i.prvInitialiseNewQueue)
    prvInitialiseNewQueue                    0x00002915   Thumb Code    48  queue.o(i.prvInitialiseNewQueue)
    i.prvInitialiseNewTask                   0x00002944   Section        0  tasks.o(i.prvInitialiseNewTask)
    prvInitialiseNewTask                     0x00002945   Thumb Code   190  tasks.o(i.prvInitialiseNewTask)
    i.prvInitialiseTaskLists                 0x00002a04   Section        0  tasks.o(i.prvInitialiseTaskLists)
    prvInitialiseTaskLists                   0x00002a05   Thumb Code    68  tasks.o(i.prvInitialiseTaskLists)
    i.prvInsertBlockIntoFreeList             0x00002a68   Section        0  heap_4.o(i.prvInsertBlockIntoFreeList)
    prvInsertBlockIntoFreeList               0x00002a69   Thumb Code    96  heap_4.o(i.prvInsertBlockIntoFreeList)
    i.prvInsertTimerInActiveList             0x00002ad0   Section        0  timers.o(i.prvInsertTimerInActiveList)
    prvInsertTimerInActiveList               0x00002ad1   Thumb Code    76  timers.o(i.prvInsertTimerInActiveList)
    i.prvIsQueueEmpty                        0x00002b24   Section        0  queue.o(i.prvIsQueueEmpty)
    prvIsQueueEmpty                          0x00002b25   Thumb Code    28  queue.o(i.prvIsQueueEmpty)
    i.prvIsQueueFull                         0x00002b40   Section        0  queue.o(i.prvIsQueueFull)
    prvIsQueueFull                           0x00002b41   Thumb Code    30  queue.o(i.prvIsQueueFull)
    i.prvListTasksWithinSingleList           0x00002b5e   Section        0  tasks.o(i.prvListTasksWithinSingleList)
    prvListTasksWithinSingleList             0x00002b5f   Thumb Code   106  tasks.o(i.prvListTasksWithinSingleList)
    i.prvNotifyQueueSetContainer             0x00002bc8   Section        0  queue.o(i.prvNotifyQueueSetContainer)
    prvNotifyQueueSetContainer               0x00002bc9   Thumb Code   138  queue.o(i.prvNotifyQueueSetContainer)
    i.prvParameterEchoCommand                0x00002c54   Section        0  sample-cli-commands.o(i.prvParameterEchoCommand)
    prvParameterEchoCommand                  0x00002c55   Thumb Code   132  sample-cli-commands.o(i.prvParameterEchoCommand)
    i.prvProcessExpiredTimer                 0x00002cfc   Section        0  timers.o(i.prvProcessExpiredTimer)
    prvProcessExpiredTimer                   0x00002cfd   Thumb Code   100  timers.o(i.prvProcessExpiredTimer)
    i.prvProcessReceivedCommands             0x00002d64   Section        0  timers.o(i.prvProcessReceivedCommands)
    prvProcessReceivedCommands               0x00002d65   Thumb Code   290  timers.o(i.prvProcessReceivedCommands)
    i.prvProcessTimerOrBlockTask             0x00002e8c   Section        0  timers.o(i.prvProcessTimerOrBlockTask)
    prvProcessTimerOrBlockTask               0x00002e8d   Thumb Code   100  timers.o(i.prvProcessTimerOrBlockTask)
    i.prvQueryHeapCommand                    0x00002ef8   Section        0  sample-cli-commands.o(i.prvQueryHeapCommand)
    prvQueryHeapCommand                      0x00002ef9   Thumb Code    44  sample-cli-commands.o(i.prvQueryHeapCommand)
    i.prvResetNextTaskUnblockTime            0x00002f64   Section        0  tasks.o(i.prvResetNextTaskUnblockTime)
    prvResetNextTaskUnblockTime              0x00002f65   Thumb Code    44  tasks.o(i.prvResetNextTaskUnblockTime)
    i.prvRunTimeStatsCommand                 0x00002f98   Section        0  sample-cli-commands.o(i.prvRunTimeStatsCommand)
    prvRunTimeStatsCommand                   0x00002f99   Thumb Code    78  sample-cli-commands.o(i.prvRunTimeStatsCommand)
    i.prvSampleTimeNow                       0x00002ff4   Section        0  timers.o(i.prvSampleTimeNow)
    prvSampleTimeNow                         0x00002ff5   Thumb Code    40  timers.o(i.prvSampleTimeNow)
    i.prvSwitchTimerLists                    0x00003020   Section        0  timers.o(i.prvSwitchTimerLists)
    prvSwitchTimerLists                      0x00003021   Thumb Code   140  timers.o(i.prvSwitchTimerLists)
    i.prvTaskCheckFreeStackSpace             0x000030b4   Section        0  tasks.o(i.prvTaskCheckFreeStackSpace)
    prvTaskCheckFreeStackSpace               0x000030b5   Thumb Code    22  tasks.o(i.prvTaskCheckFreeStackSpace)
    i.prvTaskExitError                       0x000030cc   Section        0  port.o(i.prvTaskExitError)
    prvTaskExitError                         0x000030cd   Thumb Code    32  port.o(i.prvTaskExitError)
    i.prvTaskStatsCommand                    0x000030f0   Section        0  sample-cli-commands.o(i.prvTaskStatsCommand)
    prvTaskStatsCommand                      0x000030f1   Thumb Code    78  sample-cli-commands.o(i.prvTaskStatsCommand)
    i.prvThreeParameterEchoCommand           0x0000314c   Section        0  sample-cli-commands.o(i.prvThreeParameterEchoCommand)
    prvThreeParameterEchoCommand             0x0000314d   Thumb Code   144  sample-cli-commands.o(i.prvThreeParameterEchoCommand)
    i.prvTimerTask                           0x0000320c   Section        0  timers.o(i.prvTimerTask)
    prvTimerTask                             0x0000320d   Thumb Code    26  timers.o(i.prvTimerTask)
    i.prvUnlockQueue                         0x00003226   Section        0  queue.o(i.prvUnlockQueue)
    prvUnlockQueue                           0x00003227   Thumb Code   164  queue.o(i.prvUnlockQueue)
    i.prvWriteNameToBuffer                   0x000032ca   Section        0  tasks.o(i.prvWriteNameToBuffer)
    prvWriteNameToBuffer                     0x000032cb   Thumb Code    42  tasks.o(i.prvWriteNameToBuffer)
    i.pvPortMalloc                           0x000032f4   Section        0  heap_4.o(i.pvPortMalloc)
    i.pxPortInitialiseStack                  0x00003438   Section        0  port.o(i.pxPortInitialiseStack)
    i.rsv1_IRQHandler                        0x00003458   Section        0  sl_niv.o(i.rsv1_IRQHandler)
    i.uxListRemove                           0x0000345a   Section        0  list.o(i.uxListRemove)
    i.uxTaskGetSystemState                   0x00003484   Section        0  tasks.o(i.uxTaskGetSystemState)
    i.vListInitialise                        0x0000352c   Section        0  list.o(i.vListInitialise)
    i.vListInitialiseItem                    0x00003546   Section        0  list.o(i.vListInitialiseItem)
    i.vListInsert                            0x0000354c   Section        0  list.o(i.vListInsert)
    i.vListInsertEnd                         0x00003582   Section        0  list.o(i.vListInsertEnd)
    i.vPortEnterCritical                     0x0000359c   Section        0  port.o(i.vPortEnterCritical)
    i.vPortExitCritical                      0x000035b8   Section        0  port.o(i.vPortExitCritical)
    i.vPortFree                              0x000035e0   Section        0  heap_4.o(i.vPortFree)
    i.vPortSetupTimerInterrupt               0x00003670   Section        0  port.o(i.vPortSetupTimerInterrupt)
    i.vPortYield                             0x0000369c   Section        0  port.o(i.vPortYield)
    i.vQueueAddToRegistry                    0x000036b4   Section        0  queue.o(i.vQueueAddToRegistry)
    i.vQueueWaitForMessageRestricted         0x000036e0   Section        0  queue.o(i.vQueueWaitForMessageRestricted)
    i.vRegisterSampleCLICommands             0x0000372c   Section        0  sample-cli-commands.o(i.vRegisterSampleCLICommands)
    i.vTaskDelay                             0x00003764   Section        0  tasks.o(i.vTaskDelay)
    i.vTaskGetInfo                           0x000037a8   Section        0  tasks.o(i.vTaskGetInfo)
    i.vTaskGetRunTimeStats                   0x0000382c   Section        0  tasks.o(i.vTaskGetRunTimeStats)
    i.vTaskInternalSetTimeOutState           0x000038ec   Section        0  tasks.o(i.vTaskInternalSetTimeOutState)
    i.vTaskList                              0x00003904   Section        0  tasks.o(i.vTaskList)
    i.vTaskMissedYield                       0x000039d4   Section        0  tasks.o(i.vTaskMissedYield)
    i.vTaskPlaceOnEventList                  0x000039e0   Section        0  tasks.o(i.vTaskPlaceOnEventList)
    i.vTaskPlaceOnEventListRestricted        0x00003a0c   Section        0  tasks.o(i.vTaskPlaceOnEventListRestricted)
    i.vTaskStartScheduler                    0x00003a40   Section        0  tasks.o(i.vTaskStartScheduler)
    i.vTaskSuspendAll                        0x00003ac8   Section        0  tasks.o(i.vTaskSuspendAll)
    i.vTaskSwitchContext                     0x00003ad8   Section        0  tasks.o(i.vTaskSwitchContext)
    i.xPortGetFreeHeapSize                   0x00003b98   Section        0  heap_4.o(i.xPortGetFreeHeapSize)
    i.xPortGetMinimumEverFreeHeapSize        0x00003ba4   Section        0  heap_4.o(i.xPortGetMinimumEverFreeHeapSize)
    i.xPortStartScheduler                    0x00003bb0   Section        0  port.o(i.xPortStartScheduler)
    i.xQueueGenericCreate                    0x00003be8   Section        0  queue.o(i.xQueueGenericCreate)
    i.xQueueGenericReset                     0x00003c6c   Section        0  queue.o(i.xQueueGenericReset)
    i.xQueueGenericSend                      0x00003cee   Section        0  queue.o(i.xQueueGenericSend)
    i.xQueueGenericSendFromISR               0x00003e6c   Section        0  queue.o(i.xQueueGenericSendFromISR)
    i.xQueueReceive                          0x00003f60   Section        0  queue.o(i.xQueueReceive)
    i.xTaskCheckForTimeOut                   0x00004098   Section        0  tasks.o(i.xTaskCheckForTimeOut)
    i.xTaskCreate                            0x00004110   Section        0  tasks.o(i.xTaskCreate)
    i.xTaskGetSchedulerState                 0x0000416c   Section        0  tasks.o(i.xTaskGetSchedulerState)
    i.xTaskGetTickCount                      0x00004190   Section        0  tasks.o(i.xTaskGetTickCount)
    i.xTaskIncrementTick                     0x0000419c   Section        0  tasks.o(i.xTaskIncrementTick)
    i.xTaskPriorityDisinherit                0x000042d8   Section        0  tasks.o(i.xTaskPriorityDisinherit)
    i.xTaskRemoveFromEventList               0x00004360   Section        0  tasks.o(i.xTaskRemoveFromEventList)
    i.xTaskResumeAll                         0x000043e8   Section        0  tasks.o(i.xTaskResumeAll)
    i.xTimerCreateTimerTask                  0x000044d8   Section        0  timers.o(i.xTimerCreateTimerTask)
    i.xTimerGenericCommand                   0x00004520   Section        0  timers.o(i.xTimerGenericCommand)
    .constdata                               0x00004594   Section       16  freertos_cli.o(.constdata)
    xHelpCommand                             0x00004594   Data          16  freertos_cli.o(.constdata)
    .constdata                               0x000045a4   Section       80  sample-cli-commands.o(.constdata)
    xTaskStats                               0x000045a4   Data          16  sample-cli-commands.o(.constdata)
    xThreeParameterEcho                      0x000045b4   Data          16  sample-cli-commands.o(.constdata)
    xParameterEcho                           0x000045c4   Data          16  sample-cli-commands.o(.constdata)
    xRunTimeStats                            0x000045d4   Data          16  sample-cli-commands.o(.constdata)
    xQueryHeap                               0x000045e4   Data          16  sample-cli-commands.o(.constdata)
    .conststring                             0x000045f4   Section       53  freertos_cli.o(.conststring)
    .conststring                             0x0000462c   Section      675  sample-cli-commands.o(.conststring)
    .data                                    0x20000000   Section        4  sl_main.o(.data)
    AppTask_Handle                           0x20000000   Data           4  sl_main.o(.data)
    .data                                    0x20000004   Section        5  sl_niv.o(.data)
    NackNum                                  0x20000008   Data           1  sl_niv.o(.data)
    .data                                    0x2000000c   Section       72  tasks.o(.data)
    pxDelayedTaskList                        0x20000010   Data           4  tasks.o(.data)
    pxOverflowDelayedTaskList                0x20000014   Data           4  tasks.o(.data)
    uxDeletedTasksWaitingCleanUp             0x20000018   Data           4  tasks.o(.data)
    uxCurrentNumberOfTasks                   0x2000001c   Data           4  tasks.o(.data)
    xTickCount                               0x20000020   Data           4  tasks.o(.data)
    uxTopReadyPriority                       0x20000024   Data           4  tasks.o(.data)
    xSchedulerRunning                        0x20000028   Data           4  tasks.o(.data)
    xPendedTicks                             0x2000002c   Data           4  tasks.o(.data)
    xYieldPending                            0x20000030   Data           4  tasks.o(.data)
    xNumOfOverflows                          0x20000034   Data           4  tasks.o(.data)
    uxTaskNumber                             0x20000038   Data           4  tasks.o(.data)
    xNextTaskUnblockTime                     0x2000003c   Data           4  tasks.o(.data)
    xIdleTaskHandle                          0x20000040   Data           4  tasks.o(.data)
    uxSchedulerSuspended                     0x20000048   Data           4  tasks.o(.data)
    ulTaskSwitchedInTime                     0x2000004c   Data           4  tasks.o(.data)
    ulTotalRunTime                           0x20000050   Data           4  tasks.o(.data)
    .data                                    0x20000054   Section       20  timers.o(.data)
    pxCurrentTimerList                       0x20000054   Data           4  timers.o(.data)
    pxOverflowTimerList                      0x20000058   Data           4  timers.o(.data)
    xTimerQueue                              0x2000005c   Data           4  timers.o(.data)
    xTimerTaskHandle                         0x20000060   Data           4  timers.o(.data)
    xLastTime                                0x20000064   Data           4  timers.o(.data)
    .data                                    0x20000068   Section        4  port.o(.data)
    uxCriticalNesting                        0x20000068   Data           4  port.o(.data)
    .data                                    0x2000006c   Section       32  heap_4.o(.data)
    xStart                                   0x2000006c   Data           8  heap_4.o(.data)
    pxEnd                                    0x20000074   Data           4  heap_4.o(.data)
    xFreeBytesRemaining                      0x20000078   Data           4  heap_4.o(.data)
    xMinimumEverFreeBytesRemaining           0x2000007c   Data           4  heap_4.o(.data)
    xNumberOfSuccessfulAllocations           0x20000080   Data           4  heap_4.o(.data)
    xNumberOfSuccessfulFrees                 0x20000084   Data           4  heap_4.o(.data)
    xBlockAllocatedBit                       0x20000088   Data           4  heap_4.o(.data)
    .data                                    0x2000008c   Section       20  freertos_cli.o(.data)
    xRegisteredCommands                      0x2000008c   Data           8  freertos_cli.o(.data)
    pxLastCommandInList                      0x20000094   Data           4  freertos_cli.o(.data)
    pxCommand                                0x20000098   Data           4  freertos_cli.o(.data)
    pxCommand                                0x2000009c   Data           4  freertos_cli.o(.data)
    .data                                    0x200000a0   Section        8  sample-cli-commands.o(.data)
    uxParameterNumber                        0x200000a0   Data           4  sample-cli-commands.o(.data)
    uxParameterNumber                        0x200000a4   Data           4  sample-cli-commands.o(.data)
    .data                                    0x200000a8   Section       28  system_sc32f58128.o(.data)
    .data                                    0x200000c4   Section       52  sc32f58128_pwm.o(.data)
    .data                                    0x200000f8   Section       12  sc32f58128_timer.o(.data)
    .data                                    0x20000104   Section       12  sc32f58128_uart.o(.data)
    .bss                                     0x20000110   Section      172  bsp_iic.o(.bss)
    .bss                                     0x200001bc   Section       64  queue.o(.bss)
    .bss                                     0x200001fc   Section      200  tasks.o(.bss)
    pxReadyTasksLists                        0x200001fc   Data         100  tasks.o(.bss)
    xDelayedTaskList1                        0x20000260   Data          20  tasks.o(.bss)
    xDelayedTaskList2                        0x20000274   Data          20  tasks.o(.bss)
    xPendingReadyList                        0x20000288   Data          20  tasks.o(.bss)
    xTasksWaitingTermination                 0x2000029c   Data          20  tasks.o(.bss)
    xSuspendedTaskList                       0x200002b0   Data          20  tasks.o(.bss)
    .bss                                     0x200002c4   Section       40  timers.o(.bss)
    xActiveTimerList1                        0x200002c4   Data          20  timers.o(.bss)
    xActiveTimerList2                        0x200002d8   Data          20  timers.o(.bss)
    .bss                                     0x200002ec   Section    25600  heap_4.o(.bss)
    ucHeap                                   0x200002ec   Data       25600  heap_4.o(.bss)
    .bss                                     0x200066ec   Section       96  libspace.o(.bss)
    HEAP                                     0x20006750   Section      256  startup_sc32f58128.o(HEAP)
    Heap_Mem                                 0x20006750   Data         256  startup_sc32f58128.o(HEAP)
    STACK                                    0x20006850   Section      768  startup_sc32f58128.o(STACK)
    Stack_Mem                                0x20006850   Data         768  startup_sc32f58128.o(STACK)
    __initial_sp                             0x20006b50   Data           0  startup_sc32f58128.o(STACK)

    Global Symbols

    Symbol Name                              Value     Ov Type        Size  Object(Section)

    BuildAttributes$$THM_ISAv3M$S$PE$A:L22$X:L11$S22$IEEE1$IW$USESV6$~STKCKD$USESV7$~SHL$OSPACE$ROPI$EBA8$UX$STANDARDLIB$REQ8$PRES8$EABIv2 0x00000000   Number         0  anon$$obj.o ABSOLUTE
    __ARM_use_no_argv                        0x00000000   Number         0  sl_main.o ABSOLUTE
    __Vectors                                0x00000000   Data           4  startup_sc32f58128.o(RESET)
    __ARM_exceptions_init                     - Undefined Weak Reference
    __alloca_initialize                       - Undefined Weak Reference
    __arm_preinit_                            - Undefined Weak Reference
    __cpp_initialize__aeabi_                  - Undefined Weak Reference
    __cxa_finalize                            - Undefined Weak Reference
    __rt_locale                               - Undefined Weak Reference
    __sigvec_lookup                           - Undefined Weak Reference
    _atexit_init                              - Undefined Weak Reference
    _call_atexit_fns                          - Undefined Weak Reference
    _clock_init                               - Undefined Weak Reference
    _fp_trap_init                             - Undefined Weak Reference
    _fp_trap_shutdown                         - Undefined Weak Reference
    _get_lc_collate                           - Undefined Weak Reference
    _get_lc_ctype                             - Undefined Weak Reference
    _get_lc_monetary                          - Undefined Weak Reference
    _get_lc_numeric                           - Undefined Weak Reference
    _get_lc_time                              - Undefined Weak Reference
    _getenv_init                              - Undefined Weak Reference
    _handle_redirection                       - Undefined Weak Reference
    _init_alloc                               - Undefined Weak Reference
    _init_user_alloc                          - Undefined Weak Reference
    _initio                                   - Undefined Weak Reference
    _printf_mbtowc                            - Undefined Weak Reference
    _printf_post_padding                      - Undefined Weak Reference
    _printf_pre_padding                       - Undefined Weak Reference
    _printf_truncate_signed                   - Undefined Weak Reference
    _printf_truncate_unsigned                 - Undefined Weak Reference
    _rand_init                                - Undefined Weak Reference
    _signal_finish                            - Undefined Weak Reference
    _signal_init                              - Undefined Weak Reference
    _terminate_alloc                          - Undefined Weak Reference
    _terminate_user_alloc                     - Undefined Weak Reference
    _terminateio                              - Undefined Weak Reference
    __Vectors_End                            0x000000c0   Data           0  startup_sc32f58128.o(RESET)
    __Vectors_Size                           0x000000c0   Number         0  startup_sc32f58128.o ABSOLUTE
    __main                                   0x000000c1   Thumb Code     8  __main.o(!!!main)
    __scatterload                            0x000000c9   Thumb Code     0  __scatter.o(!!!scatter)
    __scatterload_rt2                        0x000000c9   Thumb Code    52  __scatter.o(!!!scatter)
    __scatterload_rt2_thumb_only             0x000000c9   Thumb Code     0  __scatter.o(!!!scatter)
    __scatterload_null                       0x000000d9   Thumb Code     0  __scatter.o(!!!scatter)
    __scatterload_copy                       0x00000105   Thumb Code    26  __scatter_copy.o(!!handler_copy)
    __scatterload_zeroinit                   0x00000121   Thumb Code    28  __scatter_zi.o(!!handler_zi)
    _printf_percent                          0x0000013d   Thumb Code     0  _printf_percent.o(.ARM.Collect$$_printf_percent$$00000000)
    _printf_d                                0x0000013f   Thumb Code     0  _printf_d.o(.ARM.Collect$$_printf_percent$$00000009)
    _printf_u                                0x00000149   Thumb Code     0  _printf_u.o(.ARM.Collect$$_printf_percent$$0000000A)
    _printf_c                                0x00000153   Thumb Code     0  _printf_c.o(.ARM.Collect$$_printf_percent$$00000013)
    _printf_percent_end                      0x0000015d   Thumb Code     0  _printf_percent_end.o(.ARM.Collect$$_printf_percent$$00000017)
    __rt_lib_init                            0x00000161   Thumb Code     0  libinit.o(.ARM.Collect$$libinit$$00000000)
    __rt_lib_init_alloca_1                   0x00000163   Thumb Code     0  libinit2.o(.ARM.Collect$$libinit$$0000002E)
    __rt_lib_init_argv_1                     0x00000163   Thumb Code     0  libinit2.o(.ARM.Collect$$libinit$$0000002C)
    __rt_lib_init_atexit_1                   0x00000163   Thumb Code     0  libinit2.o(.ARM.Collect$$libinit$$0000001B)
    __rt_lib_init_clock_1                    0x00000163   Thumb Code     0  libinit2.o(.ARM.Collect$$libinit$$00000021)
    __rt_lib_init_cpp_1                      0x00000163   Thumb Code     0  libinit2.o(.ARM.Collect$$libinit$$00000032)
    __rt_lib_init_exceptions_1               0x00000163   Thumb Code     0  libinit2.o(.ARM.Collect$$libinit$$00000030)
    __rt_lib_init_fp_1                       0x00000163   Thumb Code     0  libinit2.o(.ARM.Collect$$libinit$$00000002)
    __rt_lib_init_fp_trap_1                  0x00000163   Thumb Code     0  libinit2.o(.ARM.Collect$$libinit$$0000001F)
    __rt_lib_init_getenv_1                   0x00000163   Thumb Code     0  libinit2.o(.ARM.Collect$$libinit$$00000023)
    __rt_lib_init_heap_1                     0x00000163   Thumb Code     0  libinit2.o(.ARM.Collect$$libinit$$0000000A)
    __rt_lib_init_lc_collate_1               0x00000163   Thumb Code     0  libinit2.o(.ARM.Collect$$libinit$$00000011)
    __rt_lib_init_lc_ctype_1                 0x00000163   Thumb Code     0  libinit2.o(.ARM.Collect$$libinit$$00000013)
    __rt_lib_init_lc_monetary_1              0x00000163   Thumb Code     0  libinit2.o(.ARM.Collect$$libinit$$00000015)
    __rt_lib_init_lc_numeric_1               0x00000163   Thumb Code     0  libinit2.o(.ARM.Collect$$libinit$$00000017)
    __rt_lib_init_lc_time_1                  0x00000163   Thumb Code     0  libinit2.o(.ARM.Collect$$libinit$$00000019)
    __rt_lib_init_preinit_1                  0x00000163   Thumb Code     0  libinit2.o(.ARM.Collect$$libinit$$00000004)
    __rt_lib_init_rand_1                     0x00000163   Thumb Code     0  libinit2.o(.ARM.Collect$$libinit$$0000000E)
    __rt_lib_init_return                     0x00000163   Thumb Code     0  libinit2.o(.ARM.Collect$$libinit$$00000033)
    __rt_lib_init_signal_1                   0x00000163   Thumb Code     0  libinit2.o(.ARM.Collect$$libinit$$0000001D)
    __rt_lib_init_stdio_1                    0x00000163   Thumb Code     0  libinit2.o(.ARM.Collect$$libinit$$00000025)
    __rt_lib_init_user_alloc_1               0x00000163   Thumb Code     0  libinit2.o(.ARM.Collect$$libinit$$0000000C)
    __rt_lib_shutdown                        0x00000165   Thumb Code     0  libshutdown.o(.ARM.Collect$$libshutdown$$00000000)
    __rt_lib_shutdown_cpp_1                  0x00000167   Thumb Code     0  libshutdown2.o(.ARM.Collect$$libshutdown$$00000002)
    __rt_lib_shutdown_fp_trap_1              0x00000167   Thumb Code     0  libshutdown2.o(.ARM.Collect$$libshutdown$$00000007)
    __rt_lib_shutdown_heap_1                 0x00000167   Thumb Code     0  libshutdown2.o(.ARM.Collect$$libshutdown$$0000000F)
    __rt_lib_shutdown_return                 0x00000167   Thumb Code     0  libshutdown2.o(.ARM.Collect$$libshutdown$$00000010)
    __rt_lib_shutdown_signal_1               0x00000167   Thumb Code     0  libshutdown2.o(.ARM.Collect$$libshutdown$$0000000A)
    __rt_lib_shutdown_stdio_1                0x00000167   Thumb Code     0  libshutdown2.o(.ARM.Collect$$libshutdown$$00000004)
    __rt_lib_shutdown_user_alloc_1           0x00000167   Thumb Code     0  libshutdown2.o(.ARM.Collect$$libshutdown$$0000000C)
    __rt_entry                               0x00000169   Thumb Code     0  __rtentry.o(.ARM.Collect$$rtentry$$00000000)
    __rt_entry_presh_1                       0x00000169   Thumb Code     0  __rtentry2.o(.ARM.Collect$$rtentry$$00000002)
    __rt_entry_sh                            0x00000169   Thumb Code     0  __rtentry4.o(.ARM.Collect$$rtentry$$00000004)
    __rt_entry_li                            0x0000016f   Thumb Code     0  __rtentry2.o(.ARM.Collect$$rtentry$$0000000A)
    __rt_entry_postsh_1                      0x0000016f   Thumb Code     0  __rtentry2.o(.ARM.Collect$$rtentry$$00000009)
    __rt_entry_main                          0x00000173   Thumb Code     0  __rtentry2.o(.ARM.Collect$$rtentry$$0000000D)
    __rt_entry_postli_1                      0x00000173   Thumb Code     0  __rtentry2.o(.ARM.Collect$$rtentry$$0000000C)
    __rt_exit                                0x0000017b   Thumb Code     0  rtexit.o(.ARM.Collect$$rtexit$$00000000)
    __rt_exit_ls                             0x0000017d   Thumb Code     0  rtexit2.o(.ARM.Collect$$rtexit$$00000003)
    __rt_exit_prels_1                        0x0000017d   Thumb Code     0  rtexit2.o(.ARM.Collect$$rtexit$$00000002)
    __rt_exit_exit                           0x00000181   Thumb Code     0  rtexit2.o(.ARM.Collect$$rtexit$$00000004)
    __asm___6_port_c_39a90d8d__prvPortStartFirstTask 0x00000189   Thumb Code    36  port.o(.emb_text)
    ulSetInterruptMaskFromISR                0x000001b1   Thumb Code     8  port.o(.emb_text)
    vClearInterruptMaskFromISR               0x000001b9   Thumb Code     6  port.o(.emb_text)
    PendSV_Handler                           0x000001bf   Thumb Code    62  port.o(.emb_text)
    __aeabi_memcpy4                          0x00000201   Thumb Code    56  rt_memcpy.o(.emb_text)
    __aeabi_memcpy8                          0x00000201   Thumb Code     0  rt_memcpy.o(.emb_text)
    Reset_Handler                            0x00000239   Thumb Code    62  startup_sc32f58128.o(.text)
    __user_initial_stackheap                 0x00000285   Thumb Code    10  startup_sc32f58128.o(.text)
    __aeabi_uldivmod                         0x000002d5   Thumb Code   258  lludiv.o(.text)
    _ll_udiv                                 0x000002d5   Thumb Code     0  lludiv.o(.text)
    __2sprintf                               0x000003d9   Thumb Code    36  noretval__2sprintf.o(.text)
    __printf                                 0x00000401   Thumb Code   108  __printf.o(.text)
    _printf_str                              0x0000046d   Thumb Code    82  _printf_str.o(.text)
    _printf_int_dec                          0x000004c1   Thumb Code    90  _printf_dec.o(.text)
    strncat                                  0x0000052d   Thumb Code    36  strncat.o(.text)
    strcpy                                   0x00000551   Thumb Code    70  strcpy.o(.text)
    strlen                                   0x0000059d   Thumb Code    62  strlen.o(.text)
    __aeabi_memcpy                           0x000005e1   Thumb Code   130  rt_memcpy.o(.text)
    __rt_memcpy                              0x000005e1   Thumb Code     0  rt_memcpy.o(.text)
    __aeabi_memset                           0x00000663   Thumb Code    18  aeabi_memset.o(.text)
    _memset_w                                0x00000675   Thumb Code    26  rt_memclr.o(.text)
    _memset                                  0x0000068f   Thumb Code    30  rt_memclr.o(.text)
    __aeabi_memclr                           0x000006ad   Thumb Code     4  rt_memclr.o(.text)
    __rt_memclr                              0x000006ad   Thumb Code     0  rt_memclr.o(.text)
    __aeabi_memclr4                          0x000006b1   Thumb Code     0  rt_memclr.o(.text)
    __aeabi_memclr8                          0x000006b1   Thumb Code     0  rt_memclr.o(.text)
    __rt_memclr_w                            0x000006b1   Thumb Code     4  rt_memclr.o(.text)
    strncpy                                  0x000006b5   Thumb Code   104  strncpy.o(.text)
    __aeabi_uidiv                            0x00000721   Thumb Code     0  aeabi_sdiv.o(.text)
    __aeabi_uidivmod                         0x00000721   Thumb Code    20  aeabi_sdiv.o(.text)
    __aeabi_idiv                             0x00000735   Thumb Code     0  aeabi_sdiv.o(.text)
    __aeabi_idivmod                          0x00000735   Thumb Code   326  aeabi_sdiv.o(.text)
    __use_two_region_memory                  0x0000087b   Thumb Code     2  heapauxi.o(.text)
    __rt_heap_escrow$2region                 0x0000087d   Thumb Code     2  heapauxi.o(.text)
    __rt_heap_expand$2region                 0x0000087f   Thumb Code     2  heapauxi.o(.text)
    _printf_int_common                       0x00000881   Thumb Code   176  _printf_intcommon.o(.text)
    _printf_char_common                      0x0000093b   Thumb Code    32  _printf_char_common.o(.text)
    _sputc                                   0x00000961   Thumb Code    10  _sputc.o(.text)
    _printf_cs_common                        0x0000096b   Thumb Code    22  _printf_char.o(.text)
    _printf_char                             0x00000981   Thumb Code    16  _printf_char.o(.text)
    _printf_string                           0x00000991   Thumb Code     8  _printf_char.o(.text)
    __rt_udiv10                              0x00000999   Thumb Code    40  rtudiv10.o(.text)
    __user_setup_stackheap                   0x000009c1   Thumb Code    62  sys_stackheap_outer.o(.text)
    exit                                     0x000009ff   Thumb Code    16  exit.o(.text)
    __user_libspace                          0x00000a11   Thumb Code     8  libspace.o(.text)
    __user_perproc_libspace                  0x00000a11   Thumb Code     0  libspace.o(.text)
    __user_perthread_libspace                0x00000a11   Thumb Code     0  libspace.o(.text)
    _sys_exit                                0x00000a19   Thumb Code     8  sys_exit.o(.text)
    __I$use$semihosting                      0x00000a25   Thumb Code     0  use_no_semi.o(.text)
    __use_no_semihosting_swi                 0x00000a25   Thumb Code     2  use_no_semi.o(.text)
    __semihosting_library_function           0x00000a27   Thumb Code     0  indicate_semi.o(.text)
    ADC1_IRQHandler                          0x00000a29   Thumb Code    28  sl_niv.o(i.ADC1_IRQHandler)
    ADC2_IRQHandler                          0x00000a49   Thumb Code     2  sl_niv.o(i.ADC2_IRQHandler)
    ADC3_IRQHandler                          0x00000a4b   Thumb Code     2  sl_niv.o(i.ADC3_IRQHandler)
    ADC_IRQHandler                           0x00000a4d   Thumb Code     2  sl_niv.o(i.ADC_IRQHandler)
    AD_PIN_SEL                               0x00000a4f   Thumb Code    84  bsp_adc.o(i.AD_PIN_SEL)
    AdcInit                                  0x00000aa5   Thumb Code   414  sc32f58128_adc.o(i.AdcInit)
    AppUart_Motor                            0x00000c69   Thumb Code    10  usertask.o(i.AppUart_Motor)
    BSP_AdcInit                              0x00000c75   Thumb Code   284  bsp_adc.o(i.BSP_AdcInit)
    BSP_GpioInit                             0x00000db9   Thumb Code    58  bsp_gpio.o(i.BSP_GpioInit)
    BSP_PwmInit                              0x00000df3   Thumb Code    52  bsp_pwm.o(i.BSP_PwmInit)
    BSP_UartInit                             0x00000e29   Thumb Code   128  bsp_uart.o(i.BSP_UartInit)
    CAN_IRQHandler                           0x00000eb1   Thumb Code     2  sl_niv.o(i.CAN_IRQHandler)
    COPROC_IRQHandler                        0x00000eb3   Thumb Code     2  sl_niv.o(i.COPROC_IRQHandler)
    DMA_IRQHandler                           0x00000eb5   Thumb Code     2  sl_niv.o(i.DMA_IRQHandler)
    ECAP0_IRQHandler                         0x00000eb7   Thumb Code     2  sl_niv.o(i.ECAP0_IRQHandler)
    ECAP1_IRQHandler                         0x00000eb9   Thumb Code     2  sl_niv.o(i.ECAP1_IRQHandler)
    ECAP2_IRQHandler                         0x00000ebb   Thumb Code     2  sl_niv.o(i.ECAP2_IRQHandler)
    EQEP0_IRQHandler                         0x00000ebd   Thumb Code     2  sl_niv.o(i.EQEP0_IRQHandler)
    EQEP1_IRQHandler                         0x00000ebf   Thumb Code     2  sl_niv.o(i.EQEP1_IRQHandler)
    ERU0_IRQHandler                          0x00000ec1   Thumb Code     2  sl_niv.o(i.ERU0_IRQHandler)
    ERU1_IRQHandler                          0x00000ec3   Thumb Code     2  sl_niv.o(i.ERU1_IRQHandler)
    ERU2_IRQHandler                          0x00000ec5   Thumb Code     2  sl_niv.o(i.ERU2_IRQHandler)
    ERU3_IRQHandler                          0x00000ec7   Thumb Code     2  sl_niv.o(i.ERU3_IRQHandler)
    FreeRTOS_CLIGetParameter                 0x00000ec9   Thumb Code   102  freertos_cli.o(i.FreeRTOS_CLIGetParameter)
    FreeRTOS_CLIRegisterCommand              0x00000f31   Thumb Code    68  freertos_cli.o(i.FreeRTOS_CLIRegisterCommand)
    GPIO_IRQHandler                          0x00000f79   Thumb Code     2  sl_niv.o(i.GPIO_IRQHandler)
    GPIO_ModeSel                             0x00000f7d   Thumb Code    96  sc32f58128_gpio.o(i.GPIO_ModeSel)
    GPIO_MuxSel                              0x00000ff5   Thumb Code    98  sc32f58128_gpio.o(i.GPIO_MuxSel)
    GPIO_OutputEnable                        0x0000106d   Thumb Code    38  sc32f58128_gpio.o(i.GPIO_OutputEnable)
    GPIO_PullUpDownSel                       0x00001095   Thumb Code   100  sc32f58128_gpio.o(i.GPIO_PullUpDownSel)
    GPIO_SetHigh                             0x0000110d   Thumb Code    32  sc32f58128_gpio.o(i.GPIO_SetHigh)
    GPIO_SetLow                              0x0000112d   Thumb Code    32  sc32f58128_gpio.o(i.GPIO_SetLow)
    HardFault_Handler                        0x0000114d   Thumb Code     4  sl_niv.o(i.HardFault_Handler)
    I2C_deal                                 0x00001151   Thumb Code   154  sc32f58128_iic.o(i.I2C_deal)
    INIT_DeviceInit                          0x000011f1   Thumb Code    16  devinit.o(i.INIT_DeviceInit)
    NMI_Handler                              0x00001201   Thumb Code     2  sl_niv.o(i.NMI_Handler)
    NVR_ReadPage                             0x00001205   Thumb Code   296  sc32f58128_iap.o(i.NVR_ReadPage)
    PWM0_IRQHandler                          0x0000133d   Thumb Code     2  sl_niv.o(i.PWM0_IRQHandler)
    PWM1256_IRQHandler                       0x0000133f   Thumb Code     2  sl_niv.o(i.PWM1256_IRQHandler)
    PWM3_IRQHandler                          0x00001341   Thumb Code     2  sl_niv.o(i.PWM3_IRQHandler)
    PWM4_IRQHandler                          0x00001343   Thumb Code     2  sl_niv.o(i.PWM4_IRQHandler)
    PWM7_IRQHandler                          0x00001345   Thumb Code     2  sl_niv.o(i.PWM7_IRQHandler)
    PWM_CFG                                  0x00001349   Thumb Code   436  bsp_pwm.o(i.PWM_CFG)
    PWM_Duty_CFG                             0x00001501   Thumb Code    14  bsp_pwm.o(i.PWM_Duty_CFG)
    PWM_INT_CFG                              0x0000151d   Thumb Code    82  bsp_pwm.o(i.PWM_INT_CFG)
    PWM_PIN_SEL                              0x00001575   Thumb Code     2  bsp_pwm.o(i.PWM_PIN_SEL)
    PWM_START                                0x00001579   Thumb Code    70  bsp_pwm.o(i.PWM_START)
    SSP01_IRQHandler                         0x000015d9   Thumb Code     2  sl_niv.o(i.SSP01_IRQHandler)
    SSP23_IIC_IRQHandler                     0x000015dd   Thumb Code   694  sl_niv.o(i.SSP23_IIC_IRQHandler)
    SVC_Handler                              0x000018a1   Thumb Code     2  port.o(i.SVC_Handler)
    SYS_IRQHandler                           0x000018a3   Thumb Code     2  sl_niv.o(i.SYS_IRQHandler)
    SysClkDivSel                             0x000018a5   Thumb Code    58  sc32f58128_sysclkcfg.o(i.SysClkDivSel)
    SysClockConfig                           0x000018e9   Thumb Code   518  sc32f58128_sysclkcfg.o(i.SysClockConfig)
    SysTick_Handler                          0x00001b11   Thumb Code    32  port.o(i.SysTick_Handler)
    SystemCoreClockUpdate                    0x00001b35   Thumb Code   256  system_sc32f58128.o(i.SystemCoreClockUpdate)
    SystemInit                               0x00001c5d   Thumb Code   150  system_sc32f58128.o(i.SystemInit)
    TIMER0_IRQHandler                        0x00001d1d   Thumb Code    28  sl_niv.o(i.TIMER0_IRQHandler)
    TIMER1_IRQHandler                        0x00001d41   Thumb Code     2  sl_niv.o(i.TIMER1_IRQHandler)
    TIMER234_IRQHandler                      0x00001d43   Thumb Code     2  sl_niv.o(i.TIMER234_IRQHandler)
    TIMER_TmrConfig                          0x00001d45   Thumb Code   242  sc32f58128_timer.o(i.TIMER_TmrConfig)
    UART0_IRQHandler                         0x00001e45   Thumb Code    92  sl_niv.o(i.UART0_IRQHandler)
    UART0_RX_IRQHandler                      0x00001ea9   Thumb Code     2  sl_niv.o(i.UART0_RX_IRQHandler)
    UART12_IRQHandler                        0x00001eab   Thumb Code     2  sl_niv.o(i.UART12_IRQHandler)
    UartInit                                 0x00001ead   Thumb Code   470  sc32f58128_uart.o(i.UartInit)
    __ARM_common_ll_muluu                    0x00002091   Thumb Code    48  sc32f58128_qep.o(i.__ARM_common_ll_muluu)
    __ARM_common_switch8                     0x000020c1   Thumb Code    26  dbgtool.o(i.__ARM_common_switch8)
    eTaskGetState                            0x000021b1   Thumb Code   132  tasks.o(i.eTaskGetState)
    main                                     0x00002249   Thumb Code    40  sl_main.o(i.main)
    main_c1                                  0x00002289   Thumb Code     4  sl_main.o(i.main_c1)
    mg_CacheInit                             0x0000228d   Thumb Code   184  devinit.o(i.mg_CacheInit)
    mg_DevicePeripheralInit                  0x00002361   Thumb Code    24  devinit.o(i.mg_DevicePeripheralInit)
    mg_DeviceSystemInit                      0x00002379   Thumb Code   110  devinit.o(i.mg_DeviceSystemInit)
    mg_DisableOSC                            0x000023ed   Thumb Code    22  sc32f58128_sysclkcfg.o(i.mg_DisableOSC)
    mg_DisablePLL                            0x0000240d   Thumb Code    26  sc32f58128_sysclkcfg.o(i.mg_DisablePLL)
    mg_EnableOSC                             0x00002431   Thumb Code    36  sc32f58128_sysclkcfg.o(i.mg_EnableOSC)
    mg_EnablePLL                             0x0000245d   Thumb Code    36  sc32f58128_sysclkcfg.o(i.mg_EnablePLL)
    mg_EnableRCH                             0x00002489   Thumb Code    42  sc32f58128_sysclkcfg.o(i.mg_EnableRCH)
    mg_PortSelect                            0x000024c1   Thumb Code    52  sc32f58128_gpio.o(i.mg_PortSelect)
    mg_SetIRQ                                0x00002509   Thumb Code    88  devinit.o(i.mg_SetIRQ)
    mg_TimerInit                             0x00002561   Thumb Code    14  devinit.o(i.mg_TimerInit)
    pvPortMalloc                             0x000032f5   Thumb Code   300  heap_4.o(i.pvPortMalloc)
    pxPortInitialiseStack                    0x00003439   Thumb Code    26  port.o(i.pxPortInitialiseStack)
    rsv1_IRQHandler                          0x00003459   Thumb Code     2  sl_niv.o(i.rsv1_IRQHandler)
    uxListRemove                             0x0000345b   Thumb Code    40  list.o(i.uxListRemove)
    uxTaskGetSystemState                     0x00003485   Thumb Code   140  tasks.o(i.uxTaskGetSystemState)
    vListInitialise                          0x0000352d   Thumb Code    26  list.o(i.vListInitialise)
    vListInitialiseItem                      0x00003547   Thumb Code     6  list.o(i.vListInitialiseItem)
    vListInsert                              0x0000354d   Thumb Code    54  list.o(i.vListInsert)
    vListInsertEnd                           0x00003583   Thumb Code    24  list.o(i.vListInsertEnd)
    vPortEnterCritical                       0x0000359d   Thumb Code    22  port.o(i.vPortEnterCritical)
    vPortExitCritical                        0x000035b9   Thumb Code    36  port.o(i.vPortExitCritical)
    vPortFree                                0x000035e1   Thumb Code   130  heap_4.o(i.vPortFree)
    vPortSetupTimerInterrupt                 0x00003671   Thumb Code    34  port.o(i.vPortSetupTimerInterrupt)
    vPortYield                               0x0000369d   Thumb Code    18  port.o(i.vPortYield)
    vQueueAddToRegistry                      0x000036b5   Thumb Code    40  queue.o(i.vQueueAddToRegistry)
    vQueueWaitForMessageRestricted           0x000036e1   Thumb Code    76  queue.o(i.vQueueWaitForMessageRestricted)
    vRegisterSampleCLICommands               0x0000372d   Thumb Code    34  sample-cli-commands.o(i.vRegisterSampleCLICommands)
    vTaskDelay                               0x00003765   Thumb Code    62  tasks.o(i.vTaskDelay)
    vTaskGetInfo                             0x000037a9   Thumb Code   128  tasks.o(i.vTaskGetInfo)
    vTaskGetRunTimeStats                     0x0000382d   Thumb Code   162  tasks.o(i.vTaskGetRunTimeStats)
    vTaskInternalSetTimeOutState             0x000038ed   Thumb Code    14  tasks.o(i.vTaskInternalSetTimeOutState)
    vTaskList                                0x00003905   Thumb Code   186  tasks.o(i.vTaskList)
    vTaskMissedYield                         0x000039d5   Thumb Code     8  tasks.o(i.vTaskMissedYield)
    vTaskPlaceOnEventList                    0x000039e1   Thumb Code    38  tasks.o(i.vTaskPlaceOnEventList)
    vTaskPlaceOnEventListRestricted          0x00003a0d   Thumb Code    48  tasks.o(i.vTaskPlaceOnEventListRestricted)
    vTaskStartScheduler                      0x00003a41   Thumb Code    98  tasks.o(i.vTaskStartScheduler)
    vTaskSuspendAll                          0x00003ac9   Thumb Code    12  tasks.o(i.vTaskSuspendAll)
    vTaskSwitchContext                       0x00003ad9   Thumb Code   160  tasks.o(i.vTaskSwitchContext)
    xPortGetFreeHeapSize                     0x00003b99   Thumb Code     6  heap_4.o(i.xPortGetFreeHeapSize)
    xPortGetMinimumEverFreeHeapSize          0x00003ba5   Thumb Code     6  heap_4.o(i.xPortGetMinimumEverFreeHeapSize)
    xPortStartScheduler                      0x00003bb1   Thumb Code    48  port.o(i.xPortStartScheduler)
    xQueueGenericCreate                      0x00003be9   Thumb Code   132  queue.o(i.xQueueGenericCreate)
    xQueueGenericReset                       0x00003c6d   Thumb Code   130  queue.o(i.xQueueGenericReset)
    xQueueGenericSend                        0x00003cef   Thumb Code   382  queue.o(i.xQueueGenericSend)
    xQueueGenericSendFromISR                 0x00003e6d   Thumb Code   244  queue.o(i.xQueueGenericSendFromISR)
    xQueueReceive                            0x00003f61   Thumb Code   312  queue.o(i.xQueueReceive)
    xTaskCheckForTimeOut                     0x00004099   Thumb Code   110  tasks.o(i.xTaskCheckForTimeOut)
    xTaskCreate                              0x00004111   Thumb Code    92  tasks.o(i.xTaskCreate)
    xTaskGetSchedulerState                   0x0000416d   Thumb Code    28  tasks.o(i.xTaskGetSchedulerState)
    xTaskGetTickCount                        0x00004191   Thumb Code     6  tasks.o(i.xTaskGetTickCount)
    xTaskIncrementTick                       0x0000419d   Thumb Code   270  tasks.o(i.xTaskIncrementTick)
    xTaskPriorityDisinherit                  0x000042d9   Thumb Code   124  tasks.o(i.xTaskPriorityDisinherit)
    xTaskRemoveFromEventList                 0x00004361   Thumb Code   112  tasks.o(i.xTaskRemoveFromEventList)
    xTaskResumeAll                           0x000043e9   Thumb Code   206  tasks.o(i.xTaskResumeAll)
    xTimerCreateTimerTask                    0x000044d9   Thumb Code    52  timers.o(i.xTimerCreateTimerTask)
    xTimerGenericCommand                     0x00004521   Thumb Code   110  timers.o(i.xTimerGenericCommand)
    Region$$Table$$Base                      0x000048d0   Number         0  anon$$obj.o(Region$$Table)
    Region$$Table$$Limit                     0x000048f0   Number         0  anon$$obj.o(Region$$Table)
    ulHighFrequencyTimerTicks                0x20000004   Data           4  sl_niv.o(.data)
    pxCurrentTCB                             0x2000000c   Data           4  tasks.o(.data)
    uxTopUsedPriority                        0x20000044   Data           4  tasks.o(.data)
    ExternalOscClock                         0x200000a8   Data           4  system_sc32f58128.o(.data)
    SystemCoreClock                          0x200000ac   Data           4  system_sc32f58128.o(.data)
    SystemAhbClock                           0x200000b0   Data           4  system_sc32f58128.o(.data)
    SystemApb01Clock                         0x200000b4   Data           4  system_sc32f58128.o(.data)
    SystemApb23Clock                         0x200000b8   Data           4  system_sc32f58128.o(.data)
    SystemMtClock                            0x200000bc   Data           4  system_sc32f58128.o(.data)
    PrimaskState                             0x200000c0   Data           4  system_sc32f58128.o(.data)
    PWM                                      0x200000c4   Data          32  sc32f58128_pwm.o(.data)
    mg_sPwmTest                              0x200000e4   Data          20  sc32f58128_pwm.o(.data)
    TIMER                                    0x200000f8   Data          12  sc32f58128_timer.o(.data)
    UART                                     0x20000104   Data          12  sc32f58128_uart.o(.data)
    IICInfo                                  0x20000110   Data          45  bsp_iic.o(.bss)
    strI2cMsg                                0x2000013e   Data         126  bsp_iic.o(.bss)
    xQueueRegistry                           0x200001bc   Data          64  queue.o(.bss)
    __libspace_start                         0x200066ec   Data          96  libspace.o(.bss)
    __temporary_stack_top$libspace           0x2000674c   Data           0  libspace.o(.bss)



==============================================================================

Memory Map of the image

  Image Entry point : 0x000000c1

  Load Region LR_IROM1 (Base: 0x00000000, Size: 0x00004a00, Max: 0x00020000, ABSOLUTE)

    Execution Region ER_IROM1 (Exec base: 0x00000000, Load base: 0x00000000, Size: 0x000048f0, Max: 0x00020000, ABSOLUTE)

    Exec Addr    Load Addr    Size         Type   Attr      Idx    E Section Name        Object

    0x00000000   0x00000000   0x000000c0   Data   RO         2279    RESET               startup_sc32f58128.o
    0x000000c0   0x000000c0   0x00000008   Code   RO         3761  * !!!main             c_p.l(__main.o)
    0x000000c8   0x000000c8   0x0000003c   Code   RO         3958    !!!scatter          c_p.l(__scatter.o)
    0x00000104   0x00000104   0x0000001a   Code   RO         3960    !!handler_copy      c_p.l(__scatter_copy.o)
    0x0000011e   0x0000011e   0x00000002   PAD
    0x00000120   0x00000120   0x0000001c   Code   RO         3962    !!handler_zi        c_p.l(__scatter_zi.o)
    0x0000013c   0x0000013c   0x00000002   Code   RO         3734    .ARM.Collect$$_printf_percent$$00000000  c_p.l(_printf_percent.o)
    0x0000013e   0x0000013e   0x0000000a   Code   RO         3732    .ARM.Collect$$_printf_percent$$00000009  c_p.l(_printf_d.o)
    0x00000148   0x00000148   0x0000000a   Code   RO         3733    .ARM.Collect$$_printf_percent$$0000000A  c_p.l(_printf_u.o)
    0x00000152   0x00000152   0x0000000a   Code   RO         3731    .ARM.Collect$$_printf_percent$$00000013  c_p.l(_printf_c.o)
    0x0000015c   0x0000015c   0x00000004   Code   RO         3791    .ARM.Collect$$_printf_percent$$00000017  c_p.l(_printf_percent_end.o)
    0x00000160   0x00000160   0x00000002   Code   RO         3828    .ARM.Collect$$libinit$$00000000  c_p.l(libinit.o)
    0x00000162   0x00000162   0x00000000   Code   RO         3842    .ARM.Collect$$libinit$$00000002  c_p.l(libinit2.o)
    0x00000162   0x00000162   0x00000000   Code   RO         3844    .ARM.Collect$$libinit$$00000004  c_p.l(libinit2.o)
    0x00000162   0x00000162   0x00000000   Code   RO         3847    .ARM.Collect$$libinit$$0000000A  c_p.l(libinit2.o)
    0x00000162   0x00000162   0x00000000   Code   RO         3849    .ARM.Collect$$libinit$$0000000C  c_p.l(libinit2.o)
    0x00000162   0x00000162   0x00000000   Code   RO         3851    .ARM.Collect$$libinit$$0000000E  c_p.l(libinit2.o)
    0x00000162   0x00000162   0x00000000   Code   RO         3854    .ARM.Collect$$libinit$$00000011  c_p.l(libinit2.o)
    0x00000162   0x00000162   0x00000000   Code   RO         3856    .ARM.Collect$$libinit$$00000013  c_p.l(libinit2.o)
    0x00000162   0x00000162   0x00000000   Code   RO         3858    .ARM.Collect$$libinit$$00000015  c_p.l(libinit2.o)
    0x00000162   0x00000162   0x00000000   Code   RO         3860    .ARM.Collect$$libinit$$00000017  c_p.l(libinit2.o)
    0x00000162   0x00000162   0x00000000   Code   RO         3862    .ARM.Collect$$libinit$$00000019  c_p.l(libinit2.o)
    0x00000162   0x00000162   0x00000000   Code   RO         3864    .ARM.Collect$$libinit$$0000001B  c_p.l(libinit2.o)
    0x00000162   0x00000162   0x00000000   Code   RO         3866    .ARM.Collect$$libinit$$0000001D  c_p.l(libinit2.o)
    0x00000162   0x00000162   0x00000000   Code   RO         3868    .ARM.Collect$$libinit$$0000001F  c_p.l(libinit2.o)
    0x00000162   0x00000162   0x00000000   Code   RO         3870    .ARM.Collect$$libinit$$00000021  c_p.l(libinit2.o)
    0x00000162   0x00000162   0x00000000   Code   RO         3872    .ARM.Collect$$libinit$$00000023  c_p.l(libinit2.o)
    0x00000162   0x00000162   0x00000000   Code   RO         3874    .ARM.Collect$$libinit$$00000025  c_p.l(libinit2.o)
    0x00000162   0x00000162   0x00000000   Code   RO         3878    .ARM.Collect$$libinit$$0000002C  c_p.l(libinit2.o)
    0x00000162   0x00000162   0x00000000   Code   RO         3880    .ARM.Collect$$libinit$$0000002E  c_p.l(libinit2.o)
    0x00000162   0x00000162   0x00000000   Code   RO         3882    .ARM.Collect$$libinit$$00000030  c_p.l(libinit2.o)
    0x00000162   0x00000162   0x00000000   Code   RO         3884    .ARM.Collect$$libinit$$00000032  c_p.l(libinit2.o)
    0x00000162   0x00000162   0x00000002   Code   RO         3885    .ARM.Collect$$libinit$$00000033  c_p.l(libinit2.o)
    0x00000164   0x00000164   0x00000002   Code   RO         3916    .ARM.Collect$$libshutdown$$00000000  c_p.l(libshutdown.o)
    0x00000166   0x00000166   0x00000000   Code   RO         3942    .ARM.Collect$$libshutdown$$00000002  c_p.l(libshutdown2.o)
    0x00000166   0x00000166   0x00000000   Code   RO         3944    .ARM.Collect$$libshutdown$$00000004  c_p.l(libshutdown2.o)
    0x00000166   0x00000166   0x00000000   Code   RO         3947    .ARM.Collect$$libshutdown$$00000007  c_p.l(libshutdown2.o)
    0x00000166   0x00000166   0x00000000   Code   RO         3950    .ARM.Collect$$libshutdown$$0000000A  c_p.l(libshutdown2.o)
    0x00000166   0x00000166   0x00000000   Code   RO         3952    .ARM.Collect$$libshutdown$$0000000C  c_p.l(libshutdown2.o)
    0x00000166   0x00000166   0x00000000   Code   RO         3955    .ARM.Collect$$libshutdown$$0000000F  c_p.l(libshutdown2.o)
    0x00000166   0x00000166   0x00000002   Code   RO         3956    .ARM.Collect$$libshutdown$$00000010  c_p.l(libshutdown2.o)
    0x00000168   0x00000168   0x00000000   Code   RO         3774    .ARM.Collect$$rtentry$$00000000  c_p.l(__rtentry.o)
    0x00000168   0x00000168   0x00000000   Code   RO         3796    .ARM.Collect$$rtentry$$00000002  c_p.l(__rtentry2.o)
    0x00000168   0x00000168   0x00000006   Code   RO         3808    .ARM.Collect$$rtentry$$00000004  c_p.l(__rtentry4.o)
    0x0000016e   0x0000016e   0x00000000   Code   RO         3798    .ARM.Collect$$rtentry$$00000009  c_p.l(__rtentry2.o)
    0x0000016e   0x0000016e   0x00000004   Code   RO         3799    .ARM.Collect$$rtentry$$0000000A  c_p.l(__rtentry2.o)
    0x00000172   0x00000172   0x00000000   Code   RO         3801    .ARM.Collect$$rtentry$$0000000C  c_p.l(__rtentry2.o)
    0x00000172   0x00000172   0x00000008   Code   RO         3802    .ARM.Collect$$rtentry$$0000000D  c_p.l(__rtentry2.o)
    0x0000017a   0x0000017a   0x00000002   Code   RO         3833    .ARM.Collect$$rtexit$$00000000  c_p.l(rtexit.o)
    0x0000017c   0x0000017c   0x00000000   Code   RO         3889    .ARM.Collect$$rtexit$$00000002  c_p.l(rtexit2.o)
    0x0000017c   0x0000017c   0x00000004   Code   RO         3890    .ARM.Collect$$rtexit$$00000003  c_p.l(rtexit2.o)
    0x00000180   0x00000180   0x00000006   Code   RO         3891    .ARM.Collect$$rtexit$$00000004  c_p.l(rtexit2.o)
    0x00000186   0x00000186   0x00000002   PAD
    0x00000188   0x00000188   0x00000078   Code   RO         1952    .emb_text           port.o
    0x00000200   0x00000200   0x00000038   Code   RO         3743    .emb_text           c_p.l(rt_memcpy.o)
    0x00000238   0x00000238   0x0000009c   Code   RO         2280    .text               startup_sc32f58128.o
    0x000002d4   0x000002d4   0x00000102   Code   RO         3699    .text               c_p.l(lludiv.o)
    0x000003d6   0x000003d6   0x00000002   PAD
    0x000003d8   0x000003d8   0x00000028   Code   RO         3703    .text               c_p.l(noretval__2sprintf.o)
    0x00000400   0x00000400   0x0000006c   Code   RO         3705    .text               c_p.l(__printf.o)
    0x0000046c   0x0000046c   0x00000052   Code   RO         3707    .text               c_p.l(_printf_str.o)
    0x000004be   0x000004be   0x00000002   PAD
    0x000004c0   0x000004c0   0x0000006c   Code   RO         3709    .text               c_p.l(_printf_dec.o)
    0x0000052c   0x0000052c   0x00000024   Code   RO         3735    .text               c_p.l(strncat.o)
    0x00000550   0x00000550   0x0000004c   Code   RO         3737    .text               c_p.l(strcpy.o)
    0x0000059c   0x0000059c   0x00000044   Code   RO         3739    .text               c_p.l(strlen.o)
    0x000005e0   0x000005e0   0x00000082   Code   RO         3744    .text               c_p.l(rt_memcpy.o)
    0x00000662   0x00000662   0x00000012   Code   RO         3749    .text               c_p.l(aeabi_memset.o)
    0x00000674   0x00000674   0x00000040   Code   RO         3751    .text               c_p.l(rt_memclr.o)
    0x000006b4   0x000006b4   0x0000006c   Code   RO         3753    .text               c_p.l(strncpy.o)
    0x00000720   0x00000720   0x0000015a   Code   RO         3755    .text               c_p.l(aeabi_sdiv.o)
    0x0000087a   0x0000087a   0x00000006   Code   RO         3759    .text               c_p.l(heapauxi.o)
    0x00000880   0x00000880   0x000000b0   Code   RO         3783    .text               c_p.l(_printf_intcommon.o)
    0x00000930   0x00000930   0x00000030   Code   RO         3785    .text               c_p.l(_printf_char_common.o)
    0x00000960   0x00000960   0x0000000a   Code   RO         3787    .text               c_p.l(_sputc.o)
    0x0000096a   0x0000096a   0x0000002e   Code   RO         3789    .text               c_p.l(_printf_char.o)
    0x00000998   0x00000998   0x00000028   Code   RO         3792    .text               c_p.l(rtudiv10.o)
    0x000009c0   0x000009c0   0x0000003e   Code   RO         3814    .text               c_p.l(sys_stackheap_outer.o)
    0x000009fe   0x000009fe   0x00000010   Code   RO         3817    .text               c_p.l(exit.o)
    0x00000a0e   0x00000a0e   0x00000002   PAD
    0x00000a10   0x00000a10   0x00000008   Code   RO         3829    .text               c_p.l(libspace.o)
    0x00000a18   0x00000a18   0x0000000c   Code   RO         3886    .text               c_p.l(sys_exit.o)
    0x00000a24   0x00000a24   0x00000002   Code   RO         3905    .text               c_p.l(use_no_semi.o)
    0x00000a26   0x00000a26   0x00000000   Code   RO         3907    .text               c_p.l(indicate_semi.o)
    0x00000a26   0x00000a26   0x00000002   PAD
    0x00000a28   0x00000a28   0x00000020   Code   RO          121    i.ADC1_IRQHandler   sl_niv.o
    0x00000a48   0x00000a48   0x00000002   Code   RO          122    i.ADC2_IRQHandler   sl_niv.o
    0x00000a4a   0x00000a4a   0x00000002   Code   RO          123    i.ADC3_IRQHandler   sl_niv.o
    0x00000a4c   0x00000a4c   0x00000002   Code   RO          124    i.ADC_IRQHandler    sl_niv.o
    0x00000a4e   0x00000a4e   0x00000054   Code   RO          621    i.AD_PIN_SEL        bsp_adc.o
    0x00000aa2   0x00000aa2   0x00000002   PAD
    0x00000aa4   0x00000aa4   0x000001c4   Code   RO         2393    i.AdcInit           sc32f58128_adc.o
    0x00000c68   0x00000c68   0x0000000a   Code   RO          392    i.AppUart_Motor     usertask.o
    0x00000c72   0x00000c72   0x00000002   PAD
    0x00000c74   0x00000c74   0x00000144   Code   RO          622    i.BSP_AdcInit       bsp_adc.o
    0x00000db8   0x00000db8   0x0000003a   Code   RO          546    i.BSP_GpioInit      bsp_gpio.o
    0x00000df2   0x00000df2   0x00000034   Code   RO          656    i.BSP_PwmInit       bsp_pwm.o
    0x00000e26   0x00000e26   0x00000002   PAD
    0x00000e28   0x00000e28   0x00000088   Code   RO          601    i.BSP_UartInit      bsp_uart.o
    0x00000eb0   0x00000eb0   0x00000002   Code   RO          125    i.CAN_IRQHandler    sl_niv.o
    0x00000eb2   0x00000eb2   0x00000002   Code   RO          126    i.COPROC_IRQHandler  sl_niv.o
    0x00000eb4   0x00000eb4   0x00000002   Code   RO          127    i.DMA_IRQHandler    sl_niv.o
    0x00000eb6   0x00000eb6   0x00000002   Code   RO          128    i.ECAP0_IRQHandler  sl_niv.o
    0x00000eb8   0x00000eb8   0x00000002   Code   RO          129    i.ECAP1_IRQHandler  sl_niv.o
    0x00000eba   0x00000eba   0x00000002   Code   RO          130    i.ECAP2_IRQHandler  sl_niv.o
    0x00000ebc   0x00000ebc   0x00000002   Code   RO          131    i.EQEP0_IRQHandler  sl_niv.o
    0x00000ebe   0x00000ebe   0x00000002   Code   RO          132    i.EQEP1_IRQHandler  sl_niv.o
    0x00000ec0   0x00000ec0   0x00000002   Code   RO          133    i.ERU0_IRQHandler   sl_niv.o
    0x00000ec2   0x00000ec2   0x00000002   Code   RO          134    i.ERU1_IRQHandler   sl_niv.o
    0x00000ec4   0x00000ec4   0x00000002   Code   RO          135    i.ERU2_IRQHandler   sl_niv.o
    0x00000ec6   0x00000ec6   0x00000002   Code   RO          136    i.ERU3_IRQHandler   sl_niv.o
    0x00000ec8   0x00000ec8   0x00000066   Code   RO         2079    i.FreeRTOS_CLIGetParameter  freertos_cli.o
    0x00000f2e   0x00000f2e   0x00000002   PAD
    0x00000f30   0x00000f30   0x00000048   Code   RO         2081    i.FreeRTOS_CLIRegisterCommand  freertos_cli.o
    0x00000f78   0x00000f78   0x00000002   Code   RO          137    i.GPIO_IRQHandler   sl_niv.o
    0x00000f7a   0x00000f7a   0x00000002   PAD
    0x00000f7c   0x00000f7c   0x00000078   Code   RO         2748    i.GPIO_ModeSel      sc32f58128_gpio.o
    0x00000ff4   0x00000ff4   0x00000078   Code   RO         2749    i.GPIO_MuxSel       sc32f58128_gpio.o
    0x0000106c   0x0000106c   0x00000026   Code   RO         2753    i.GPIO_OutputEnable  sc32f58128_gpio.o
    0x00001092   0x00001092   0x00000002   PAD
    0x00001094   0x00001094   0x00000078   Code   RO         2756    i.GPIO_PullUpDownSel  sc32f58128_gpio.o
    0x0000110c   0x0000110c   0x00000020   Code   RO         2757    i.GPIO_SetHigh      sc32f58128_gpio.o
    0x0000112c   0x0000112c   0x00000020   Code   RO         2758    i.GPIO_SetLow       sc32f58128_gpio.o
    0x0000114c   0x0000114c   0x00000004   Code   RO          138    i.HardFault_Handler  sl_niv.o
    0x00001150   0x00001150   0x000000a0   Code   RO         2999    i.I2C_deal          sc32f58128_iic.o
    0x000011f0   0x000011f0   0x00000010   Code   RO          412    i.INIT_DeviceInit   devinit.o
    0x00001200   0x00001200   0x00000002   Code   RO          139    i.NMI_Handler       sl_niv.o
    0x00001202   0x00001202   0x00000002   PAD
    0x00001204   0x00001204   0x00000138   Code   RO         2878    i.NVR_ReadPage      sc32f58128_iap.o
    0x0000133c   0x0000133c   0x00000002   Code   RO          140    i.PWM0_IRQHandler   sl_niv.o
    0x0000133e   0x0000133e   0x00000002   Code   RO          141    i.PWM1256_IRQHandler  sl_niv.o
    0x00001340   0x00001340   0x00000002   Code   RO          142    i.PWM3_IRQHandler   sl_niv.o
    0x00001342   0x00001342   0x00000002   Code   RO          143    i.PWM4_IRQHandler   sl_niv.o
    0x00001344   0x00001344   0x00000002   Code   RO          144    i.PWM7_IRQHandler   sl_niv.o
    0x00001346   0x00001346   0x00000002   PAD
    0x00001348   0x00001348   0x000001b8   Code   RO          657    i.PWM_CFG           bsp_pwm.o
    0x00001500   0x00001500   0x0000001c   Code   RO          658    i.PWM_Duty_CFG      bsp_pwm.o
    0x0000151c   0x0000151c   0x00000058   Code   RO          659    i.PWM_INT_CFG       bsp_pwm.o
    0x00001574   0x00001574   0x00000002   Code   RO          660    i.PWM_PIN_SEL       bsp_pwm.o
    0x00001576   0x00001576   0x00000002   PAD
    0x00001578   0x00001578   0x00000060   Code   RO          663    i.PWM_START         bsp_pwm.o
    0x000015d8   0x000015d8   0x00000002   Code   RO          146    i.SSP01_IRQHandler  sl_niv.o
    0x000015da   0x000015da   0x00000002   PAD
    0x000015dc   0x000015dc   0x000002c4   Code   RO          147    i.SSP23_IIC_IRQHandler  sl_niv.o
    0x000018a0   0x000018a0   0x00000002   Code   RO         1953    i.SVC_Handler       port.o
    0x000018a2   0x000018a2   0x00000002   Code   RO          149    i.SYS_IRQHandler    sl_niv.o
    0x000018a4   0x000018a4   0x00000044   Code   RO         2330    i.SysClkDivSel      sc32f58128_sysclkcfg.o
    0x000018e8   0x000018e8   0x00000228   Code   RO         2331    i.SysClockConfig    sc32f58128_sysclkcfg.o
    0x00001b10   0x00001b10   0x00000024   Code   RO         1954    i.SysTick_Handler   port.o
    0x00001b34   0x00001b34   0x00000128   Code   RO         2288    i.SystemCoreClockUpdate  system_sc32f58128.o
    0x00001c5c   0x00001c5c   0x000000c0   Code   RO         2289    i.SystemInit        system_sc32f58128.o
    0x00001d1c   0x00001d1c   0x00000024   Code   RO          151    i.TIMER0_IRQHandler  sl_niv.o
    0x00001d40   0x00001d40   0x00000002   Code   RO          152    i.TIMER1_IRQHandler  sl_niv.o
    0x00001d42   0x00001d42   0x00000002   Code   RO          153    i.TIMER234_IRQHandler  sl_niv.o
    0x00001d44   0x00001d44   0x00000100   Code   RO         3237    i.TIMER_TmrConfig   sc32f58128_timer.o
    0x00001e44   0x00001e44   0x00000064   Code   RO          154    i.UART0_IRQHandler  sl_niv.o
    0x00001ea8   0x00001ea8   0x00000002   Code   RO          155    i.UART0_RX_IRQHandler  sl_niv.o
    0x00001eaa   0x00001eaa   0x00000002   Code   RO          156    i.UART12_IRQHandler  sl_niv.o
    0x00001eac   0x00001eac   0x000001e4   Code   RO         3263    i.UartInit          sc32f58128_uart.o
    0x00002090   0x00002090   0x00000030   Code   RO         3120    i.__ARM_common_ll_muluu  sc32f58128_qep.o
    0x000020c0   0x000020c0   0x0000001a   Code   RO         3509    i.__ARM_common_switch8  OSC.lib(dbgtool.o)
    0x000020da   0x000020da   0x00000002   PAD
    0x000020dc   0x000020dc   0x00000018   Code   RO          414    i.__NVIC_ClearPendingIRQ  devinit.o
    0x000020f4   0x000020f4   0x00000020   Code   RO          415    i.__NVIC_EnableIRQ  devinit.o
    0x00002114   0x00002114   0x00000078   Code   RO          416    i.__NVIC_SetPriority  devinit.o
    0x0000218c   0x0000218c   0x00000006   Code   RO         2397    i.__get_PRIMASK     sc32f58128_adc.o
    0x00002192   0x00002192   0x00000006   Code   RO         2760    i.__get_PRIMASK     sc32f58128_gpio.o
    0x00002198   0x00002198   0x00000006   Code   RO         2885    i.__get_PRIMASK     sc32f58128_iap.o
    0x0000219e   0x0000219e   0x00000006   Code   RO         2398    i.__set_PRIMASK     sc32f58128_adc.o
    0x000021a4   0x000021a4   0x00000006   Code   RO         2761    i.__set_PRIMASK     sc32f58128_gpio.o
    0x000021aa   0x000021aa   0x00000006   Code   RO         2886    i.__set_PRIMASK     sc32f58128_iap.o
    0x000021b0   0x000021b0   0x00000098   Code   RO         1417    i.eTaskGetState     tasks.o
    0x00002248   0x00002248   0x00000040   Code   RO            3    i.main              sl_main.o
    0x00002288   0x00002288   0x00000004   Code   RO            4    i.main_c1           sl_main.o
    0x0000228c   0x0000228c   0x000000d4   Code   RO          417    i.mg_CacheInit      devinit.o
    0x00002360   0x00002360   0x00000018   Code   RO          418    i.mg_DevicePeripheralInit  devinit.o
    0x00002378   0x00002378   0x00000074   Code   RO          419    i.mg_DeviceSystemInit  devinit.o
    0x000023ec   0x000023ec   0x00000020   Code   RO         2332    i.mg_DisableOSC     sc32f58128_sysclkcfg.o
    0x0000240c   0x0000240c   0x00000024   Code   RO         2333    i.mg_DisablePLL     sc32f58128_sysclkcfg.o
    0x00002430   0x00002430   0x0000002c   Code   RO         2335    i.mg_EnableOSC      sc32f58128_sysclkcfg.o
    0x0000245c   0x0000245c   0x0000002c   Code   RO         2336    i.mg_EnablePLL      sc32f58128_sysclkcfg.o
    0x00002488   0x00002488   0x00000038   Code   RO         2337    i.mg_EnableRCH      sc32f58128_sysclkcfg.o
    0x000024c0   0x000024c0   0x00000048   Code   RO         2762    i.mg_PortSelect     sc32f58128_gpio.o
    0x00002508   0x00002508   0x00000058   Code   RO          420    i.mg_SetIRQ         devinit.o
    0x00002560   0x00002560   0x0000000e   Code   RO          422    i.mg_TimerInit      devinit.o
    0x0000256e   0x0000256e   0x00000002   PAD
    0x00002570   0x00002570   0x0000007c   Code   RO         1419    i.prvAddCurrentTaskToDelayedList  tasks.o
    0x000025ec   0x000025ec   0x000000ac   Code   RO         1420    i.prvAddNewTaskToReadyList  tasks.o
    0x00002698   0x00002698   0x00000068   Code   RO         1804    i.prvCheckForValidListAndQueue  timers.o
    0x00002700   0x00002700   0x00000048   Code   RO         1421    i.prvCheckTasksWaitingTermination  tasks.o
    0x00002748   0x00002748   0x0000002c   Code   RO         1007    i.prvCopyDataFromQueue  queue.o
    0x00002774   0x00002774   0x00000080   Code   RO         1008    i.prvCopyDataToQueue  queue.o
    0x000027f4   0x000027f4   0x00000012   Code   RO         1422    i.prvDeleteTCB      tasks.o
    0x00002806   0x00002806   0x00000002   PAD
    0x00002808   0x00002808   0x0000002c   Code   RO         1805    i.prvGetNextExpireTime  timers.o
    0x00002834   0x00002834   0x0000007c   Code   RO         2023    i.prvHeapInit       heap_4.o
    0x000028b0   0x000028b0   0x0000004c   Code   RO         2083    i.prvHelpCommand    freertos_cli.o
    0x000028fc   0x000028fc   0x00000018   Code   RO         1423    i.prvIdleTask       tasks.o
    0x00002914   0x00002914   0x00000030   Code   RO         1011    i.prvInitialiseNewQueue  queue.o
    0x00002944   0x00002944   0x000000be   Code   RO         1424    i.prvInitialiseNewTask  tasks.o
    0x00002a02   0x00002a02   0x00000002   PAD
    0x00002a04   0x00002a04   0x00000064   Code   RO         1425    i.prvInitialiseTaskLists  tasks.o
    0x00002a68   0x00002a68   0x00000068   Code   RO         2024    i.prvInsertBlockIntoFreeList  heap_4.o
    0x00002ad0   0x00002ad0   0x00000054   Code   RO         1807    i.prvInsertTimerInActiveList  timers.o
    0x00002b24   0x00002b24   0x0000001c   Code   RO         1012    i.prvIsQueueEmpty   queue.o
    0x00002b40   0x00002b40   0x0000001e   Code   RO         1013    i.prvIsQueueFull    queue.o
    0x00002b5e   0x00002b5e   0x0000006a   Code   RO         1426    i.prvListTasksWithinSingleList  tasks.o
    0x00002bc8   0x00002bc8   0x0000008a   Code   RO         1014    i.prvNotifyQueueSetContainer  queue.o
    0x00002c52   0x00002c52   0x00000002   PAD
    0x00002c54   0x00002c54   0x000000a8   Code   RO         2126    i.prvParameterEchoCommand  sample-cli-commands.o
    0x00002cfc   0x00002cfc   0x00000068   Code   RO         1808    i.prvProcessExpiredTimer  timers.o
    0x00002d64   0x00002d64   0x00000128   Code   RO         1809    i.prvProcessReceivedCommands  timers.o
    0x00002e8c   0x00002e8c   0x0000006c   Code   RO         1810    i.prvProcessTimerOrBlockTask  timers.o
    0x00002ef8   0x00002ef8   0x0000006c   Code   RO         2127    i.prvQueryHeapCommand  sample-cli-commands.o
    0x00002f64   0x00002f64   0x00000034   Code   RO         1427    i.prvResetNextTaskUnblockTime  tasks.o
    0x00002f98   0x00002f98   0x0000005c   Code   RO         2128    i.prvRunTimeStatsCommand  sample-cli-commands.o
    0x00002ff4   0x00002ff4   0x0000002c   Code   RO         1811    i.prvSampleTimeNow  timers.o
    0x00003020   0x00003020   0x00000094   Code   RO         1812    i.prvSwitchTimerLists  timers.o
    0x000030b4   0x000030b4   0x00000016   Code   RO         1428    i.prvTaskCheckFreeStackSpace  tasks.o
    0x000030ca   0x000030ca   0x00000002   PAD
    0x000030cc   0x000030cc   0x00000024   Code   RO         1955    i.prvTaskExitError  port.o
    0x000030f0   0x000030f0   0x0000005c   Code   RO         2129    i.prvTaskStatsCommand  sample-cli-commands.o
    0x0000314c   0x0000314c   0x000000c0   Code   RO         2130    i.prvThreeParameterEchoCommand  sample-cli-commands.o
    0x0000320c   0x0000320c   0x0000001a   Code   RO         1813    i.prvTimerTask      timers.o
    0x00003226   0x00003226   0x000000a4   Code   RO         1015    i.prvUnlockQueue    queue.o
    0x000032ca   0x000032ca   0x0000002a   Code   RO         1430    i.prvWriteNameToBuffer  tasks.o
    0x000032f4   0x000032f4   0x00000144   Code   RO         2025    i.pvPortMalloc      heap_4.o
    0x00003438   0x00003438   0x00000020   Code   RO         1956    i.pxPortInitialiseStack  port.o
    0x00003458   0x00003458   0x00000002   Code   RO          157    i.rsv1_IRQHandler   sl_niv.o
    0x0000345a   0x0000345a   0x00000028   Code   RO          970    i.uxListRemove      list.o
    0x00003482   0x00003482   0x00000002   PAD
    0x00003484   0x00003484   0x000000a8   Code   RO         1435    i.uxTaskGetSystemState  tasks.o
    0x0000352c   0x0000352c   0x0000001a   Code   RO          971    i.vListInitialise   list.o
    0x00003546   0x00003546   0x00000006   Code   RO          972    i.vListInitialiseItem  list.o
    0x0000354c   0x0000354c   0x00000036   Code   RO          973    i.vListInsert       list.o
    0x00003582   0x00003582   0x00000018   Code   RO          974    i.vListInsertEnd    list.o
    0x0000359a   0x0000359a   0x00000002   PAD
    0x0000359c   0x0000359c   0x0000001c   Code   RO         1958    i.vPortEnterCritical  port.o
    0x000035b8   0x000035b8   0x00000028   Code   RO         1959    i.vPortExitCritical  port.o
    0x000035e0   0x000035e0   0x00000090   Code   RO         2026    i.vPortFree         heap_4.o
    0x00003670   0x00003670   0x0000002c   Code   RO         1960    i.vPortSetupTimerInterrupt  port.o
    0x0000369c   0x0000369c   0x00000018   Code   RO         1961    i.vPortYield        port.o
    0x000036b4   0x000036b4   0x0000002c   Code   RO         1021    i.vQueueAddToRegistry  queue.o
    0x000036e0   0x000036e0   0x0000004c   Code   RO         1025    i.vQueueWaitForMessageRestricted  queue.o
    0x0000372c   0x0000372c   0x00000038   Code   RO         2131    i.vRegisterSampleCLICommands  sample-cli-commands.o
    0x00003764   0x00003764   0x00000044   Code   RO         1440    i.vTaskDelay        tasks.o
    0x000037a8   0x000037a8   0x00000084   Code   RO         1444    i.vTaskGetInfo      tasks.o
    0x0000382c   0x0000382c   0x000000c0   Code   RO         1445    i.vTaskGetRunTimeStats  tasks.o
    0x000038ec   0x000038ec   0x00000018   Code   RO         1446    i.vTaskInternalSetTimeOutState  tasks.o
    0x00003904   0x00003904   0x000000d0   Code   RO         1447    i.vTaskList         tasks.o
    0x000039d4   0x000039d4   0x0000000c   Code   RO         1448    i.vTaskMissedYield  tasks.o
    0x000039e0   0x000039e0   0x0000002c   Code   RO         1449    i.vTaskPlaceOnEventList  tasks.o
    0x00003a0c   0x00003a0c   0x00000034   Code   RO         1450    i.vTaskPlaceOnEventListRestricted  tasks.o
    0x00003a40   0x00003a40   0x00000088   Code   RO         1458    i.vTaskStartScheduler  tasks.o
    0x00003ac8   0x00003ac8   0x00000010   Code   RO         1460    i.vTaskSuspendAll   tasks.o
    0x00003ad8   0x00003ad8   0x000000c0   Code   RO         1461    i.vTaskSwitchContext  tasks.o
    0x00003b98   0x00003b98   0x0000000c   Code   RO         2029    i.xPortGetFreeHeapSize  heap_4.o
    0x00003ba4   0x00003ba4   0x0000000c   Code   RO         2030    i.xPortGetMinimumEverFreeHeapSize  heap_4.o
    0x00003bb0   0x00003bb0   0x00000038   Code   RO         1962    i.xPortStartScheduler  port.o
    0x00003be8   0x00003be8   0x00000084   Code   RO         1030    i.xQueueGenericCreate  queue.o
    0x00003c6c   0x00003c6c   0x00000082   Code   RO         1031    i.xQueueGenericReset  queue.o
    0x00003cee   0x00003cee   0x0000017e   Code   RO         1032    i.xQueueGenericSend  queue.o
    0x00003e6c   0x00003e6c   0x000000f4   Code   RO         1033    i.xQueueGenericSendFromISR  queue.o
    0x00003f60   0x00003f60   0x00000138   Code   RO         1040    i.xQueueReceive     queue.o
    0x00004098   0x00004098   0x00000078   Code   RO         1463    i.xTaskCheckForTimeOut  tasks.o
    0x00004110   0x00004110   0x0000005c   Code   RO         1464    i.xTaskCreate       tasks.o
    0x0000416c   0x0000416c   0x00000024   Code   RO         1471    i.xTaskGetSchedulerState  tasks.o
    0x00004190   0x00004190   0x0000000c   Code   RO         1472    i.xTaskGetTickCount  tasks.o
    0x0000419c   0x0000419c   0x0000013c   Code   RO         1474    i.xTaskIncrementTick  tasks.o
    0x000042d8   0x000042d8   0x00000088   Code   RO         1475    i.xTaskPriorityDisinherit  tasks.o
    0x00004360   0x00004360   0x00000088   Code   RO         1477    i.xTaskRemoveFromEventList  tasks.o
    0x000043e8   0x000043e8   0x000000f0   Code   RO         1478    i.xTaskResumeAll    tasks.o
    0x000044d8   0x000044d8   0x00000048   Code   RO         1821    i.xTimerCreateTimerTask  timers.o
    0x00004520   0x00004520   0x00000074   Code   RO         1822    i.xTimerGenericCommand  timers.o
    0x00004594   0x00004594   0x00000010   Data   RO         2085    .constdata          freertos_cli.o
    0x000045a4   0x000045a4   0x00000050   Data   RO         2132    .constdata          sample-cli-commands.o
    0x000045f4   0x000045f4   0x00000035   Data   RO         2086    .conststring        freertos_cli.o
    0x00004629   0x00004629   0x00000003   PAD
    0x0000462c   0x0000462c   0x000002a3   Data   RO         2133    .conststring        sample-cli-commands.o
    0x000048cf   0x000048cf   0x00000001   PAD
    0x000048d0   0x000048d0   0x00000020   Data   RO         3957    Region$$Table       anon$$obj.o


    Execution Region RW_IRAM1 (Exec base: 0x20000000, Load base: 0x000048f0, Size: 0x00006b50, Max: 0x00008000, ABSOLUTE)

    Exec Addr    Load Addr    Size         Type   Attr      Idx    E Section Name        Object

    0x20000000   0x000048f0   0x00000004   Data   RW            5    .data               sl_main.o
    0x20000004   0x000048f4   0x00000005   Data   RW          158    .data               sl_niv.o
    0x20000009   0x000048f9   0x00000003   PAD
    0x2000000c   0x000048fc   0x00000048   Data   RW         1481    .data               tasks.o
    0x20000054   0x00004944   0x00000014   Data   RW         1828    .data               timers.o
    0x20000068   0x00004958   0x00000004   Data   RW         1963    .data               port.o
    0x2000006c   0x0000495c   0x00000020   Data   RW         2032    .data               heap_4.o
    0x2000008c   0x0000497c   0x00000014   Data   RW         2087    .data               freertos_cli.o
    0x200000a0   0x00004990   0x00000008   Data   RW         2134    .data               sample-cli-commands.o
    0x200000a8   0x00004998   0x0000001c   Data   RW         2290    .data               system_sc32f58128.o
    0x200000c4   0x000049b4   0x00000034   Data   RW         3050    .data               sc32f58128_pwm.o
    0x200000f8   0x000049e8   0x0000000c   Data   RW         3238    .data               sc32f58128_timer.o
    0x20000104   0x000049f4   0x0000000c   Data   RW         3264    .data               sc32f58128_uart.o
    0x20000110        -       0x000000ac   Zero   RW          742    .bss                bsp_iic.o
    0x200001bc        -       0x00000040   Zero   RW         1047    .bss                queue.o
    0x200001fc        -       0x000000c8   Zero   RW         1480    .bss                tasks.o
    0x200002c4        -       0x00000028   Zero   RW         1827    .bss                timers.o
    0x200002ec        -       0x00006400   Zero   RW         2031    .bss                heap_4.o
    0x200066ec        -       0x00000060   Zero   RW         3830    .bss                c_p.l(libspace.o)
    0x2000674c   0x00004a00   0x00000004   PAD
    0x20006750        -       0x00000100   Zero   RW         2278    HEAP                startup_sc32f58128.o
    0x20006850        -       0x00000300   Zero   RW         2277    STACK               startup_sc32f58128.o


==============================================================================

Image component sizes


      Code (inc. data)   RO Data    RW Data    ZI Data      Debug   Object Name

       408         40          0          0          0       1355   bsp_adc.o
        58          0          0          0          0        431   bsp_gpio.o
         0          0          0          0        172       1032   bsp_iic.o
       706         50          0          0          0       2991   bsp_pwm.o
       136          8          0          0          0        435   bsp_uart.o
       646         56          0          0          0      21860   devinit.o
         0          0          0          0          0       2360   event_groups.o
       250         14         69         20          0       4510   freertos_cli.o
       720         82          0         32      25600       4992   heap_4.o
       150          0          0          0          0       2898   list.o
       418         58          0          4          0       6263   port.o
      1900          4          0          0         64      15442   queue.o
       708        198        755          8          0       5949   sample-cli-commands.o
       464         38          0          0          0       5330   sc32f58128_adc.o
       546         86          0          0          0      11647   sc32f58128_gpio.o
       324         16          0          0          0       1807   sc32f58128_iap.o
       160          6          0          0          0        643   sc32f58128_iic.o
         0          0          0         52          0       3430   sc32f58128_pwm.o
        48          0          0          0          0         76   sc32f58128_qep.o
       832         94          0          0          0       4581   sc32f58128_sysclkcfg.o
       256         14          0         12          0       1630   sc32f58128_timer.o
       484         14          0         12          0       6798   sc32f58128_uart.o
        68         24          0          4          0      86133   sl_main.o
       938         48          0          5          0      15457   sl_niv.o
       156         72        192          0       1024        768   startup_sc32f58128.o
         0          0          0          0          0        392   stream_buffer.o
       488         82          0         28          0       1996   system_sc32f58128.o
      3406        462          0         72        200      30345   tasks.o
      1146        108          0         20         40      13115   timers.o
        10          0          0          0          0        420   usertask.o

    ----------------------------------------------------------------------
     15460       1574       1052        272      27100     255086   Object Totals
         0          0         32          0          0          0   (incl. Generated)
        34          0          4          3          0          0   (incl. Padding)

    ----------------------------------------------------------------------

      Code (inc. data)   RO Data    RW Data    ZI Data      Debug   Library Member Name

        26          0          0          0          0         72   dbgtool.o
         8          0          0          0          0         68   __main.o
       108          0          0          0          0         76   __printf.o
         0          0          0          0          0          0   __rtentry.o
        12          0          0          0          0          0   __rtentry2.o
         6          0          0          0          0          0   __rtentry4.o
        60          8          0          0          0          0   __scatter.o
        26          0          0          0          0          0   __scatter_copy.o
        28          0          0          0          0          0   __scatter_zi.o
        10          0          0          0          0          0   _printf_c.o
        46          0          0          0          0        100   _printf_char.o
        48          6          0          0          0         88   _printf_char_common.o
        10          0          0          0          0          0   _printf_d.o
       108         18          0          0          0         76   _printf_dec.o
       176          0          0          0          0         84   _printf_intcommon.o
         2          0          0          0          0          0   _printf_percent.o
         4          0          0          0          0          0   _printf_percent_end.o
        82          0          0          0          0         72   _printf_str.o
        10          0          0          0          0          0   _printf_u.o
        10          0          0          0          0         60   _sputc.o
        18          0          0          0          0         68   aeabi_memset.o
       346          0          0          0          0         92   aeabi_sdiv.o
        16          0          0          0          0         68   exit.o
         6          0          0          0          0        136   heapauxi.o
         0          0          0          0          0          0   indicate_semi.o
         2          0          0          0          0          0   libinit.o
         2          0          0          0          0          0   libinit2.o
         2          0          0          0          0          0   libshutdown.o
         2          0          0          0          0          0   libshutdown2.o
         8          4          0          0         96         68   libspace.o
       258          0          0          0          0         88   lludiv.o
        40          4          0          0          0         84   noretval__2sprintf.o
        64          0          0          0          0        108   rt_memclr.o
       186          0          0          0          0        144   rt_memcpy.o
         2          0          0          0          0          0   rtexit.o
        10          0          0          0          0          0   rtexit2.o
        40          0          0          0          0         60   rtudiv10.o
        76          6          0          0          0         72   strcpy.o
        68          6          0          0          0         72   strlen.o
        36          0          0          0          0         68   strncat.o
       108          4          0          0          0         76   strncpy.o
        12          4          0          0          0         60   sys_exit.o
        62          0          0          0          0         80   sys_stackheap_outer.o
         2          0          0          0          0         68   use_no_semi.o

    ----------------------------------------------------------------------
      2160         60          0          0        100       2108   Library Totals
        14          0          0          0          4          0   (incl. Padding)

    ----------------------------------------------------------------------

      Code (inc. data)   RO Data    RW Data    ZI Data      Debug   Library Name

        26          0          0          0          0         72   OSC.lib
      2120         60          0          0         96       2036   c_p.l

    ----------------------------------------------------------------------
      2160         60          0          0        100       2108   Library Totals

    ----------------------------------------------------------------------

==============================================================================


      Code (inc. data)   RO Data    RW Data    ZI Data      Debug   

     17620       1634       1052        272      27200     248894   Grand Totals
     17620       1634       1052        272      27200     248894   ELF Image Totals
     17620       1634       1052        272          0          0   ROM Totals

==============================================================================

    Total RO  Size (Code + RO Data)                18672 (  18.23kB)
    Total RW  Size (RW Data + ZI Data)             27472 (  26.83kB)
    Total ROM Size (Code + RO Data + RW Data)      18944 (  18.50kB)

==============================================================================

