Component: ARM Compiler 5.06 update 6 (build 750) Tool: armlink [4d35ed]

==============================================================================

Section Cross References

    sl_main.o(i.main) refers to devinit.o(i.INIT_DeviceInit) for INIT_DeviceInit
    sl_main.o(i.main) refers to sample-cli-commands.o(i.vRegisterSampleCLICommands) for vRegisterSampleCLICommands
    sl_main.o(i.main) refers to tasks.o(i.xTaskCreate) for xTaskCreate
    sl_main.o(i.main) refers to tasks.o(i.vTaskStartScheduler) for vTaskStartScheduler
    sl_main.o(i.main) refers to sl_main.o(.data) for AppTask_Handle
    sl_main.o(i.main) refers to usertask.o(i.UserTASK) for UserTASK
    sl_niv.o(i.SSP23_IIC_IRQHandler) refers to dbgtool.o(i.__ARM_common_switch8) for __ARM_common_switch8
    sl_niv.o(i.SSP23_IIC_IRQHandler) refers to sc32f58128_iic.o(i.I2C_deal) for I2C_deal
    sl_niv.o(i.SSP23_IIC_IRQHandler) refers to bsp_iic.o(.bss) for IICInfo
    sl_niv.o(i.SysTick_Handler_notuse) refers to timer4tick.o(.data) for g_u32SysTickNumb
    sl_niv.o(i.TIMER0_IRQHandler) refers to sl_niv.o(.data) for ulHighFrequencyTimerTicks
    sl_niv.o(i.TIMER0_IRQHandler) refers to sc32f58128_timer.o(.data) for TIMER
    usertask.o(i.UserTASK) refers to sc32f58128_gpio.o(i.GPIO_SetLow) for GPIO_SetLow
    usertask.o(i.UserTASK) refers to bsp_spi.o(i.SPI_DEV_SendByte) for SPI_DEV_SendByte
    usertask.o(i.UserTASK) refers to sc32f58128_gpio.o(i.GPIO_SetHigh) for GPIO_SetHigh
    usertask.o(i.UserTASK) refers to tasks.o(i.vTaskDelay) for vTaskDelay
    usertask.o(i.UserTASK) refers to usertask.o(.data) for u16SPItestData
    devinit.o(i.INIT_DeviceInit) refers to devinit.o(i.mg_DeviceSystemInit) for mg_DeviceSystemInit
    devinit.o(i.INIT_DeviceInit) refers to devinit.o(i.mg_DevicePeripheralInit) for mg_DevicePeripheralInit
    devinit.o(i.INIT_DeviceInit) refers to devinit.o(i.mg_SetIRQ) for mg_SetIRQ
    devinit.o(i.INIT_DeviceInit_c1) refers to devinit.o(i.mg_SetIRQ_c1) for mg_SetIRQ_c1
    devinit.o(i.mg_DevicePeripheralInit) refers to bsp_gpio.o(i.BSP_GpioInit) for BSP_GpioInit
    devinit.o(i.mg_DevicePeripheralInit) refers to devinit.o(i.mg_TimerInit) for mg_TimerInit
    devinit.o(i.mg_DevicePeripheralInit) refers to bsp_spi.o(i.BSP_SpiInit) for BSP_SpiInit
    devinit.o(i.mg_DeviceSystemInit) refers to sc32f58128_sysclkcfg.o(i.SysClockConfig) for SysClockConfig
    devinit.o(i.mg_DeviceSystemInit) refers to sc32f58128_sysclkcfg.o(i.SysClkDivSel) for SysClkDivSel
    devinit.o(i.mg_DeviceSystemInit) refers to system_sc32f58128.o(i.SystemCoreClockUpdate) for SystemCoreClockUpdate
    devinit.o(i.mg_DeviceSystemInit) refers to devinit.o(i.mg_CacheInit) for mg_CacheInit
    devinit.o(i.mg_SetIRQ) refers to devinit.o(i.__NVIC_ClearPendingIRQ) for __NVIC_ClearPendingIRQ
    devinit.o(i.mg_SetIRQ) refers to devinit.o(i.__NVIC_SetPriority) for __NVIC_SetPriority
    devinit.o(i.mg_SetIRQ) refers to devinit.o(i.__NVIC_EnableIRQ) for __NVIC_EnableIRQ
    devinit.o(i.mg_TimerInit) refers to sc32f58128_timer.o(i.TIMER_TmrConfig) for TIMER_TmrConfig
    devinit.o(i.mg_WdtInit) refers to aeabi_sdiv.o(.text) for __aeabi_uidivmod
    devinit.o(i.mg_WdtInit) refers to system_sc32f58128.o(.data) for SystemCoreClock
    bsp_gpio.o(i.BSP_GpioInit) refers to bsp_gpio.o(i.vGPIO_OUT_Init) for vGPIO_OUT_Init
    bsp_gpio.o(i.BSP_GpioInit) refers to bsp_gpio.o(i.vGPIO_IN_Init) for vGPIO_IN_Init
    bsp_gpio.o(i.u8GPIO_PWM_Init) refers to aeabi_sdiv.o(.text) for __aeabi_uidivmod
    bsp_gpio.o(i.u8GPIO_PWM_Init) refers to sc32f58128_gpio.o(i.GPIO_OutputEnable) for GPIO_OutputEnable
    bsp_gpio.o(i.u8GPIO_PWM_Init) refers to sc32f58128_gpio.o(i.GPIO_SetLow) for GPIO_SetLow
    bsp_gpio.o(i.u8GPIO_PWM_Init) refers to bsp_gpio.o(i.__get_PRIMASK) for __get_PRIMASK
    bsp_gpio.o(i.u8GPIO_PWM_Init) refers to bsp_gpio.o(i.__set_PRIMASK) for __set_PRIMASK
    bsp_gpio.o(i.u8GPIO_PWM_Init) refers to bsp_pwm.o(i.PWM_PIN_SEL) for PWM_PIN_SEL
    bsp_gpio.o(i.u8GPIO_PWM_Init) refers to bsp_pwm.o(i.PWM_CFG) for PWM_CFG
    bsp_gpio.o(i.vGPIO_IN_Init) refers to sc32f58128_gpio.o(i.GPIO_OutputDisable) for GPIO_OutputDisable
    bsp_gpio.o(i.vGPIO_OUT_Init) refers to bsp_gpio.o(i.u8GPIO_PWM_Init) for u8GPIO_PWM_Init
    bsp_gpio.o(i.vGPIO_OUT_Init) refers to sc32f58128_gpio.o(i.GPIO_OutputEnable) for GPIO_OutputEnable
    bsp_gpio.o(i.vGPIO_OUT_Init) refers to sc32f58128_gpio.o(i.GPIO_SetLow) for GPIO_SetLow
    bsp_dma.o(i.DMA_Init) refers to sc32f58128_dma.o(.bss) for DmaDataStr
    bsp_dma.o(i.DMA_TranferData2UartTx) refers to bsp_dma.o(.data) for mg_u16SendingDatCnt
    bsp_dma.o(i.DMA_TranferData2UartTx) refers to sc32f58128_dma.o(.bss) for DmaDataStr
    bsp_dma.o(i.SendNotSendData2UartTx) refers to bsp_dma.o(.data) for mg_u16SendingDatCnt
    bsp_dma.o(i.SendNotSendData2UartTx) refers to dbgtool.o(.data) for g_u8TxBuffState
    bsp_dma.o(i.SendNotSendData2UartTx) refers to sc32f58128_dma.o(.bss) for DmaDataStr
[...]
    i.UserTASK                               0x00001c94   Section        0  usertask.o(i.UserTASK)
    i.__ARM_common_ll_muluu                  0x00001cc0   Section        0  sc32f58128_qep.o(i.__ARM_common_ll_muluu)
    i.__ARM_common_switch8                   0x00001cf0   Section        0  dbgtool.o(i.__ARM_common_switch8)
    i.__NVIC_ClearPendingIRQ                 0x00001d0c   Section        0  devinit.o(i.__NVIC_ClearPendingIRQ)
    __NVIC_ClearPendingIRQ                   0x00001d0d   Thumb Code    18  devinit.o(i.__NVIC_ClearPendingIRQ)
    i.__NVIC_EnableIRQ                       0x00001d24   Section        0  devinit.o(i.__NVIC_EnableIRQ)
    __NVIC_EnableIRQ                         0x00001d25   Thumb Code    26  devinit.o(i.__NVIC_EnableIRQ)
    i.__NVIC_SetPriority                     0x00001d44   Section        0  devinit.o(i.__NVIC_SetPriority)
    __NVIC_SetPriority                       0x00001d45   Thumb Code   110  devinit.o(i.__NVIC_SetPriority)
    i.__get_PRIMASK                          0x00001dbc   Section        0  bsp_gpio.o(i.__get_PRIMASK)
    __get_PRIMASK                            0x00001dbd   Thumb Code     6  bsp_gpio.o(i.__get_PRIMASK)
    i.__get_PRIMASK                          0x00001dc2   Section        0  sc32f58128_gpio.o(i.__get_PRIMASK)
    __get_PRIMASK                            0x00001dc3   Thumb Code     6  sc32f58128_gpio.o(i.__get_PRIMASK)
    i.__set_PRIMASK                          0x00001dc8   Section        0  bsp_gpio.o(i.__set_PRIMASK)
    __set_PRIMASK                            0x00001dc9   Thumb Code     6  bsp_gpio.o(i.__set_PRIMASK)
    i.__set_PRIMASK                          0x00001dce   Section        0  sc32f58128_gpio.o(i.__set_PRIMASK)
    __set_PRIMASK                            0x00001dcf   Thumb Code     6  sc32f58128_gpio.o(i.__set_PRIMASK)
    i.eTaskGetState                          0x00001dd4   Section        0  tasks.o(i.eTaskGetState)
    i.main                                   0x00001e6c   Section        0  sl_main.o(i.main)
    i.main_c1                                0x00001ea8   Section        0  sl_main.o(i.main_c1)
    i.mg_CacheInit                           0x00001eac   Section        0  devinit.o(i.mg_CacheInit)
    i.mg_DevicePeripheralInit                0x00001f80   Section        0  devinit.o(i.mg_DevicePeripheralInit)
    i.mg_DeviceSystemInit                    0x00001f90   Section        0  devinit.o(i.mg_DeviceSystemInit)
    i.mg_DisableOSC                          0x00002004   Section        0  sc32f58128_sysclkcfg.o(i.mg_DisableOSC)
    i.mg_DisablePLL                          0x00002024   Section        0  sc32f58128_sysclkcfg.o(i.mg_DisablePLL)
    i.mg_EnableOSC                           0x00002048   Section        0  sc32f58128_sysclkcfg.o(i.mg_EnableOSC)
    i.mg_EnablePLL                           0x00002074   Section        0  sc32f58128_sysclkcfg.o(i.mg_EnablePLL)
    i.mg_EnableRCH                           0x000020a0   Section        0  sc32f58128_sysclkcfg.o(i.mg_EnableRCH)
    i.mg_PortSelect                          0x000020d8   Section        0  sc32f58128_gpio.o(i.mg_PortSelect)
    i.mg_SetIRQ                              0x00002120   Section        0  devinit.o(i.mg_SetIRQ)
    i.mg_TimerInit                           0x00002178   Section        0  devinit.o(i.mg_TimerInit)
    i.prvAddCurrentTaskToDelayedList         0x00002188   Section        0  tasks.o(i.prvAddCurrentTaskToDelayedList)
    prvAddCurrentTaskToDelayedList           0x00002189   Thumb Code   100  tasks.o(i.prvAddCurrentTaskToDelayedList)
    i.prvAddNewTaskToReadyList               0x00002204   Section        0  tasks.o(i.prvAddNewTaskToReadyList)
    prvAddNewTaskToReadyList                 0x00002205   Thumb Code   146  tasks.o(i.prvAddNewTaskToReadyList)
    i.prvCheckForValidListAndQueue           0x000022b0   Section        0  timers.o(i.prvCheckForValidListAndQueue)
    prvCheckForValidListAndQueue             0x000022b1   Thumb Code    76  timers.o(i.prvCheckForValidListAndQueue)
    i.prvCheckTasksWaitingTermination        0x00002318   Section        0  tasks.o(i.prvCheckTasksWaitingTermination)
    prvCheckTasksWaitingTermination          0x00002319   Thumb Code    60  tasks.o(i.prvCheckTasksWaitingTermination)
    i.prvCopyDataFromQueue                   0x00002360   Section        0  queue.o(i.prvCopyDataFromQueue)
    prvCopyDataFromQueue                     0x00002361   Thumb Code    44  queue.o(i.prvCopyDataFromQueue)
    i.prvCopyDataToQueue                     0x0000238c   Section        0  queue.o(i.prvCopyDataToQueue)
    prvCopyDataToQueue                       0x0000238d   Thumb Code   128  queue.o(i.prvCopyDataToQueue)
    i.prvDeleteTCB                           0x0000240c   Section        0  tasks.o(i.prvDeleteTCB)
    prvDeleteTCB                             0x0000240d   Thumb Code    18  tasks.o(i.prvDeleteTCB)
    i.prvGetNextExpireTime                   0x00002420   Section        0  timers.o(i.prvGetNextExpireTime)
    prvGetNextExpireTime                     0x00002421   Thumb Code    40  timers.o(i.prvGetNextExpireTime)
    i.prvHeapInit                            0x0000244c   Section        0  heap_4.o(i.prvHeapInit)
    prvHeapInit                              0x0000244d   Thumb Code   100  heap_4.o(i.prvHeapInit)
    i.prvHelpCommand                         0x000024c8   Section        0  freertos_cli.o(i.prvHelpCommand)
    prvHelpCommand                           0x000024c9   Thumb Code    66  freertos_cli.o(i.prvHelpCommand)
    i.prvIdleTask                            0x00002514   Section        0  tasks.o(i.prvIdleTask)
    prvIdleTask                              0x00002515   Thumb Code    20  tasks.o(i.prvIdleTask)
    i.prvInitialiseNewQueue                  0x0000252c   Section        0  queue.o(i.prvInitialiseNewQueue)
    prvInitialiseNewQueue                    0x0000252d   Thumb Code    48  queue.o(i.prvInitialiseNewQueue)
    i.prvInitialiseNewTask                   0x0000255c   Section        0  tasks.o(i.prvInitialiseNewTask)
    prvInitialiseNewTask                     0x0000255d   Thumb Code   190  tasks.o(i.prvInitialiseNewTask)
    i.prvInitialiseTaskLists                 0x0000261c   Section        0  tasks.o(i.prvInitialiseTaskLists)
    prvInitialiseTaskLists                   0x0000261d   Thumb Code    68  tasks.o(i.prvInitialiseTaskLists)
    i.prvInsertBlockIntoFreeList             0x00002680   Section        0  heap_4.o(i.prvInsertBlockIntoFreeList)
    prvInsertBlockIntoFreeList               0x00002681   Thumb Code    96  heap_4.o(i.prvInsertBlockIntoFreeList)
    i.prvInsertTimerInActiveList             0x000026e8   Section        0  timers.o(i.prvInsertTimerInActiveList)
    prvInsertTimerInActiveList               0x000026e9   Thumb Code    76  timers.o(i.prvInsertTimerInActiveList)
    i.prvIsQueueEmpty                        0x0000273c   Section        0  queue.o(i.prvIsQueueEmpty)
    prvIsQueueEmpty                          0x0000273d   Thumb Code    28  queue.o(i.prvIsQueueEmpty)
    i.prvIsQueueFull                         0x00002758   Section        0  queue.o(i.prvIsQueueFull)
    prvIsQueueFull                           0x00002759   Thumb Code    30  queue.o(i.prvIsQueueFull)
    i.prvListTasksWithinSingleList           0x00002776   Section        0  tasks.o(i.prvListTasksWithinSingleList)
    prvListTasksWithinSingleList             0x00002777   Thumb Code   106  tasks.o(i.prvListTasksWithinSingleList)
    i.prvNotifyQueueSetContainer             0x000027e0   Section        0  queue.o(i.prvNotifyQueueSetContainer)
    prvNotifyQueueSetContainer               0x000027e1   Thumb Code   138  queue.o(i.prvNotifyQueueSetContainer)
    i.prvParameterEchoCommand                0x0000286c   Section        0  sample-cli-commands.o(i.prvParameterEchoCommand)
    prvParameterEchoCommand                  0x0000286d   Thumb Code   132  sample-cli-commands.o(i.prvParameterEchoCommand)
    i.prvProcessExpiredTimer                 0x00002914   Section        0  timers.o(i.prvProcessExpiredTimer)
    prvProcessExpiredTimer                   0x00002915   Thumb Code   100  timers.o(i.prvProcessExpiredTimer)
    i.prvProcessReceivedCommands             0x0000297c   Section        0  timers.o(i.prvProcessReceivedCommands)
    prvProcessReceivedCommands               0x0000297d   Thumb Code   290  timers.o(i.prvProcessReceivedCommands)
    i.prvProcessTimerOrBlockTask             0x00002aa4   Section        0  timers.o(i.prvProcessTimerOrBlockTask)
    prvProcessTimerOrBlockTask               0x00002aa5   Thumb Code   100  timers.o(i.prvProcessTimerOrBlockTask)
    i.prvQueryHeapCommand                    0x00002b10   Section        0  sample-cli-commands.o(i.prvQueryHeapCommand)
    prvQueryHeapCommand                      0x00002b11   Thumb Code    44  sample-cli-commands.o(i.prvQueryHeapCommand)
    i.prvResetNextTaskUnblockTime            0x00002b7c   Section        0  tasks.o(i.prvResetNextTaskUnblockTime)
    prvResetNextTaskUnblockTime              0x00002b7d   Thumb Code    44  tasks.o(i.prvResetNextTaskUnblockTime)
    i.prvRunTimeStatsCommand                 0x00002bb0   Section        0  sample-cli-commands.o(i.prvRunTimeStatsCommand)
    prvRunTimeStatsCommand                   0x00002bb1   Thumb Code    78  sample-cli-commands.o(i.prvRunTimeStatsCommand)
    i.prvSampleTimeNow                       0x00002c0c   Section        0  timers.o(i.prvSampleTimeNow)
    prvSampleTimeNow                         0x00002c0d   Thumb Code    40  timers.o(i.prvSampleTimeNow)
    i.prvSwitchTimerLists                    0x00002c38   Section        0  timers.o(i.prvSwitchTimerLists)
    prvSwitchTimerLists                      0x00002c39   Thumb Code   140  timers.o(i.prvSwitchTimerLists)
    i.prvTaskCheckFreeStackSpace             0x00002ccc   Section        0  tasks.o(i.prvTaskCheckFreeStackSpace)
    prvTaskCheckFreeStackSpace               0x00002ccd   Thumb Code    22  tasks.o(i.prvTaskCheckFreeStackSpace)
    i.prvTaskExitError                       0x00002ce4   Section        0  port.o(i.prvTaskExitError)
    prvTaskExitError                         0x00002ce5   Thumb Code    32  port.o(i.prvTaskExitError)
    i.prvTaskStatsCommand                    0x00002d08   Section        0  sample-cli-commands.o(i.prvTaskStatsCommand)
    prvTaskStatsCommand                      0x00002d09   Thumb Code    78  sample-cli-commands.o(i.prvTaskStatsCommand)
    i.prvThreeParameterEchoCommand           0x00002d64   Section        0  sample-cli-commands.o(i.prvThreeParameterEchoCommand)
    prvThreeParameterEchoCommand             0x00002d65   Thumb Code   144  sample-cli-commands.o(i.prvThreeParameterEchoCommand)
    i.prvTimerTask                           0x00002e24   Section        0  timers.o(i.prvTimerTask)
    prvTimerTask                             0x00002e25   Thumb Code    26  timers.o(i.prvTimerTask)
    i.prvUnlockQueue                         0x00002e3e   Section        0  queue.o(i.prvUnlockQueue)
    prvUnlockQueue                           0x00002e3f   Thumb Code   164  queue.o(i.prvUnlockQueue)
    i.prvWriteNameToBuffer                   0x00002ee2   Section        0  tasks.o(i.prvWriteNameToBuffer)
    prvWriteNameToBuffer                     0x00002ee3   Thumb Code    42  tasks.o(i.prvWriteNameToBuffer)
    i.pvPortMalloc                           0x00002f0c   Section        0  heap_4.o(i.pvPortMalloc)
    i.pxPortInitialiseStack                  0x00003050   Section        0  port.o(i.pxPortInitialiseStack)
    i.rsv1_IRQHandler                        0x00003070   Section        0  sl_niv.o(i.rsv1_IRQHandler)
    i.u8GPIO_PWM_Init                        0x00003074   Section        0  bsp_gpio.o(i.u8GPIO_PWM_Init)
    i.uxListRemove                           0x00003348   Section        0  list.o(i.uxListRemove)
    i.uxTaskGetSystemState                   0x00003370   Section        0  tasks.o(i.uxTaskGetSystemState)
    i.vGPIO_IN_Init                          0x00003418   Section        0  bsp_gpio.o(i.vGPIO_IN_Init)
    i.vGPIO_OUT_Init                         0x00003478   Section        0  bsp_gpio.o(i.vGPIO_OUT_Init)
    i.vListInitialise                        0x000034f8   Section        0  list.o(i.vListInitialise)
    i.vListInitialiseItem                    0x00003512   Section        0  list.o(i.vListInitialiseItem)
    i.vListInsert                            0x00003518   Section        0  list.o(i.vListInsert)
    i.vListInsertEnd                         0x0000354e   Section        0  list.o(i.vListInsertEnd)
    i.vPortEnterCritical                     0x00003568   Section        0  port.o(i.vPortEnterCritical)
    i.vPortExitCritical                      0x00003584   Section        0  port.o(i.vPortExitCritical)
    i.vPortFree                              0x000035ac   Section        0  heap_4.o(i.vPortFree)
    i.vPortSetupTimerInterrupt               0x0000363c   Section        0  port.o(i.vPortSetupTimerInterrupt)
    i.vPortYield                             0x00003668   Section        0  port.o(i.vPortYield)
    i.vQueueAddToRegistry                    0x00003680   Section        0  queue.o(i.vQueueAddToRegistry)
    i.vQueueWaitForMessageRestricted         0x000036ac   Section        0  queue.o(i.vQueueWaitForMessageRestricted)
    i.vRegisterSampleCLICommands             0x000036f8   Section        0  sample-cli-commands.o(i.vRegisterSampleCLICommands)
    i.vTaskDelay                             0x00003730   Section        0  tasks.o(i.vTaskDelay)
    i.vTaskGetInfo                           0x00003774   Section        0  tasks.o(i.vTaskGetInfo)
    i.vTaskGetRunTimeStats                   0x000037f8   Section        0  tasks.o(i.vTaskGetRunTimeStats)
    i.vTaskInternalSetTimeOutState           0x000038b8   Section        0  tasks.o(i.vTaskInternalSetTimeOutState)
    i.vTaskList                              0x000038d0   Section        0  tasks.o(i.vTaskList)
    i.vTaskMissedYield                       0x000039a0   Section        0  tasks.o(i.vTaskMissedYield)
    i.vTaskPlaceOnEventList                  0x000039ac   Section        0  tasks.o(i.vTaskPlaceOnEventList)
    i.vTaskPlaceOnEventListRestricted        0x000039d8   Section        0  tasks.o(i.vTaskPlaceOnEventListRestricted)
    i.vTaskStartScheduler                    0x00003a0c   Section        0  tasks.o(i.vTaskStartScheduler)
    i.vTaskSuspendAll                        0x00003a94   Section        0  tasks.o(i.vTaskSuspendAll)
    i.vTaskSwitchContext                     0x00003aa4   Section        0  tasks.o(i.vTaskSwitchContext)
    i.xPortGetFreeHeapSize                   0x00003b64   Section        0  heap_4.o(i.xPortGetFreeHeapSize)
    i.xPortGetMinimumEverFreeHeapSize        0x00003b70   Section        0  heap_4.o(i.xPortGetMinimumEverFreeHeapSize)
    i.xPortStartScheduler                    0x00003b7c   Section        0  port.o(i.xPortStartScheduler)
    i.xQueueGenericCreate                    0x00003bb4   Section        0  queue.o(i.xQueueGenericCreate)
    i.xQueueGenericReset                     0x00003c38   Section        0  queue.o(i.xQueueGenericReset)
    i.xQueueGenericSend                      0x00003cba   Section        0  queue.o(i.xQueueGenericSend)
    i.xQueueGenericSendFromISR               0x00003e38   Section        0  queue.o(i.xQueueGenericSendFromISR)
    i.xQueueReceive                          0x00003f2c   Section        0  queue.o(i.xQueueReceive)
    i.xTaskCheckForTimeOut                   0x00004064   Section        0  tasks.o(i.xTaskCheckForTimeOut)
    i.xTaskCreate                            0x000040dc   Section        0  tasks.o(i.xTaskCreate)
    i.xTaskGetSchedulerState                 0x00004138   Section        0  tasks.o(i.xTaskGetSchedulerState)
    i.xTaskGetTickCount                      0x0000415c   Section        0  tasks.o(i.xTaskGetTickCount)
    i.xTaskIncrementTick                     0x00004168   Section        0  tasks.o(i.xTaskIncrementTick)
    i.xTaskPriorityDisinherit                0x000042a4   Section        0  tasks.o(i.xTaskPriorityDisinherit)
    i.xTaskRemoveFromEventList               0x0000432c   Section        0  tasks.o(i.xTaskRemoveFromEventList)
    i.xTaskResumeAll                         0x000043b4   Section        0  tasks.o(i.xTaskResumeAll)
    i.xTimerCreateTimerTask                  0x000044a4   Section        0  timers.o(i.xTimerCreateTimerTask)
    i.xTimerGenericCommand                   0x000044ec   Section        0  timers.o(i.xTimerGenericCommand)
    .constdata                               0x00004560   Section       16  freertos_cli.o(.constdata)
    xHelpCommand                             0x00004560   Data          16  freertos_cli.o(.constdata)
    .constdata                               0x00004570   Section       80  sample-cli-commands.o(.constdata)
    xTaskStats                               0x00004570   Data          16  sample-cli-commands.o(.constdata)
    xThreeParameterEcho                      0x00004580   Data          16  sample-cli-commands.o(.constdata)
    xParameterEcho                           0x00004590   Data          16  sample-cli-commands.o(.constdata)
    xRunTimeStats                            0x000045a0   Data          16  sample-cli-commands.o(.constdata)
    xQueryHeap                               0x000045b0   Data          16  sample-cli-commands.o(.constdata)
    .conststring                             0x000045c0   Section       53  freertos_cli.o(.conststring)
    .conststring                             0x000045f8   Section      675  sample-cli-commands.o(.conststring)
    .data                                    0x20000000   Section        4  sl_main.o(.data)
    AppTask_Handle                           0x20000000   Data           4  sl_main.o(.data)
    .data                                    0x20000004   Section        5  sl_niv.o(.data)
    NackNum                                  0x20000008   Data           1  sl_niv.o(.data)
    .data                                    0x2000000a   Section       16  usertask.o(.data)
    .data                                    0x2000001c   Section       72  tasks.o(.data)
    pxDelayedTaskList                        0x20000020   Data           4  tasks.o(.data)
    pxOverflowDelayedTaskList                0x20000024   Data           4  tasks.o(.data)
    uxDeletedTasksWaitingCleanUp             0x20000028   Data           4  tasks.o(.data)
    uxCurrentNumberOfTasks                   0x2000002c   Data           4  tasks.o(.data)
    xTickCount                               0x20000030   Data           4  tasks.o(.data)
    uxTopReadyPriority                       0x20000034   Data           4  tasks.o(.data)
    xSchedulerRunning                        0x20000038   Data           4  tasks.o(.data)
    xPendedTicks                             0x2000003c   Data           4  tasks.o(.data)
    xYieldPending                            0x20000040   Data           4  tasks.o(.data)
    xNumOfOverflows                          0x20000044   Data           4  tasks.o(.data)
    uxTaskNumber                             0x20000048   Data           4  tasks.o(.data)
    xNextTaskUnblockTime                     0x2000004c   Data           4  tasks.o(.data)
    xIdleTaskHandle                          0x20000050   Data           4  tasks.o(.data)
    uxSchedulerSuspended                     0x20000058   Data           4  tasks.o(.data)
    ulTaskSwitchedInTime                     0x2000005c   Data           4  tasks.o(.data)
    ulTotalRunTime                           0x20000060   Data           4  tasks.o(.data)
    .data                                    0x20000064   Section       20  timers.o(.data)
    pxCurrentTimerList                       0x20000064   Data           4  timers.o(.data)
    pxOverflowTimerList                      0x20000068   Data           4  timers.o(.data)
    xTimerQueue                              0x2000006c   Data           4  timers.o(.data)
    xTimerTaskHandle                         0x20000070   Data           4  timers.o(.data)
    xLastTime                                0x20000074   Data           4  timers.o(.data)
    .data                                    0x20000078   Section        4  port.o(.data)
    uxCriticalNesting                        0x20000078   Data           4  port.o(.data)
    .data                                    0x2000007c   Section       32  heap_4.o(.data)
    xStart                                   0x2000007c   Data           8  heap_4.o(.data)
    pxEnd                                    0x20000084   Data           4  heap_4.o(.data)
    xFreeBytesRemaining                      0x20000088   Data           4  heap_4.o(.data)
    xMinimumEverFreeBytesRemaining           0x2000008c   Data           4  heap_4.o(.data)
    xNumberOfSuccessfulAllocations           0x20000090   Data           4  heap_4.o(.data)
    xNumberOfSuccessfulFrees                 0x20000094   Data           4  heap_4.o(.data)
    xBlockAllocatedBit                       0x20000098   Data           4  heap_4.o(.data)
    .data                                    0x2000009c   Section       20  freertos_cli.o(.data)
    xRegisteredCommands                      0x2000009c   Data           8  freertos_cli.o(.data)
    pxLastCommandInList                      0x200000a4   Data           4  freertos_cli.o(.data)
    pxCommand                                0x200000a8   Data           4  freertos_cli.o(.data)
    pxCommand                                0x200000ac   Data           4  freertos_cli.o(.data)
    .data                                    0x200000b0   Section        8  sample-cli-commands.o(.data)
    uxParameterNumber                        0x200000b0   Data           4  sample-cli-commands.o(.data)
    uxParameterNumber                        0x200000b4   Data           4  sample-cli-commands.o(.data)
    .data                                    0x200000b8   Section       28  system_sc32f58128.o(.data)
    .data                                    0x200000d4   Section       52  sc32f58128_pwm.o(.data)
    .data                                    0x20000108   Section       24  sc32f58128_spi.o(.data)
    .data                                    0x20000120   Section       12  sc32f58128_timer.o(.data)
    .bss                                     0x2000012c   Section      172  bsp_iic.o(.bss)
    .bss                                     0x200001d8   Section       16  bsp_spi.o(.bss)
    .bss                                     0x200001e8   Section       64  queue.o(.bss)
    .bss                                     0x20000228   Section      200  tasks.o(.bss)
    pxReadyTasksLists                        0x20000228   Data         100  tasks.o(.bss)
    xDelayedTaskList1                        0x2000028c   Data          20  tasks.o(.bss)
    xDelayedTaskList2                        0x200002a0   Data          20  tasks.o(.bss)
    xPendingReadyList                        0x200002b4   Data          20  tasks.o(.bss)
    xTasksWaitingTermination                 0x200002c8   Data          20  tasks.o(.bss)
    xSuspendedTaskList                       0x200002dc   Data          20  tasks.o(.bss)
    .bss                                     0x200002f0   Section       40  timers.o(.bss)
    xActiveTimerList1                        0x200002f0   Data          20  timers.o(.bss)
    xActiveTimerList2                        0x20000304   Data          20  timers.o(.bss)
    .bss                                     0x20000318   Section    25600  heap_4.o(.bss)
    ucHeap                                   0x20000318   Data       25600  heap_4.o(.bss)
    .bss                                     0x20006718   Section       96  libspace.o(.bss)
    HEAP                                     0x20006778   Section      256  startup_sc32f58128.o(HEAP)
    Heap_Mem                                 0x20006778   Data         256  startup_sc32f58128.o(HEAP)
    STACK                                    0x20006878   Section      768  startup_sc32f58128.o(STACK)
    Stack_Mem                                0x20006878   Data         768  startup_sc32f58128.o(STACK)
    __initial_sp                             0x20006b78   Data           0  startup_sc32f58128.o(STACK)

    Global Symbols

    Symbol Name                              Value     Ov Type        Size  Object(Section)

    BuildAttributes$$THM_ISAv3M$S$PE$A:L22$X:L11$S22$IEEE1$IW$USESV6$~STKCKD$USESV7$~SHL$OSPACE$ROPI$EBA8$UX$STANDARDLIB$REQ8$PRES8$EABIv2 0x00000000   Number         0  anon$$obj.o ABSOLUTE
    __ARM_use_no_argv                        0x00000000   Number         0  sl_main.o ABSOLUTE
    __Vectors                                0x00000000   Data           4  startup_sc32f58128.o(RESET)
    __ARM_exceptions_init                     - Undefined Weak Reference
    __alloca_initialize                       - Undefined Weak Reference
    __arm_preinit_                            - Undefined Weak Reference
    __cpp_initialize__aeabi_                  - Undefined Weak Reference
    __cxa_finalize                            - Undefined Weak Reference
    __rt_locale                               - Undefined Weak Reference
    __sigvec_lookup                           - Undefined Weak Reference
    _atexit_init                              - Undefined Weak Reference
    _call_atexit_fns                          - Undefined Weak Reference
    _clock_init                               - Undefined Weak Reference
    _fp_trap_init                             - Undefined Weak Reference
    _fp_trap_shutdown                         - Undefined Weak Reference
    _get_lc_collate                           - Undefined Weak Reference
    _get_lc_ctype                             - Undefined Weak Reference
    _get_lc_monetary                          - Undefined Weak Reference
    _get_lc_numeric                           - Undefined Weak Reference
    _get_lc_time                              - Undefined Weak Reference
    _getenv_init                              - Undefined Weak Reference
    _handle_redirection                       - Undefined Weak Reference
    _init_alloc                               - Undefined Weak Reference
    _init_user_alloc                          - Undefined Weak Reference
    _initio                                   - Undefined Weak Reference
    _printf_mbtowc                            - Undefined Weak Reference
    _printf_post_padding                      - Undefined Weak Reference
    _printf_pre_padding                       - Undefined Weak Reference
    _printf_truncate_signed                   - Undefined Weak Reference
    _printf_truncate_unsigned                 - Undefined Weak Reference
    _rand_init                                - Undefined Weak Reference
    _signal_finish                            - Undefined Weak Reference
    _signal_init                              - Undefined Weak Reference
    _terminate_alloc                          - Undefined Weak Reference
    _terminate_user_alloc                     - Undefined Weak Reference
    _terminateio                              - Undefined Weak Reference
    __Vectors_End                            0x000000c0   Data           0  startup_sc32f58128.o(RESET)
    __Vectors_Size                           0x000000c0   Number         0  startup_sc32f58128.o ABSOLUTE
    __main                                   0x000000c1   Thumb Code     8  __main.o(!!!main)
    __scatterload                            0x000000c9   Thumb Code     0  __scatter.o(!!!scatter)
    __scatterload_rt2                        0x000000c9   Thumb Code    52  __scatter.o(!!!scatter)
    __scatterload_rt2_thumb_only             0x000000c9   Thumb Code     0  __scatter.o(!!!scatter)
    __scatterload_null                       0x000000d9   Thumb Code     0  __scatter.o(!!!scatter)
    __scatterload_zeroinit                   0x00000105   Thumb Code    28  __scatter_zi.o(!!handler_zi)
    _printf_percent                          0x00000121   Thumb Code     0  _printf_percent.o(.ARM.Collect$$_printf_percent$$00000000)
    _printf_d                                0x00000123   Thumb Code     0  _printf_d.o(.ARM.Collect$$_printf_percent$$00000009)
    _printf_u                                0x0000012d   Thumb Code     0  _printf_u.o(.ARM.Collect$$_printf_percent$$0000000A)
    _printf_c                                0x00000137   Thumb Code     0  _printf_c.o(.ARM.Collect$$_printf_percent$$00000013)
    _printf_percent_end                      0x00000141   Thumb Code     0  _printf_percent_end.o(.ARM.Collect$$_printf_percent$$00000017)
    __rt_lib_init                            0x00000145   Thumb Code     0  libinit.o(.ARM.Collect$$libinit$$00000000)
    __rt_lib_init_alloca_1                   0x00000147   Thumb Code     0  libinit2.o(.ARM.Collect$$libinit$$0000002E)
    __rt_lib_init_argv_1                     0x00000147   Thumb Code     0  libinit2.o(.ARM.Collect$$libinit$$0000002C)
    __rt_lib_init_atexit_1                   0x00000147   Thumb Code     0  libinit2.o(.ARM.Collect$$libinit$$0000001B)
    __rt_lib_init_clock_1                    0x00000147   Thumb Code     0  libinit2.o(.ARM.Collect$$libinit$$00000021)
    __rt_lib_init_cpp_1                      0x00000147   Thumb Code     0  libinit2.o(.ARM.Collect$$libinit$$00000032)
    __rt_lib_init_exceptions_1               0x00000147   Thumb Code     0  libinit2.o(.ARM.Collect$$libinit$$00000030)
    __rt_lib_init_fp_1                       0x00000147   Thumb Code     0  libinit2.o(.ARM.Collect$$libinit$$00000002)
    __rt_lib_init_fp_trap_1                  0x00000147   Thumb Code     0  libinit2.o(.ARM.Collect$$libinit$$0000001F)
    __rt_lib_init_getenv_1                   0x00000147   Thumb Code     0  libinit2.o(.ARM.Collect$$libinit$$00000023)
    __rt_lib_init_heap_1                     0x00000147   Thumb Code     0  libinit2.o(.ARM.Collect$$libinit$$0000000A)
    __rt_lib_init_lc_collate_1               0x00000147   Thumb Code     0  libinit2.o(.ARM.Collect$$libinit$$00000011)
    __rt_lib_init_lc_ctype_1                 0x00000147   Thumb Code     0  libinit2.o(.ARM.Collect$$libinit$$00000013)
    __rt_lib_init_lc_monetary_1              0x00000147   Thumb Code     0  libinit2.o(.ARM.Collect$$libinit$$00000015)
    __rt_lib_init_lc_numeric_1               0x00000147   Thumb Code     0  libinit2.o(.ARM.Collect$$libinit$$00000017)
    __rt_lib_init_lc_time_1                  0x00000147   Thumb Code     0  libinit2.o(.ARM.Collect$$libinit$$00000019)
    __rt_lib_init_preinit_1                  0x00000147   Thumb Code     0  libinit2.o(.ARM.Collect$$libinit$$00000004)
    __rt_lib_init_rand_1                     0x00000147   Thumb Code     0  libinit2.o(.ARM.Collect$$libinit$$0000000E)
    __rt_lib_init_return                     0x00000147   Thumb Code     0  libinit2.o(.ARM.Collect$$libinit$$00000033)
    __rt_lib_init_signal_1                   0x00000147   Thumb Code     0  libinit2.o(.ARM.Collect$$libinit$$0000001D)
    __rt_lib_init_stdio_1                    0x00000147   Thumb Code     0  libinit2.o(.ARM.Collect$$libinit$$00000025)
    __rt_lib_init_user_alloc_1               0x00000147   Thumb Code     0  libinit2.o(.ARM.Collect$$libinit$$0000000C)
    __rt_lib_shutdown                        0x00000149   Thumb Code     0  libshutdown.o(.ARM.Collect$$libshutdown$$00000000)
    __rt_lib_shutdown_cpp_1                  0x0000014b   Thumb Code     0  libshutdown2.o(.ARM.Collect$$libshutdown$$00000002)
    __rt_lib_shutdown_fp_trap_1              0x0000014b   Thumb Code     0  libshutdown2.o(.ARM.Collect$$libshutdown$$00000007)
    __rt_lib_shutdown_heap_1                 0x0000014b   Thumb Code     0  libshutdown2.o(.ARM.Collect$$libshutdown$$0000000F)
    __rt_lib_shutdown_return                 0x0000014b   Thumb Code     0  libshutdown2.o(.ARM.Collect$$libshutdown$$00000010)
    __rt_lib_shutdown_signal_1               0x0000014b   Thumb Code     0  libshutdown2.o(.ARM.Collect$$libshutdown$$0000000A)
    __rt_lib_shutdown_stdio_1                0x0000014b   Thumb Code     0  libshutdown2.o(.ARM.Collect$$libshutdown$$00000004)
    __rt_lib_shutdown_user_alloc_1           0x0000014b   Thumb Code     0  libshutdown2.o(.ARM.Collect$$libshutdown$$0000000C)
    __rt_entry                               0x0000014d   Thumb Code     0  __rtentry.o(.ARM.Collect$$rtentry$$00000000)
    __rt_entry_presh_1                       0x0000014d   Thumb Code     0  __rtentry2.o(.ARM.Collect$$rtentry$$00000002)
    __rt_entry_sh                            0x0000014d   Thumb Code     0  __rtentry4.o(.ARM.Collect$$rtentry$$00000004)
    __rt_entry_li                            0x00000153   Thumb Code     0  __rtentry2.o(.ARM.Collect$$rtentry$$0000000A)
    __rt_entry_postsh_1                      0x00000153   Thumb Code     0  __rtentry2.o(.ARM.Collect$$rtentry$$00000009)
    __rt_entry_main                          0x00000157   Thumb Code     0  __rtentry2.o(.ARM.Collect$$rtentry$$0000000D)
    __rt_entry_postli_1                      0x00000157   Thumb Code     0  __rtentry2.o(.ARM.Collect$$rtentry$$0000000C)
    __rt_exit                                0x0000015f   Thumb Code     0  rtexit.o(.ARM.Collect$$rtexit$$00000000)
    __rt_exit_ls                             0x00000161   Thumb Code     0  rtexit2.o(.ARM.Collect$$rtexit$$00000003)
    __rt_exit_prels_1                        0x00000161   Thumb Code     0  rtexit2.o(.ARM.Collect$$rtexit$$00000002)
    __rt_exit_exit                           0x00000165   Thumb Code     0  rtexit2.o(.ARM.Collect$$rtexit$$00000004)
    __asm___6_port_c_39a90d8d__prvPortStartFirstTask 0x0000016d   Thumb Code    36  port.o(.emb_text)
    ulSetInterruptMaskFromISR                0x00000195   Thumb Code     8  port.o(.emb_text)
    vClearInterruptMaskFromISR               0x0000019d   Thumb Code     6  port.o(.emb_text)
    PendSV_Handler                           0x000001a3   Thumb Code    62  port.o(.emb_text)
    __aeabi_memcpy4                          0x000001e5   Thumb Code    56  rt_memcpy.o(.emb_text)
    __aeabi_memcpy8                          0x000001e5   Thumb Code     0  rt_memcpy.o(.emb_text)
    Reset_Handler                            0x0000021d   Thumb Code    62  startup_sc32f58128.o(.text)
    __user_initial_stackheap                 0x00000269   Thumb Code    10  startup_sc32f58128.o(.text)
    __aeabi_uldivmod                         0x000002b9   Thumb Code   258  lludiv.o(.text)
    _ll_udiv                                 0x000002b9   Thumb Code     0  lludiv.o(.text)
    __2sprintf                               0x000003bd   Thumb Code    36  noretval__2sprintf.o(.text)
    __printf                                 0x000003e5   Thumb Code   108  __printf.o(.text)
    _printf_str                              0x00000451   Thumb Code    82  _printf_str.o(.text)
    _printf_int_dec                          0x000004a5   Thumb Code    90  _printf_dec.o(.text)
    strncat                                  0x00000511   Thumb Code    36  strncat.o(.text)
    strcpy                                   0x00000535   Thumb Code    70  strcpy.o(.text)
    strlen                                   0x00000581   Thumb Code    62  strlen.o(.text)
    __aeabi_memcpy                           0x000005c5   Thumb Code   130  rt_memcpy.o(.text)
    __rt_memcpy                              0x000005c5   Thumb Code     0  rt_memcpy.o(.text)
    __aeabi_memset                           0x00000647   Thumb Code    18  aeabi_memset.o(.text)
    _memset_w                                0x00000659   Thumb Code    26  rt_memclr.o(.text)
    _memset                                  0x00000673   Thumb Code    30  rt_memclr.o(.text)
    __aeabi_memclr                           0x00000691   Thumb Code     4  rt_memclr.o(.text)
    __rt_memclr                              0x00000691   Thumb Code     0  rt_memclr.o(.text)
    __aeabi_memclr4                          0x00000695   Thumb Code     0  rt_memclr.o(.text)
    __aeabi_memclr8                          0x00000695   Thumb Code     0  rt_memclr.o(.text)
    __rt_memclr_w                            0x00000695   Thumb Code     4  rt_memclr.o(.text)
    strncpy                                  0x00000699   Thumb Code   104  strncpy.o(.text)
    __aeabi_uidiv                            0x00000705   Thumb Code     0  aeabi_sdiv.o(.text)
    __aeabi_uidivmod                         0x00000705   Thumb Code    20  aeabi_sdiv.o(.text)
    __aeabi_idiv                             0x00000719   Thumb Code     0  aeabi_sdiv.o(.text)
    __aeabi_idivmod                          0x00000719   Thumb Code   326  aeabi_sdiv.o(.text)
    __use_two_region_memory                  0x0000085f   Thumb Code     2  heapauxi.o(.text)
    __rt_heap_escrow$2region                 0x00000861   Thumb Code     2  heapauxi.o(.text)
    __rt_heap_expand$2region                 0x00000863   Thumb Code     2  heapauxi.o(.text)
    _printf_int_common                       0x00000865   Thumb Code   176  _printf_intcommon.o(.text)
    _printf_char_common                      0x0000091f   Thumb Code    32  _printf_char_common.o(.text)
    _sputc                                   0x00000945   Thumb Code    10  _sputc.o(.text)
    _printf_cs_common                        0x0000094f   Thumb Code    22  _printf_char.o(.text)
    _printf_char                             0x00000965   Thumb Code    16  _printf_char.o(.text)
    _printf_string                           0x00000975   Thumb Code     8  _printf_char.o(.text)
    __rt_udiv10                              0x0000097d   Thumb Code    40  rtudiv10.o(.text)
    __user_setup_stackheap                   0x000009a5   Thumb Code    62  sys_stackheap_outer.o(.text)
    exit                                     0x000009e3   Thumb Code    16  exit.o(.text)
    __user_libspace                          0x000009f5   Thumb Code     8  libspace.o(.text)
    __user_perproc_libspace                  0x000009f5   Thumb Code     0  libspace.o(.text)
    __user_perthread_libspace                0x000009f5   Thumb Code     0  libspace.o(.text)
    _sys_exit                                0x000009fd   Thumb Code     8  sys_exit.o(.text)
    __I$use$semihosting                      0x00000a09   Thumb Code     0  use_no_semi.o(.text)
    __use_no_semihosting_swi                 0x00000a09   Thumb Code     2  use_no_semi.o(.text)
    __decompress                             0x00000a0b   Thumb Code     0  __dczerorl2.o(.text)
    __decompress1                            0x00000a0b   Thumb Code    86  __dczerorl2.o(.text)
    __semihosting_library_function           0x00000a0b   Thumb Code     0  indicate_semi.o(.text)
    ADC1_IRQHandler                          0x00000a61   Thumb Code    28  sl_niv.o(i.ADC1_IRQHandler)
    ADC2_IRQHandler                          0x00000a81   Thumb Code     2  sl_niv.o(i.ADC2_IRQHandler)
    ADC3_IRQHandler                          0x00000a83   Thumb Code     2  sl_niv.o(i.ADC3_IRQHandler)
    ADC_IRQHandler                           0x00000a85   Thumb Code     2  sl_niv.o(i.ADC_IRQHandler)
    BSP_GpioInit                             0x00000a87   Thumb Code    12  bsp_gpio.o(i.BSP_GpioInit)
    BSP_SpiInit                              0x00000a95   Thumb Code    46  bsp_spi.o(i.BSP_SpiInit)
    CAN_IRQHandler                           0x00000ad1   Thumb Code     2  sl_niv.o(i.CAN_IRQHandler)
    COPROC_IRQHandler                        0x00000ad3   Thumb Code     2  sl_niv.o(i.COPROC_IRQHandler)
    DMA_IRQHandler                           0x00000ad5   Thumb Code     2  sl_niv.o(i.DMA_IRQHandler)
    ECAP0_IRQHandler                         0x00000ad7   Thumb Code     2  sl_niv.o(i.ECAP0_IRQHandler)
    ECAP1_IRQHandler                         0x00000ad9   Thumb Code     2  sl_niv.o(i.ECAP1_IRQHandler)
    ECAP2_IRQHandler                         0x00000adb   Thumb Code     2  sl_niv.o(i.ECAP2_IRQHandler)
    EQEP0_IRQHandler                         0x00000add   Thumb Code     2  sl_niv.o(i.EQEP0_IRQHandler)
    EQEP1_IRQHandler                         0x00000adf   Thumb Code     2  sl_niv.o(i.EQEP1_IRQHandler)
    ERU0_IRQHandler                          0x00000ae1   Thumb Code     2  sl_niv.o(i.ERU0_IRQHandler)
    ERU1_IRQHandler                          0x00000ae3   Thumb Code     2  sl_niv.o(i.ERU1_IRQHandler)
    ERU2_IRQHandler                          0x00000ae5   Thumb Code     2  sl_niv.o(i.ERU2_IRQHandler)
    ERU3_IRQHandler                          0x00000ae7   Thumb Code     2  sl_niv.o(i.ERU3_IRQHandler)
    FreeRTOS_CLIGetParameter                 0x00000ae9   Thumb Code   102  freertos_cli.o(i.FreeRTOS_CLIGetParameter)
    FreeRTOS_CLIRegisterCommand              0x00000b51   Thumb Code    68  freertos_cli.o(i.FreeRTOS_CLIRegisterCommand)
    GPIO_IRQHandler                          0x00000b99   Thumb Code     2  sl_niv.o(i.GPIO_IRQHandler)
    GPIO_MuxSel                              0x00000b9d   Thumb Code    98  sc32f58128_gpio.o(i.GPIO_MuxSel)
    GPIO_OpenDrainEnable                     0x00000c15   Thumb Code    92  sc32f58128_gpio.o(i.GPIO_OpenDrainEnable)
    GPIO_OutputDisable                       0x00000c85   Thumb Code    38  sc32f58128_gpio.o(i.GPIO_OutputDisable)
    GPIO_OutputEnable                        0x00000cab   Thumb Code    38  sc32f58128_gpio.o(i.GPIO_OutputEnable)
    GPIO_OutputHighCapabilityEnable          0x00000cd1   Thumb Code    90  sc32f58128_gpio.o(i.GPIO_OutputHighCapabilityEnable)
    GPIO_PullUpDownSel                       0x00000d41   Thumb Code   100  sc32f58128_gpio.o(i.GPIO_PullUpDownSel)
    GPIO_SetHigh                             0x00000db9   Thumb Code    32  sc32f58128_gpio.o(i.GPIO_SetHigh)
    GPIO_SetLow                              0x00000dd9   Thumb Code    32  sc32f58128_gpio.o(i.GPIO_SetLow)
    HardFault_Handler                        0x00000df9   Thumb Code     4  sl_niv.o(i.HardFault_Handler)
    I2C_deal                                 0x00000dfd   Thumb Code   154  sc32f58128_iic.o(i.I2C_deal)
    INIT_DeviceInit                          0x00000e9d   Thumb Code    16  devinit.o(i.INIT_DeviceInit)
    InitSPI0Gpio                             0x00000ead   Thumb Code    62  bsp_spi.o(i.InitSPI0Gpio)
    NMI_Handler                              0x00000ef1   Thumb Code     2  sl_niv.o(i.NMI_Handler)
    PWM0_IRQHandler                          0x00000ef3   Thumb Code     2  sl_niv.o(i.PWM0_IRQHandler)
    PWM1256_IRQHandler                       0x00000ef5   Thumb Code     2  sl_niv.o(i.PWM1256_IRQHandler)
    PWM3_IRQHandler                          0x00000ef7   Thumb Code     2  sl_niv.o(i.PWM3_IRQHandler)
    PWM4_IRQHandler                          0x00000ef9   Thumb Code     2  sl_niv.o(i.PWM4_IRQHandler)
    PWM7_IRQHandler                          0x00000efb   Thumb Code     2  sl_niv.o(i.PWM7_IRQHandler)
    PWM_CFG                                  0x00000efd   Thumb Code   436  bsp_pwm.o(i.PWM_CFG)
    PWM_PIN_SEL                              0x000010b5   Thumb Code   132  bsp_pwm.o(i.PWM_PIN_SEL)
    SPI_Cmd                                  0x00001139   Thumb Code    26  sc32f58128_spi.o(i.SPI_Cmd)
    SPI_DEV_SendByte                         0x00001155   Thumb Code    84  bsp_spi.o(i.SPI_DEV_SendByte)
    SPI_GetFlagStatus                        0x000011ad   Thumb Code    20  sc32f58128_spi.o(i.SPI_GetFlagStatus)
    SPI_Init                                 0x000011c1   Thumb Code   252  sc32f58128_spi.o(i.SPI_Init)
    SPI_LoopBackCmd                          0x000012c9   Thumb Code    26  sc32f58128_spi.o(i.SPI_LoopBackCmd)
    SPI_ReceiveData                          0x000012e5   Thumb Code   104  sc32f58128_spi.o(i.SPI_ReceiveData)
    SPI_SendData                             0x00001351   Thumb Code   106  sc32f58128_spi.o(i.SPI_SendData)
    SSP01_IRQHandler                         0x000013c1   Thumb Code     2  sl_niv.o(i.SSP01_IRQHandler)
    SSP23_IIC_IRQHandler                     0x000013c5   Thumb Code   694  sl_niv.o(i.SSP23_IIC_IRQHandler)
    SVC_Handler                              0x00001689   Thumb Code     2  port.o(i.SVC_Handler)
    SYS_IRQHandler                           0x0000168b   Thumb Code     2  sl_niv.o(i.SYS_IRQHandler)
    SysClkDivSel                             0x0000168d   Thumb Code    58  sc32f58128_sysclkcfg.o(i.SysClkDivSel)
    SysClockConfig                           0x000016d1   Thumb Code   518  sc32f58128_sysclkcfg.o(i.SysClockConfig)
    SysTick_Handler                          0x000018f9   Thumb Code    32  port.o(i.SysTick_Handler)
    SystemCoreClockUpdate                    0x0000191d   Thumb Code   256  system_sc32f58128.o(i.SystemCoreClockUpdate)
    SystemInit                               0x00001a45   Thumb Code   150  system_sc32f58128.o(i.SystemInit)
    TIMER0_IRQHandler                        0x00001b05   Thumb Code    28  sl_niv.o(i.TIMER0_IRQHandler)
    TIMER1_IRQHandler                        0x00001b29   Thumb Code     2  sl_niv.o(i.TIMER1_IRQHandler)
    TIMER234_IRQHandler                      0x00001b2b   Thumb Code     2  sl_niv.o(i.TIMER234_IRQHandler)
    TIMER_TmrConfig                          0x00001b2d   Thumb Code   242  sc32f58128_timer.o(i.TIMER_TmrConfig)
    UART0_IRQHandler                         0x00001c2d   Thumb Code    92  sl_niv.o(i.UART0_IRQHandler)
    UART0_RX_IRQHandler                      0x00001c91   Thumb Code     2  sl_niv.o(i.UART0_RX_IRQHandler)
    UART12_IRQHandler                        0x00001c93   Thumb Code     2  sl_niv.o(i.UART12_IRQHandler)
    UserTASK                                 0x00001c95   Thumb Code    34  usertask.o(i.UserTASK)
    __ARM_common_ll_muluu                    0x00001cc1   Thumb Code    48  sc32f58128_qep.o(i.__ARM_common_ll_muluu)
    __ARM_common_switch8                     0x00001cf1   Thumb Code    26  dbgtool.o(i.__ARM_common_switch8)
    eTaskGetState                            0x00001dd5   Thumb Code   132  tasks.o(i.eTaskGetState)
    main                                     0x00001e6d   Thumb Code    40  sl_main.o(i.main)
    main_c1                                  0x00001ea9   Thumb Code     4  sl_main.o(i.main_c1)
    mg_CacheInit                             0x00001ead   Thumb Code   184  devinit.o(i.mg_CacheInit)
    mg_DevicePeripheralInit                  0x00001f81   Thumb Code    16  devinit.o(i.mg_DevicePeripheralInit)
    mg_DeviceSystemInit                      0x00001f91   Thumb Code   110  devinit.o(i.mg_DeviceSystemInit)
    mg_DisableOSC                            0x00002005   Thumb Code    22  sc32f58128_sysclkcfg.o(i.mg_DisableOSC)
    mg_DisablePLL                            0x00002025   Thumb Code    26  sc32f58128_sysclkcfg.o(i.mg_DisablePLL)
    mg_EnableOSC                             0x00002049   Thumb Code    36  sc32f58128_sysclkcfg.o(i.mg_EnableOSC)
    mg_EnablePLL                             0x00002075   Thumb Code    36  sc32f58128_sysclkcfg.o(i.mg_EnablePLL)
    mg_EnableRCH                             0x000020a1   Thumb Code    42  sc32f58128_sysclkcfg.o(i.mg_EnableRCH)
    mg_PortSelect                            0x000020d9   Thumb Code    52  sc32f58128_gpio.o(i.mg_PortSelect)
    mg_SetIRQ                                0x00002121   Thumb Code    88  devinit.o(i.mg_SetIRQ)
    mg_TimerInit                             0x00002179   Thumb Code    14  devinit.o(i.mg_TimerInit)
    pvPortMalloc                             0x00002f0d   Thumb Code   300  heap_4.o(i.pvPortMalloc)
    pxPortInitialiseStack                    0x00003051   Thumb Code    26  port.o(i.pxPortInitialiseStack)
    rsv1_IRQHandler                          0x00003071   Thumb Code     2  sl_niv.o(i.rsv1_IRQHandler)
    u8GPIO_PWM_Init                          0x00003075   Thumb Code   680  bsp_gpio.o(i.u8GPIO_PWM_Init)
    uxListRemove                             0x00003349   Thumb Code    40  list.o(i.uxListRemove)
    uxTaskGetSystemState                     0x00003371   Thumb Code   140  tasks.o(i.uxTaskGetSystemState)
    vGPIO_IN_Init                            0x00003419   Thumb Code    94  bsp_gpio.o(i.vGPIO_IN_Init)
    vGPIO_OUT_Init                           0x00003479   Thumb Code   122  bsp_gpio.o(i.vGPIO_OUT_Init)
    vListInitialise                          0x000034f9   Thumb Code    26  list.o(i.vListInitialise)
    vListInitialiseItem                      0x00003513   Thumb Code     6  list.o(i.vListInitialiseItem)
    vListInsert                              0x00003519   Thumb Code    54  list.o(i.vListInsert)
    vListInsertEnd                           0x0000354f   Thumb Code    24  list.o(i.vListInsertEnd)
    vPortEnterCritical                       0x00003569   Thumb Code    22  port.o(i.vPortEnterCritical)
    vPortExitCritical                        0x00003585   Thumb Code    36  port.o(i.vPortExitCritical)
    vPortFree                                0x000035ad   Thumb Code   130  heap_4.o(i.vPortFree)
    vPortSetupTimerInterrupt                 0x0000363d   Thumb Code    34  port.o(i.vPortSetupTimerInterrupt)
    vPortYield                               0x00003669   Thumb Code    18  port.o(i.vPortYield)
    vQueueAddToRegistry                      0x00003681   Thumb Code    40  queue.o(i.vQueueAddToRegistry)
    vQueueWaitForMessageRestricted           0x000036ad   Thumb Code    76  queue.o(i.vQueueWaitForMessageRestricted)
    vRegisterSampleCLICommands               0x000036f9   Thumb Code    34  sample-cli-commands.o(i.vRegisterSampleCLICommands)
    vTaskDelay                               0x00003731   Thumb Code    62  tasks.o(i.vTaskDelay)
    vTaskGetInfo                             0x00003775   Thumb Code   128  tasks.o(i.vTaskGetInfo)
    vTaskGetRunTimeStats                     0x000037f9   Thumb Code   162  tasks.o(i.vTaskGetRunTimeStats)
    vTaskInternalSetTimeOutState             0x000038b9   Thumb Code    14  tasks.o(i.vTaskInternalSetTimeOutState)
    vTaskList                                0x000038d1   Thumb Code   186  tasks.o(i.vTaskList)
    vTaskMissedYield                         0x000039a1   Thumb Code     8  tasks.o(i.vTaskMissedYield)
    vTaskPlaceOnEventList                    0x000039ad   Thumb Code    38  tasks.o(i.vTaskPlaceOnEventList)
    vTaskPlaceOnEventListRestricted          0x000039d9   Thumb Code    48  tasks.o(i.vTaskPlaceOnEventListRestricted)
    vTaskStartScheduler                      0x00003a0d   Thumb Code    98  tasks.o(i.vTaskStartScheduler)
    vTaskSuspendAll                          0x00003a95   Thumb Code    12  tasks.o(i.vTaskSuspendAll)
    vTaskSwitchContext                       0x00003aa5   Thumb Code   160  tasks.o(i.vTaskSwitchContext)
    xPortGetFreeHeapSize                     0x00003b65   Thumb Code     6  heap_4.o(i.xPortGetFreeHeapSize)
    xPortGetMinimumEverFreeHeapSize          0x00003b71   Thumb Code     6  heap_4.o(i.xPortGetMinimumEverFreeHeapSize)
    xPortStartScheduler                      0x00003b7d   Thumb Code    48  port.o(i.xPortStartScheduler)
    xQueueGenericCreate                      0x00003bb5   Thumb Code   132  queue.o(i.xQueueGenericCreate)
    xQueueGenericReset                       0x00003c39   Thumb Code   130  queue.o(i.xQueueGenericReset)
    xQueueGenericSend                        0x00003cbb   Thumb Code   382  queue.o(i.xQueueGenericSend)
    xQueueGenericSendFromISR                 0x00003e39   Thumb Code   244  queue.o(i.xQueueGenericSendFromISR)
    xQueueReceive                            0x00003f2d   Thumb Code   312  queue.o(i.xQueueReceive)
    xTaskCheckForTimeOut                     0x00004065   Thumb Code   110  tasks.o(i.xTaskCheckForTimeOut)
    xTaskCreate                              0x000040dd   Thumb Code    92  tasks.o(i.xTaskCreate)
    xTaskGetSchedulerState                   0x00004139   Thumb Code    28  tasks.o(i.xTaskGetSchedulerState)
    xTaskGetTickCount                        0x0000415d   Thumb Code     6  tasks.o(i.xTaskGetTickCount)
    xTaskIncrementTick                       0x00004169   Thumb Code   270  tasks.o(i.xTaskIncrementTick)
    xTaskPriorityDisinherit                  0x000042a5   Thumb Code   124  tasks.o(i.xTaskPriorityDisinherit)
    xTaskRemoveFromEventList                 0x0000432d   Thumb Code   112  tasks.o(i.xTaskRemoveFromEventList)
    xTaskResumeAll                           0x000043b5   Thumb Code   206  tasks.o(i.xTaskResumeAll)
    xTimerCreateTimerTask                    0x000044a5   Thumb Code    52  timers.o(i.xTimerCreateTimerTask)
    xTimerGenericCommand                     0x000044ed   Thumb Code   110  timers.o(i.xTimerGenericCommand)
    Region$$Table$$Base                      0x0000489c   Number         0  anon$$obj.o(Region$$Table)
    Region$$Table$$Limit                     0x000048bc   Number         0  anon$$obj.o(Region$$Table)
    ulHighFrequencyTimerTicks                0x20000004   Data           4  sl_niv.o(.data)
    accel_data                               0x2000000a   Data           6  usertask.o(.data)
    gyro_data                                0x20000010   Data           6  usertask.o(.data)
    u16SPItestData                           0x20000016   Data           2  usertask.o(.data)
    u16SPIRecData                            0x20000018   Data           2  usertask.o(.data)
    pxCurrentTCB                             0x2000001c   Data           4  tasks.o(.data)
    uxTopUsedPriority                        0x20000054   Data           4  tasks.o(.data)
    ExternalOscClock                         0x200000b8   Data           4  system_sc32f58128.o(.data)
    SystemCoreClock                          0x200000bc   Data           4  system_sc32f58128.o(.data)
    SystemAhbClock                           0x200000c0   Data           4  system_sc32f58128.o(.data)
    SystemApb01Clock                         0x200000c4   Data           4  system_sc32f58128.o(.data)
    SystemApb23Clock                         0x200000c8   Data           4  system_sc32f58128.o(.data)
    SystemMtClock                            0x200000cc   Data           4  system_sc32f58128.o(.data)
    PrimaskState                             0x200000d0   Data           4  system_sc32f58128.o(.data)
    PWM                                      0x200000d4   Data          32  sc32f58128_pwm.o(.data)
    mg_sPwmTest                              0x200000f4   Data          20  sc32f58128_pwm.o(.data)
    SPI                                      0x20000108   Data          16  sc32f58128_spi.o(.data)
    RealSpiClk                               0x20000118   Data           4  sc32f58128_spi.o(.data)
    pu8FirstBit                              0x2000011c   Data           4  sc32f58128_spi.o(.data)
    TIMER                                    0x20000120   Data          12  sc32f58128_timer.o(.data)
    IICInfo                                  0x2000012c   Data          45  bsp_iic.o(.bss)
    strI2cMsg                                0x2000015a   Data         126  bsp_iic.o(.bss)
    SPI_Cfg_Init                             0x200001d8   Data          16  bsp_spi.o(.bss)
    xQueueRegistry                           0x200001e8   Data          64  queue.o(.bss)
    __libspace_start                         0x20006718   Data          96  libspace.o(.bss)
    __temporary_stack_top$libspace           0x20006778   Data           0  libspace.o(.bss)



==============================================================================

Memory Map of the image

  Image Entry point : 0x000000c1

  Load Region LR_IROM1 (Base: 0x00000000, Size: 0x000049e8, Max: 0x00020000, ABSOLUTE, COMPRESSED[0x00004914])

    Execution Region ER_IROM1 (Exec base: 0x00000000, Load base: 0x00000000, Size: 0x000048bc, Max: 0x00020000, ABSOLUTE)

    Exec Addr    Load Addr    Size         Type   Attr      Idx    E Section Name        Object

    0x00000000   0x00000000   0x000000c0   Data   RO         2420    RESET               startup_sc32f58128.o
    0x000000c0   0x000000c0   0x00000008   Code   RO         3886  * !!!main             c_p.l(__main.o)
    0x000000c8   0x000000c8   0x0000003c   Code   RO         4085    !!!scatter          c_p.l(__scatter.o)
    0x00000104   0x00000104   0x0000001c   Code   RO         4087    !!handler_zi        c_p.l(__scatter_zi.o)
    0x00000120   0x00000120   0x00000002   Code   RO         3859    .ARM.Collect$$_printf_percent$$00000000  c_p.l(_printf_percent.o)
    0x00000122   0x00000122   0x0000000a   Code   RO         3857    .ARM.Collect$$_printf_percent$$00000009  c_p.l(_printf_d.o)
    0x0000012c   0x0000012c   0x0000000a   Code   RO         3858    .ARM.Collect$$_printf_percent$$0000000A  c_p.l(_printf_u.o)
    0x00000136   0x00000136   0x0000000a   Code   RO         3856    .ARM.Collect$$_printf_percent$$00000013  c_p.l(_printf_c.o)
    0x00000140   0x00000140   0x00000004   Code   RO         3916    .ARM.Collect$$_printf_percent$$00000017  c_p.l(_printf_percent_end.o)
    0x00000144   0x00000144   0x00000002   Code   RO         3953    .ARM.Collect$$libinit$$00000000  c_p.l(libinit.o)
    0x00000146   0x00000146   0x00000000   Code   RO         3967    .ARM.Collect$$libinit$$00000002  c_p.l(libinit2.o)
    0x00000146   0x00000146   0x00000000   Code   RO         3969    .ARM.Collect$$libinit$$00000004  c_p.l(libinit2.o)
    0x00000146   0x00000146   0x00000000   Code   RO         3972    .ARM.Collect$$libinit$$0000000A  c_p.l(libinit2.o)
    0x00000146   0x00000146   0x00000000   Code   RO         3974    .ARM.Collect$$libinit$$0000000C  c_p.l(libinit2.o)
    0x00000146   0x00000146   0x00000000   Code   RO         3976    .ARM.Collect$$libinit$$0000000E  c_p.l(libinit2.o)
    0x00000146   0x00000146   0x00000000   Code   RO         3979    .ARM.Collect$$libinit$$00000011  c_p.l(libinit2.o)
    0x00000146   0x00000146   0x00000000   Code   RO         3981    .ARM.Collect$$libinit$$00000013  c_p.l(libinit2.o)
    0x00000146   0x00000146   0x00000000   Code   RO         3983    .ARM.Collect$$libinit$$00000015  c_p.l(libinit2.o)
    0x00000146   0x00000146   0x00000000   Code   RO         3985    .ARM.Collect$$libinit$$00000017  c_p.l(libinit2.o)
    0x00000146   0x00000146   0x00000000   Code   RO         3987    .ARM.Collect$$libinit$$00000019  c_p.l(libinit2.o)
    0x00000146   0x00000146   0x00000000   Code   RO         3989    .ARM.Collect$$libinit$$0000001B  c_p.l(libinit2.o)
    0x00000146   0x00000146   0x00000000   Code   RO         3991    .ARM.Collect$$libinit$$0000001D  c_p.l(libinit2.o)
    0x00000146   0x00000146   0x00000000   Code   RO         3993    .ARM.Collect$$libinit$$0000001F  c_p.l(libinit2.o)
    0x00000146   0x00000146   0x00000000   Code   RO         3995    .ARM.Collect$$libinit$$00000021  c_p.l(libinit2.o)
    0x00000146   0x00000146   0x00000000   Code   RO         3997    .ARM.Collect$$libinit$$00000023  c_p.l(libinit2.o)
    0x00000146   0x00000146   0x00000000   Code   RO         3999    .ARM.Collect$$libinit$$00000025  c_p.l(libinit2.o)
    0x00000146   0x00000146   0x00000000   Code   RO         4003    .ARM.Collect$$libinit$$0000002C  c_p.l(libinit2.o)
    0x00000146   0x00000146   0x00000000   Code   RO         4005    .ARM.Collect$$libinit$$0000002E  c_p.l(libinit2.o)
    0x00000146   0x00000146   0x00000000   Code   RO         4007    .ARM.Collect$$libinit$$00000030  c_p.l(libinit2.o)
    0x00000146   0x00000146   0x00000000   Code   RO         4009    .ARM.Collect$$libinit$$00000032  c_p.l(libinit2.o)
    0x00000146   0x00000146   0x00000002   Code   RO         4010    .ARM.Collect$$libinit$$00000033  c_p.l(libinit2.o)
    0x00000148   0x00000148   0x00000002   Code   RO         4041    .ARM.Collect$$libshutdown$$00000000  c_p.l(libshutdown.o)
    0x0000014a   0x0000014a   0x00000000   Code   RO         4067    .ARM.Collect$$libshutdown$$00000002  c_p.l(libshutdown2.o)
    0x0000014a   0x0000014a   0x00000000   Code   RO         4069    .ARM.Collect$$libshutdown$$00000004  c_p.l(libshutdown2.o)
    0x0000014a   0x0000014a   0x00000000   Code   RO         4072    .ARM.Collect$$libshutdown$$00000007  c_p.l(libshutdown2.o)
    0x0000014a   0x0000014a   0x00000000   Code   RO         4075    .ARM.Collect$$libshutdown$$0000000A  c_p.l(libshutdown2.o)
    0x0000014a   0x0000014a   0x00000000   Code   RO         4077    .ARM.Collect$$libshutdown$$0000000C  c_p.l(libshutdown2.o)
    0x0000014a   0x0000014a   0x00000000   Code   RO         4080    .ARM.Collect$$libshutdown$$0000000F  c_p.l(libshutdown2.o)
    0x0000014a   0x0000014a   0x00000002   Code   RO         4081    .ARM.Collect$$libshutdown$$00000010  c_p.l(libshutdown2.o)
    0x0000014c   0x0000014c   0x00000000   Code   RO         3899    .ARM.Collect$$rtentry$$00000000  c_p.l(__rtentry.o)
    0x0000014c   0x0000014c   0x00000000   Code   RO         3921    .ARM.Collect$$rtentry$$00000002  c_p.l(__rtentry2.o)
    0x0000014c   0x0000014c   0x00000006   Code   RO         3933    .ARM.Collect$$rtentry$$00000004  c_p.l(__rtentry4.o)
    0x00000152   0x00000152   0x00000000   Code   RO         3923    .ARM.Collect$$rtentry$$00000009  c_p.l(__rtentry2.o)
    0x00000152   0x00000152   0x00000004   Code   RO         3924    .ARM.Collect$$rtentry$$0000000A  c_p.l(__rtentry2.o)
    0x00000156   0x00000156   0x00000000   Code   RO         3926    .ARM.Collect$$rtentry$$0000000C  c_p.l(__rtentry2.o)
    0x00000156   0x00000156   0x00000008   Code   RO         3927    .ARM.Collect$$rtentry$$0000000D  c_p.l(__rtentry2.o)
    0x0000015e   0x0000015e   0x00000002   Code   RO         3958    .ARM.Collect$$rtexit$$00000000  c_p.l(rtexit.o)
    0x00000160   0x00000160   0x00000000   Code   RO         4014    .ARM.Collect$$rtexit$$00000002  c_p.l(rtexit2.o)
    0x00000160   0x00000160   0x00000004   Code   RO         4015    .ARM.Collect$$rtexit$$00000003  c_p.l(rtexit2.o)
    0x00000164   0x00000164   0x00000006   Code   RO         4016    .ARM.Collect$$rtexit$$00000004  c_p.l(rtexit2.o)
    0x0000016a   0x0000016a   0x00000002   PAD
    0x0000016c   0x0000016c   0x00000078   Code   RO         2050    .emb_text           port.o
    0x000001e4   0x000001e4   0x00000038   Code   RO         3868    .emb_text           c_p.l(rt_memcpy.o)
    0x0000021c   0x0000021c   0x0000009c   Code   RO         2421    .text               startup_sc32f58128.o
    0x000002b8   0x000002b8   0x00000102   Code   RO         3824    .text               c_p.l(lludiv.o)
    0x000003ba   0x000003ba   0x00000002   PAD
    0x000003bc   0x000003bc   0x00000028   Code   RO         3828    .text               c_p.l(noretval__2sprintf.o)
    0x000003e4   0x000003e4   0x0000006c   Code   RO         3830    .text               c_p.l(__printf.o)
    0x00000450   0x00000450   0x00000052   Code   RO         3832    .text               c_p.l(_printf_str.o)
    0x000004a2   0x000004a2   0x00000002   PAD
    0x000004a4   0x000004a4   0x0000006c   Code   RO         3834    .text               c_p.l(_printf_dec.o)
    0x00000510   0x00000510   0x00000024   Code   RO         3860    .text               c_p.l(strncat.o)
    0x00000534   0x00000534   0x0000004c   Code   RO         3862    .text               c_p.l(strcpy.o)
    0x00000580   0x00000580   0x00000044   Code   RO         3864    .text               c_p.l(strlen.o)
    0x000005c4   0x000005c4   0x00000082   Code   RO         3869    .text               c_p.l(rt_memcpy.o)
    0x00000646   0x00000646   0x00000012   Code   RO         3874    .text               c_p.l(aeabi_memset.o)
    0x00000658   0x00000658   0x00000040   Code   RO         3876    .text               c_p.l(rt_memclr.o)
    0x00000698   0x00000698   0x0000006c   Code   RO         3878    .text               c_p.l(strncpy.o)
    0x00000704   0x00000704   0x0000015a   Code   RO         3880    .text               c_p.l(aeabi_sdiv.o)
    0x0000085e   0x0000085e   0x00000006   Code   RO         3884    .text               c_p.l(heapauxi.o)
    0x00000864   0x00000864   0x000000b0   Code   RO         3908    .text               c_p.l(_printf_intcommon.o)
    0x00000914   0x00000914   0x00000030   Code   RO         3910    .text               c_p.l(_printf_char_common.o)
    0x00000944   0x00000944   0x0000000a   Code   RO         3912    .text               c_p.l(_sputc.o)
    0x0000094e   0x0000094e   0x0000002e   Code   RO         3914    .text               c_p.l(_printf_char.o)
    0x0000097c   0x0000097c   0x00000028   Code   RO         3917    .text               c_p.l(rtudiv10.o)
    0x000009a4   0x000009a4   0x0000003e   Code   RO         3939    .text               c_p.l(sys_stackheap_outer.o)
    0x000009e2   0x000009e2   0x00000010   Code   RO         3942    .text               c_p.l(exit.o)
    0x000009f2   0x000009f2   0x00000002   PAD
    0x000009f4   0x000009f4   0x00000008   Code   RO         3954    .text               c_p.l(libspace.o)
    0x000009fc   0x000009fc   0x0000000c   Code   RO         4011    .text               c_p.l(sys_exit.o)
    0x00000a08   0x00000a08   0x00000002   Code   RO         4030    .text               c_p.l(use_no_semi.o)
    0x00000a0a   0x00000a0a   0x00000000   Code   RO         4032    .text               c_p.l(indicate_semi.o)
    0x00000a0a   0x00000a0a   0x00000056   Code   RO         4083    .text               c_p.l(__dczerorl2.o)
    0x00000a60   0x00000a60   0x00000020   Code   RO          173    i.ADC1_IRQHandler   sl_niv.o
    0x00000a80   0x00000a80   0x00000002   Code   RO          174    i.ADC2_IRQHandler   sl_niv.o
    0x00000a82   0x00000a82   0x00000002   Code   RO          175    i.ADC3_IRQHandler   sl_niv.o
    0x00000a84   0x00000a84   0x00000002   Code   RO          176    i.ADC_IRQHandler    sl_niv.o
    0x00000a86   0x00000a86   0x0000000c   Code   RO          570    i.BSP_GpioInit      bsp_gpio.o
    0x00000a92   0x00000a92   0x00000002   PAD
    0x00000a94   0x00000a94   0x0000003c   Code   RO          853    i.BSP_SpiInit       bsp_spi.o
    0x00000ad0   0x00000ad0   0x00000002   Code   RO          177    i.CAN_IRQHandler    sl_niv.o
    0x00000ad2   0x00000ad2   0x00000002   Code   RO          178    i.COPROC_IRQHandler  sl_niv.o
    0x00000ad4   0x00000ad4   0x00000002   Code   RO          179    i.DMA_IRQHandler    sl_niv.o
    0x00000ad6   0x00000ad6   0x00000002   Code   RO          180    i.ECAP0_IRQHandler  sl_niv.o
    0x00000ad8   0x00000ad8   0x00000002   Code   RO          181    i.ECAP1_IRQHandler  sl_niv.o
    0x00000ada   0x00000ada   0x00000002   Code   RO          182    i.ECAP2_IRQHandler  sl_niv.o
    0x00000adc   0x00000adc   0x00000002   Code   RO          183    i.EQEP0_IRQHandler  sl_niv.o
    0x00000ade   0x00000ade   0x00000002   Code   RO          184    i.EQEP1_IRQHandler  sl_niv.o
    0x00000ae0   0x00000ae0   0x00000002   Code   RO          185    i.ERU0_IRQHandler   sl_niv.o
    0x00000ae2   0x00000ae2   0x00000002   Code   RO          186    i.ERU1_IRQHandler   sl_niv.o
    0x00000ae4   0x00000ae4   0x00000002   Code   RO          187    i.ERU2_IRQHandler   sl_niv.o
    0x00000ae6   0x00000ae6   0x00000002   Code   RO          188    i.ERU3_IRQHandler   sl_niv.o
    0x00000ae8   0x00000ae8   0x00000066   Code   RO         2177    i.FreeRTOS_CLIGetParameter  freertos_cli.o
    0x00000b4e   0x00000b4e   0x00000002   PAD
    0x00000b50   0x00000b50   0x00000048   Code   RO         2179    i.FreeRTOS_CLIRegisterCommand  freertos_cli.o
    0x00000b98   0x00000b98   0x00000002   Code   RO          189    i.GPIO_IRQHandler   sl_niv.o
    0x00000b9a   0x00000b9a   0x00000002   PAD
    0x00000b9c   0x00000b9c   0x00000078   Code   RO         2880    i.GPIO_MuxSel       sc32f58128_gpio.o
    0x00000c14   0x00000c14   0x00000070   Code   RO         2882    i.GPIO_OpenDrainEnable  sc32f58128_gpio.o
    0x00000c84   0x00000c84   0x00000026   Code   RO         2883    i.GPIO_OutputDisable  sc32f58128_gpio.o
    0x00000caa   0x00000caa   0x00000026   Code   RO         2884    i.GPIO_OutputEnable  sc32f58128_gpio.o
    0x00000cd0   0x00000cd0   0x00000070   Code   RO         2886    i.GPIO_OutputHighCapabilityEnable  sc32f58128_gpio.o
    0x00000d40   0x00000d40   0x00000078   Code   RO         2887    i.GPIO_PullUpDownSel  sc32f58128_gpio.o
    0x00000db8   0x00000db8   0x00000020   Code   RO         2888    i.GPIO_SetHigh      sc32f58128_gpio.o
    0x00000dd8   0x00000dd8   0x00000020   Code   RO         2889    i.GPIO_SetLow       sc32f58128_gpio.o
    0x00000df8   0x00000df8   0x00000004   Code   RO          190    i.HardFault_Handler  sl_niv.o
    0x00000dfc   0x00000dfc   0x000000a0   Code   RO         3127    i.I2C_deal          sc32f58128_iic.o
    0x00000e9c   0x00000e9c   0x00000010   Code   RO          464    i.INIT_DeviceInit   devinit.o
    0x00000eac   0x00000eac   0x00000044   Code   RO          854    i.InitSPI0Gpio      bsp_spi.o
    0x00000ef0   0x00000ef0   0x00000002   Code   RO          191    i.NMI_Handler       sl_niv.o
    0x00000ef2   0x00000ef2   0x00000002   Code   RO          192    i.PWM0_IRQHandler   sl_niv.o
    0x00000ef4   0x00000ef4   0x00000002   Code   RO          193    i.PWM1256_IRQHandler  sl_niv.o
    0x00000ef6   0x00000ef6   0x00000002   Code   RO          194    i.PWM3_IRQHandler   sl_niv.o
    0x00000ef8   0x00000ef8   0x00000002   Code   RO          195    i.PWM4_IRQHandler   sl_niv.o
    0x00000efa   0x00000efa   0x00000002   Code   RO          196    i.PWM7_IRQHandler   sl_niv.o
    0x00000efc   0x00000efc   0x000001b8   Code   RO          713    i.PWM_CFG           bsp_pwm.o
    0x000010b4   0x000010b4   0x00000084   Code   RO          716    i.PWM_PIN_SEL       bsp_pwm.o
    0x00001138   0x00001138   0x0000001a   Code   RO         3262    i.SPI_Cmd           sc32f58128_spi.o
    0x00001152   0x00001152   0x00000002   PAD
    0x00001154   0x00001154   0x00000058   Code   RO          855    i.SPI_DEV_SendByte  bsp_spi.o
    0x000011ac   0x000011ac   0x00000014   Code   RO         3265    i.SPI_GetFlagStatus  sc32f58128_spi.o
    0x000011c0   0x000011c0   0x00000108   Code   RO         3269    i.SPI_Init          sc32f58128_spi.o
    0x000012c8   0x000012c8   0x0000001a   Code   RO         3270    i.SPI_LoopBackCmd   sc32f58128_spi.o
    0x000012e2   0x000012e2   0x00000002   PAD
    0x000012e4   0x000012e4   0x0000006c   Code   RO         3271    i.SPI_ReceiveData   sc32f58128_spi.o
    0x00001350   0x00001350   0x00000070   Code   RO         3272    i.SPI_SendData      sc32f58128_spi.o
    0x000013c0   0x000013c0   0x00000002   Code   RO          198    i.SSP01_IRQHandler  sl_niv.o
    0x000013c2   0x000013c2   0x00000002   PAD
    0x000013c4   0x000013c4   0x000002c4   Code   RO          199    i.SSP23_IIC_IRQHandler  sl_niv.o
    0x00001688   0x00001688   0x00000002   Code   RO         2051    i.SVC_Handler       port.o
    0x0000168a   0x0000168a   0x00000002   Code   RO          201    i.SYS_IRQHandler    sl_niv.o
    0x0000168c   0x0000168c   0x00000044   Code   RO         2471    i.SysClkDivSel      sc32f58128_sysclkcfg.o
    0x000016d0   0x000016d0   0x00000228   Code   RO         2472    i.SysClockConfig    sc32f58128_sysclkcfg.o
    0x000018f8   0x000018f8   0x00000024   Code   RO         2052    i.SysTick_Handler   port.o
    0x0000191c   0x0000191c   0x00000128   Code   RO         2429    i.SystemCoreClockUpdate  system_sc32f58128.o
    0x00001a44   0x00001a44   0x000000c0   Code   RO         2430    i.SystemInit        system_sc32f58128.o
    0x00001b04   0x00001b04   0x00000024   Code   RO          203    i.TIMER0_IRQHandler  sl_niv.o
    0x00001b28   0x00001b28   0x00000002   Code   RO          204    i.TIMER1_IRQHandler  sl_niv.o
    0x00001b2a   0x00001b2a   0x00000002   Code   RO          205    i.TIMER234_IRQHandler  sl_niv.o
    0x00001b2c   0x00001b2c   0x00000100   Code   RO         3362    i.TIMER_TmrConfig   sc32f58128_timer.o
    0x00001c2c   0x00001c2c   0x00000064   Code   RO          206    i.UART0_IRQHandler  sl_niv.o
    0x00001c90   0x00001c90   0x00000002   Code   RO          207    i.UART0_RX_IRQHandler  sl_niv.o
    0x00001c92   0x00001c92   0x00000002   Code   RO          208    i.UART12_IRQHandler  sl_niv.o
    0x00001c94   0x00001c94   0x0000002c   Code   RO          441    i.UserTASK          usertask.o
    0x00001cc0   0x00001cc0   0x00000030   Code   RO         3248    i.__ARM_common_ll_muluu  sc32f58128_qep.o
    0x00001cf0   0x00001cf0   0x0000001a   Code   RO         3634    i.__ARM_common_switch8  OSC.lib(dbgtool.o)
    0x00001d0a   0x00001d0a   0x00000002   PAD
    0x00001d0c   0x00001d0c   0x00000018   Code   RO          466    i.__NVIC_ClearPendingIRQ  devinit.o
    0x00001d24   0x00001d24   0x00000020   Code   RO          467    i.__NVIC_EnableIRQ  devinit.o
    0x00001d44   0x00001d44   0x00000078   Code   RO          468    i.__NVIC_SetPriority  devinit.o
    0x00001dbc   0x00001dbc   0x00000006   Code   RO          571    i.__get_PRIMASK     bsp_gpio.o
    0x00001dc2   0x00001dc2   0x00000006   Code   RO         2891    i.__get_PRIMASK     sc32f58128_gpio.o
    0x00001dc8   0x00001dc8   0x00000006   Code   RO          572    i.__set_PRIMASK     bsp_gpio.o
    0x00001dce   0x00001dce   0x00000006   Code   RO         2892    i.__set_PRIMASK     sc32f58128_gpio.o
    0x00001dd4   0x00001dd4   0x00000098   Code   RO         1515    i.eTaskGetState     tasks.o
    0x00001e6c   0x00001e6c   0x0000003c   Code   RO            3    i.main              sl_main.o
    0x00001ea8   0x00001ea8   0x00000004   Code   RO            4    i.main_c1           sl_main.o
    0x00001eac   0x00001eac   0x000000d4   Code   RO          469    i.mg_CacheInit      devinit.o
    0x00001f80   0x00001f80   0x00000010   Code   RO          470    i.mg_DevicePeripheralInit  devinit.o
    0x00001f90   0x00001f90   0x00000074   Code   RO          471    i.mg_DeviceSystemInit  devinit.o
    0x00002004   0x00002004   0x00000020   Code   RO         2473    i.mg_DisableOSC     sc32f58128_sysclkcfg.o
    0x00002024   0x00002024   0x00000024   Code   RO         2474    i.mg_DisablePLL     sc32f58128_sysclkcfg.o
    0x00002048   0x00002048   0x0000002c   Code   RO         2476    i.mg_EnableOSC      sc32f58128_sysclkcfg.o
    0x00002074   0x00002074   0x0000002c   Code   RO         2477    i.mg_EnablePLL      sc32f58128_sysclkcfg.o
    0x000020a0   0x000020a0   0x00000038   Code   RO         2478    i.mg_EnableRCH      sc32f58128_sysclkcfg.o
    0x000020d8   0x000020d8   0x00000048   Code   RO         2893    i.mg_PortSelect     sc32f58128_gpio.o
    0x00002120   0x00002120   0x00000058   Code   RO          472    i.mg_SetIRQ         devinit.o
    0x00002178   0x00002178   0x0000000e   Code   RO          474    i.mg_TimerInit      devinit.o
    0x00002186   0x00002186   0x00000002   PAD
    0x00002188   0x00002188   0x0000007c   Code   RO         1517    i.prvAddCurrentTaskToDelayedList  tasks.o
    0x00002204   0x00002204   0x000000ac   Code   RO         1518    i.prvAddNewTaskToReadyList  tasks.o
    0x000022b0   0x000022b0   0x00000068   Code   RO         1902    i.prvCheckForValidListAndQueue  timers.o
    0x00002318   0x00002318   0x00000048   Code   RO         1519    i.prvCheckTasksWaitingTermination  tasks.o
    0x00002360   0x00002360   0x0000002c   Code   RO         1108    i.prvCopyDataFromQueue  queue.o
    0x0000238c   0x0000238c   0x00000080   Code   RO         1109    i.prvCopyDataToQueue  queue.o
    0x0000240c   0x0000240c   0x00000012   Code   RO         1520    i.prvDeleteTCB      tasks.o
    0x0000241e   0x0000241e   0x00000002   PAD
    0x00002420   0x00002420   0x0000002c   Code   RO         1903    i.prvGetNextExpireTime  timers.o
    0x0000244c   0x0000244c   0x0000007c   Code   RO         2121    i.prvHeapInit       heap_4.o
    0x000024c8   0x000024c8   0x0000004c   Code   RO         2181    i.prvHelpCommand    freertos_cli.o
    0x00002514   0x00002514   0x00000018   Code   RO         1521    i.prvIdleTask       tasks.o
    0x0000252c   0x0000252c   0x00000030   Code   RO         1112    i.prvInitialiseNewQueue  queue.o
    0x0000255c   0x0000255c   0x000000be   Code   RO         1522    i.prvInitialiseNewTask  tasks.o
    0x0000261a   0x0000261a   0x00000002   PAD
    0x0000261c   0x0000261c   0x00000064   Code   RO         1523    i.prvInitialiseTaskLists  tasks.o
    0x00002680   0x00002680   0x00000068   Code   RO         2122    i.prvInsertBlockIntoFreeList  heap_4.o
    0x000026e8   0x000026e8   0x00000054   Code   RO         1905    i.prvInsertTimerInActiveList  timers.o
    0x0000273c   0x0000273c   0x0000001c   Code   RO         1113    i.prvIsQueueEmpty   queue.o
    0x00002758   0x00002758   0x0000001e   Code   RO         1114    i.prvIsQueueFull    queue.o
    0x00002776   0x00002776   0x0000006a   Code   RO         1524    i.prvListTasksWithinSingleList  tasks.o
    0x000027e0   0x000027e0   0x0000008a   Code   RO         1115    i.prvNotifyQueueSetContainer  queue.o
    0x0000286a   0x0000286a   0x00000002   PAD
    0x0000286c   0x0000286c   0x000000a8   Code   RO         2224    i.prvParameterEchoCommand  sample-cli-commands.o
    0x00002914   0x00002914   0x00000068   Code   RO         1906    i.prvProcessExpiredTimer  timers.o
    0x0000297c   0x0000297c   0x00000128   Code   RO         1907    i.prvProcessReceivedCommands  timers.o
    0x00002aa4   0x00002aa4   0x0000006c   Code   RO         1908    i.prvProcessTimerOrBlockTask  timers.o
    0x00002b10   0x00002b10   0x0000006c   Code   RO         2225    i.prvQueryHeapCommand  sample-cli-commands.o
    0x00002b7c   0x00002b7c   0x00000034   Code   RO         1525    i.prvResetNextTaskUnblockTime  tasks.o
    0x00002bb0   0x00002bb0   0x0000005c   Code   RO         2226    i.prvRunTimeStatsCommand  sample-cli-commands.o
    0x00002c0c   0x00002c0c   0x0000002c   Code   RO         1909    i.prvSampleTimeNow  timers.o
    0x00002c38   0x00002c38   0x00000094   Code   RO         1910    i.prvSwitchTimerLists  timers.o
    0x00002ccc   0x00002ccc   0x00000016   Code   RO         1526    i.prvTaskCheckFreeStackSpace  tasks.o
    0x00002ce2   0x00002ce2   0x00000002   PAD
    0x00002ce4   0x00002ce4   0x00000024   Code   RO         2053    i.prvTaskExitError  port.o
    0x00002d08   0x00002d08   0x0000005c   Code   RO         2227    i.prvTaskStatsCommand  sample-cli-commands.o
    0x00002d64   0x00002d64   0x000000c0   Code   RO         2228    i.prvThreeParameterEchoCommand  sample-cli-commands.o
    0x00002e24   0x00002e24   0x0000001a   Code   RO         1911    i.prvTimerTask      timers.o
    0x00002e3e   0x00002e3e   0x000000a4   Code   RO         1116    i.prvUnlockQueue    queue.o
    0x00002ee2   0x00002ee2   0x0000002a   Code   RO         1528    i.prvWriteNameToBuffer  tasks.o
    0x00002f0c   0x00002f0c   0x00000144   Code   RO         2123    i.pvPortMalloc      heap_4.o
    0x00003050   0x00003050   0x00000020   Code   RO         2054    i.pxPortInitialiseStack  port.o
    0x00003070   0x00003070   0x00000002   Code   RO          209    i.rsv1_IRQHandler   sl_niv.o
    0x00003072   0x00003072   0x00000002   PAD
    0x00003074   0x00003074   0x000002d4   Code   RO          573    i.u8GPIO_PWM_Init   bsp_gpio.o
    0x00003348   0x00003348   0x00000028   Code   RO         1071    i.uxListRemove      list.o
    0x00003370   0x00003370   0x000000a8   Code   RO         1533    i.uxTaskGetSystemState  tasks.o
    0x00003418   0x00003418   0x0000005e   Code   RO          574    i.vGPIO_IN_Init     bsp_gpio.o
    0x00003476   0x00003476   0x00000002   PAD
    0x00003478   0x00003478   0x00000080   Code   RO          575    i.vGPIO_OUT_Init    bsp_gpio.o
    0x000034f8   0x000034f8   0x0000001a   Code   RO         1072    i.vListInitialise   list.o
    0x00003512   0x00003512   0x00000006   Code   RO         1073    i.vListInitialiseItem  list.o
    0x00003518   0x00003518   0x00000036   Code   RO         1074    i.vListInsert       list.o
    0x0000354e   0x0000354e   0x00000018   Code   RO         1075    i.vListInsertEnd    list.o
    0x00003566   0x00003566   0x00000002   PAD
    0x00003568   0x00003568   0x0000001c   Code   RO         2056    i.vPortEnterCritical  port.o
    0x00003584   0x00003584   0x00000028   Code   RO         2057    i.vPortExitCritical  port.o
    0x000035ac   0x000035ac   0x00000090   Code   RO         2124    i.vPortFree         heap_4.o
    0x0000363c   0x0000363c   0x0000002c   Code   RO         2058    i.vPortSetupTimerInterrupt  port.o
    0x00003668   0x00003668   0x00000018   Code   RO         2059    i.vPortYield        port.o
    0x00003680   0x00003680   0x0000002c   Code   RO         1122    i.vQueueAddToRegistry  queue.o
    0x000036ac   0x000036ac   0x0000004c   Code   RO         1126    i.vQueueWaitForMessageRestricted  queue.o
    0x000036f8   0x000036f8   0x00000038   Code   RO         2229    i.vRegisterSampleCLICommands  sample-cli-commands.o
    0x00003730   0x00003730   0x00000044   Code   RO         1538    i.vTaskDelay        tasks.o
    0x00003774   0x00003774   0x00000084   Code   RO         1542    i.vTaskGetInfo      tasks.o
    0x000037f8   0x000037f8   0x000000c0   Code   RO         1543    i.vTaskGetRunTimeStats  tasks.o
    0x000038b8   0x000038b8   0x00000018   Code   RO         1544    i.vTaskInternalSetTimeOutState  tasks.o
    0x000038d0   0x000038d0   0x000000d0   Code   RO         1545    i.vTaskList         tasks.o
    0x000039a0   0x000039a0   0x0000000c   Code   RO         1546    i.vTaskMissedYield  tasks.o
    0x000039ac   0x000039ac   0x0000002c   Code   RO         1547    i.vTaskPlaceOnEventList  tasks.o
    0x000039d8   0x000039d8   0x00000034   Code   RO         1548    i.vTaskPlaceOnEventListRestricted  tasks.o
    0x00003a0c   0x00003a0c   0x00000088   Code   RO         1556    i.vTaskStartScheduler  tasks.o
    0x00003a94   0x00003a94   0x00000010   Code   RO         1558    i.vTaskSuspendAll   tasks.o
    0x00003aa4   0x00003aa4   0x000000c0   Code   RO         1559    i.vTaskSwitchContext  tasks.o
    0x00003b64   0x00003b64   0x0000000c   Code   RO         2127    i.xPortGetFreeHeapSize  heap_4.o
    0x00003b70   0x00003b70   0x0000000c   Code   RO         2128    i.xPortGetMinimumEverFreeHeapSize  heap_4.o
    0x00003b7c   0x00003b7c   0x00000038   Code   RO         2060    i.xPortStartScheduler  port.o
    0x00003bb4   0x00003bb4   0x00000084   Code   RO         1131    i.xQueueGenericCreate  queue.o
    0x00003c38   0x00003c38   0x00000082   Code   RO         1132    i.xQueueGenericReset  queue.o
    0x00003cba   0x00003cba   0x0000017e   Code   RO         1133    i.xQueueGenericSend  queue.o
    0x00003e38   0x00003e38   0x000000f4   Code   RO         1134    i.xQueueGenericSendFromISR  queue.o
    0x00003f2c   0x00003f2c   0x00000138   Code   RO         1141    i.xQueueReceive     queue.o
    0x00004064   0x00004064   0x00000078   Code   RO         1561    i.xTaskCheckForTimeOut  tasks.o
    0x000040dc   0x000040dc   0x0000005c   Code   RO         1562    i.xTaskCreate       tasks.o
    0x00004138   0x00004138   0x00000024   Code   RO         1569    i.xTaskGetSchedulerState  tasks.o
    0x0000415c   0x0000415c   0x0000000c   Code   RO         1570    i.xTaskGetTickCount  tasks.o
    0x00004168   0x00004168   0x0000013c   Code   RO         1572    i.xTaskIncrementTick  tasks.o
    0x000042a4   0x000042a4   0x00000088   Code   RO         1573    i.xTaskPriorityDisinherit  tasks.o
    0x0000432c   0x0000432c   0x00000088   Code   RO         1575    i.xTaskRemoveFromEventList  tasks.o
    0x000043b4   0x000043b4   0x000000f0   Code   RO         1576    i.xTaskResumeAll    tasks.o
    0x000044a4   0x000044a4   0x00000048   Code   RO         1919    i.xTimerCreateTimerTask  timers.o
    0x000044ec   0x000044ec   0x00000074   Code   RO         1920    i.xTimerGenericCommand  timers.o
    0x00004560   0x00004560   0x00000010   Data   RO         2183    .constdata          freertos_cli.o
    0x00004570   0x00004570   0x00000050   Data   RO         2230    .constdata          sample-cli-commands.o
    0x000045c0   0x000045c0   0x00000035   Data   RO         2184    .conststring        freertos_cli.o
    0x000045f5   0x000045f5   0x00000003   PAD
    0x000045f8   0x000045f8   0x000002a3   Data   RO         2231    .conststring        sample-cli-commands.o
    0x0000489b   0x0000489b   0x00000001   PAD
    0x0000489c   0x0000489c   0x00000020   Data   RO         4082    Region$$Table       anon$$obj.o


    Execution Region RW_IRAM1 (Exec base: 0x20000000, Load base: 0x000048bc, Size: 0x00006b78, Max: 0x00008000, ABSOLUTE, COMPRESSED[0x00000058])

    Exec Addr    Load Addr    Size         Type   Attr      Idx    E Section Name        Object

    0x20000000   COMPRESSED   0x00000004   Data   RW            5    .data               sl_main.o
    0x20000004   COMPRESSED   0x00000005   Data   RW          210    .data               sl_niv.o
    0x20000009   COMPRESSED   0x00000001   PAD
    0x2000000a   COMPRESSED   0x00000010   Data   RW          442    .data               usertask.o
    0x2000001a   COMPRESSED   0x00000002   PAD
    0x2000001c   COMPRESSED   0x00000048   Data   RW         1579    .data               tasks.o
    0x20000064   COMPRESSED   0x00000014   Data   RW         1926    .data               timers.o
    0x20000078   COMPRESSED   0x00000004   Data   RW         2061    .data               port.o
    0x2000007c   COMPRESSED   0x00000020   Data   RW         2130    .data               heap_4.o
    0x2000009c   COMPRESSED   0x00000014   Data   RW         2185    .data               freertos_cli.o
    0x200000b0   COMPRESSED   0x00000008   Data   RW         2232    .data               sample-cli-commands.o
    0x200000b8   COMPRESSED   0x0000001c   Data   RW         2431    .data               system_sc32f58128.o
    0x200000d4   COMPRESSED   0x00000034   Data   RW         3178    .data               sc32f58128_pwm.o
    0x20000108   COMPRESSED   0x00000018   Data   RW         3275    .data               sc32f58128_spi.o
    0x20000120   COMPRESSED   0x0000000c   Data   RW         3363    .data               sc32f58128_timer.o
    0x2000012c        -       0x000000ac   Zero   RW          798    .bss                bsp_iic.o
    0x200001d8        -       0x00000010   Zero   RW          856    .bss                bsp_spi.o
    0x200001e8        -       0x00000040   Zero   RW         1148    .bss                queue.o
    0x20000228        -       0x000000c8   Zero   RW         1578    .bss                tasks.o
    0x200002f0        -       0x00000028   Zero   RW         1925    .bss                timers.o
    0x20000318        -       0x00006400   Zero   RW         2129    .bss                heap_4.o
    0x20006718        -       0x00000060   Zero   RW         3955    .bss                c_p.l(libspace.o)
    0x20006778        -       0x00000100   Zero   RW         2419    HEAP                startup_sc32f58128.o
    0x20006878        -       0x00000300   Zero   RW         2418    STACK               startup_sc32f58128.o


==============================================================================

Image component sizes


      Code (inc. data)   RO Data    RW Data    ZI Data      Debug   Object Name

       970         50          0          0          0       3598   bsp_gpio.o
         0          0          0          0        172       1120   bsp_iic.o
       572         12          0          0          0       1228   bsp_pwm.o
       216         24          0          0         16       7855   bsp_spi.o
       638         56          0          0          0      19248   devinit.o
         0          0          0          0          0       2372   event_groups.o
       250         14         69         20          0       4602   freertos_cli.o
       720         82          0         32      25600       5096   heap_4.o
       150          0          0          0          0       2974   list.o
       418         58          0          4          0       6419   port.o
      1900          4          0          0         64      15670   queue.o
       708        198        755          8          0       6061   sample-cli-commands.o
       688        104          0          0          0       7138   sc32f58128_gpio.o
       160          6          0          0          0        643   sc32f58128_iic.o
         0          0          0         52          0       3430   sc32f58128_pwm.o
        48          0          0          0          0         76   sc32f58128_qep.o
       556         22          0         24          0       4641   sc32f58128_spi.o
       832         94          0          0          0       4581   sc32f58128_sysclkcfg.o
       256         14          0         12          0       1630   sc32f58128_timer.o
        64         20          0          4          0      93433   sl_main.o
       938         48          0          5          0      13925   sl_niv.o
       156         72        192          0       1024        780   startup_sc32f58128.o
       488         82          0         28          0       1996   system_sc32f58128.o
      3406        462          0         72        200      30805   tasks.o
      1146        108          0         20         40      13311   timers.o
        44         10          0         16          0       1035   usertask.o

    ----------------------------------------------------------------------
     15352       1540       1052        300      27116     253667   Object Totals
         0          0         32          0          0          0   (incl. Generated)
        28          0          4          3          0          0   (incl. Padding)

    ----------------------------------------------------------------------

      Code (inc. data)   RO Data    RW Data    ZI Data      Debug   Library Member Name

        26          0          0          0          0         72   dbgtool.o
        86          0          0          0          0          0   __dczerorl2.o
         8          0          0          0          0         68   __main.o
       108          0          0          0          0         76   __printf.o
         0          0          0          0          0          0   __rtentry.o
        12          0          0          0          0          0   __rtentry2.o
         6          0          0          0          0          0   __rtentry4.o
        60          8          0          0          0          0   __scatter.o
        28          0          0          0          0          0   __scatter_zi.o
        10          0          0          0          0          0   _printf_c.o
        46          0          0          0          0        100   _printf_char.o
        48          6          0          0          0         88   _printf_char_common.o
        10          0          0          0          0          0   _printf_d.o
       108         18          0          0          0         76   _printf_dec.o
       176          0          0          0          0         84   _printf_intcommon.o
         2          0          0          0          0          0   _printf_percent.o
         4          0          0          0          0          0   _printf_percent_end.o
        82          0          0          0          0         72   _printf_str.o
        10          0          0          0          0          0   _printf_u.o
        10          0          0          0          0         60   _sputc.o
        18          0          0          0          0         68   aeabi_memset.o
       346          0          0          0          0         92   aeabi_sdiv.o
        16          0          0          0          0         68   exit.o
         6          0          0          0          0        136   heapauxi.o
         0          0          0          0          0          0   indicate_semi.o
         2          0          0          0          0          0   libinit.o
         2          0          0          0          0          0   libinit2.o
         2          0          0          0          0          0   libshutdown.o
         2          0          0          0          0          0   libshutdown2.o
         8          4          0          0         96         68   libspace.o
       258          0          0          0          0         88   lludiv.o
        40          4          0          0          0         84   noretval__2sprintf.o
        64          0          0          0          0        108   rt_memclr.o
       186          0          0          0          0        144   rt_memcpy.o
         2          0          0          0          0          0   rtexit.o
        10          0          0          0          0          0   rtexit2.o
        40          0          0          0          0         60   rtudiv10.o
        76          6          0          0          0         72   strcpy.o
        68          6          0          0          0         72   strlen.o
        36          0          0          0          0         68   strncat.o
       108          4          0          0          0         76   strncpy.o
        12          4          0          0          0         60   sys_exit.o
        62          0          0          0          0         80   sys_stackheap_outer.o
         2          0          0          0          0         68   use_no_semi.o

    ----------------------------------------------------------------------
      2216         60          0          0         96       2108   Library Totals
        10          0          0          0          0          0   (incl. Padding)

    ----------------------------------------------------------------------

      Code (inc. data)   RO Data    RW Data    ZI Data      Debug   Library Name

        26          0          0          0          0         72   OSC.lib
      2180         60          0          0         96       2036   c_p.l

    ----------------------------------------------------------------------
      2216         60          0          0         96       2108   Library Totals

    ----------------------------------------------------------------------

==============================================================================


      Code (inc. data)   RO Data    RW Data    ZI Data      Debug   

     17568       1600       1052        300      27212     247391   Grand Totals
     17568       1600       1052         88      27212     247391   ELF Image Totals (compressed)
     17568       1600       1052         88          0          0   ROM Totals

==============================================================================

    Total RO  Size (Code + RO Data)                18620 (  18.18kB)
    Total RW  Size (RW Data + ZI Data)             27512 (  26.87kB)
    Total ROM Size (Code + RO Data + RW Data)      18708 (  18.27kB)

==============================================================================

